=== RUN   TestCommandQueue
--- PASS: TestCommandQueue (0.00s)
=== RUN   TestCommandQueueMultiple
--- PASS: TestCommandQueueMultiple (0.00s)
=== RUN   TestCommandQueueResize
--- PASS: TestCommandQueueResize (0.00s)
=== RUN   TestTaskManagerSimple_HarshEnvironment
[90m7:58PM[0m [32mINF[0m [1m[tms] Task manager initialization[0m
[90m7:58PM[0m [32mINF[0m [1m[tms] Task manager started[0m
[90m7:58PM[0m [32mINF[0m [1m[tms] Requeued 0. (0 tasks in queue)[0m
[90m7:58PM[0m DBG [tms|provider1|task0] Task STARTED on server server1
[90m7:58PM[0m DBG [tms|provider2|task6] Task STARTED on server server4
[90m7:58PM[0m DBG [tms|provider1|task985] Task STARTED on server server2
[90m7:58PM[0m DBG [tms|provider3|task367] Task STARTED on server server6
[90m7:58PM[0m DBG [tms|provider2|task986] Task STARTED on server server3
[90m7:58PM[0m DBG [tms|provider4|task988] Task STARTED on server server7
[90m7:58PM[0m DBG [tms|provider3|task987] Task STARTED on server server5
[90m7:58PM[0m DBG [tms|provider5|task369] Task STARTED on server server10
[90m7:58PM[0m DBG [tms|provider5|task999] Task STARTED on server server9
[90m7:58PM[0m DBG [tms|provider5|task989] Task STARTED on server server8
[90m7:58PM[0m [31mERR[0m [1m[tms|provider1|task0] Task FAILED on server server1, took 20.559567ms[0m [36merror=[0m[31m[1m"smt.HandleTask: simulated error [task=task0 provider=provider1 server=server1]"[0m[0m
[90m7:58PM[0m DBG [tms|provider1|task0|server1] retrying (1/3) [36merror=[0m[31m[1m"smt.HandleTask: simulated error [task=task0 provider=provider1 server=server1]"[0m[0m
[90m7:58PM[0m DBG [tms|provider1|task5] Task STARTED on server server1
[90m7:58PM[0m DBG [tms|provider2|task6] Task COMPLETED on server server4, took 26.592885ms
[90m7:58PM[0m DBG [tms|provider2|task996] Task STARTED on server server4
[90m7:58PM[0m DBG [tms|provider3|task367] Task COMPLETED on server server6, took 37.689906ms
[90m7:58PM[0m DBG [tms|provider3|task997] Task STARTED on server server6
[90m7:58PM[0m DBG [tms|provider5|task369] Task COMPLETED on server server10, took 39.801689ms
[90m7:58PM[0m DBG [tms|provider5|task379] Task STARTED on server server10
[90m7:58PM[0m DBG [tms|provider1|task5] Task COMPLETED on server server1, took 25.347423ms
[90m7:58PM[0m DBG [tms|provider1|task995] Task STARTED on server server1
[90m7:58PM[0m DBG [tms|provider1|task985] Task COMPLETED on server server2, took 55.420821ms
[90m7:58PM[0m DBG [tms|provider1|task365] Task STARTED on server server2
[90m7:58PM[0m [31mERR[0m [1m[tms|provider2|task986] Task FAILED on server server3, took 56.449469ms[0m [36merror=[0m[31m[1m"smt.HandleTask: simulated error [task=task986 provider=provider2 server=server3]"[0m[0m
[90m7:58PM[0m DBG [tms|provider2|task986|server3] retrying (1/3) [36merror=[0m[31m[1m"smt.HandleTask: simulated error [task=task986 provider=provider2 server=server3]"[0m[0m
[90m7:58PM[0m DBG [tms|provider2|task366] Task STARTED on server server3
[90m7:58PM[0m DBG [tms|provider3|task987] Task COMPLETED on server server5, took 57.649557ms
[90m7:58PM[0m DBG [tms|provider3|task377] Task STARTED on server server5
[90m7:58PM[0m DBG [tms|provider4|task988] Task COMPLETED on server server7, took 58.737829ms
[90m7:58PM[0m DBG [tms|provider4|task998] Task STARTED on server server7
[90m7:58PM[0m DBG [tms|provider5|task989] Task COMPLETED on server server8, took 59.711969ms
[90m7:58PM[0m DBG [tms|provider5|task9] Task STARTED on server server8
[90m7:58PM[0m DBG [tms|provider5|task999] Task COMPLETED on server server9, took 69.876745ms
[90m7:58PM[0m DBG [tms|provider5|task589] Task STARTED on server server9
[90m7:58PM[0m DBG [tms|provider5|task9] Task COMPLETED on server server8, took 29.27305ms
[90m7:58PM[0m DBG [tms|provider5|task379] Task COMPLETED on server server10, took 49.23629ms
[90m7:58PM[0m DBG [tms|provider5|task899] Task STARTED on server server10
[90m7:58PM[0m DBG [tms|provider5|task279] Task STARTED on server server8
[90m7:58PM[0m DBG [tms|provider1|task365] Task COMPLETED on server server2, took 35.989563ms
[90m7:58PM[0m DBG [tms|provider1|task275] Task STARTED on server server2
[90m7:58PM[0m DBG [tms|provider2|task366] Task COMPLETED on server server3, took 36.081516ms
[90m7:58PM[0m DBG [tms|provider2|task996] Task COMPLETED on server server4, took 66.189186ms
[90m7:58PM[0m DBG [tms|provider2|task276] Task STARTED on server server3
[90m7:58PM[0m DBG [tms|provider2|task986] Task STARTED on server server4
[90m7:58PM[0m DBG [tms|provider3|task997] Task COMPLETED on server server6, took 67.11213ms
[90m7:58PM[0m DBG [tms|provider3|task7] Task STARTED on server server6
[90m7:58PM[0m DBG [tms|provider3|task377] Task COMPLETED on server server5, took 47.149113ms
[90m7:58PM[0m DBG [tms|provider3|task887] Task STARTED on server server5
[90m7:58PM[0m DBG [tms|provider1|task995] Task COMPLETED on server server1, took 66.068949ms
[90m7:58PM[0m DBG [tms|provider1|task905] Task STARTED on server server1
[90m7:58PM[0m DBG [tms|provider4|task998] Task COMPLETED on server server7, took 68.438194ms
[90m7:58PM[0m DBG [tms|provider4|task368] Task STARTED on server server7
[90m7:58PM[0m DBG [tms|provider5|task589] Task COMPLETED on server server9, took 59.130548ms
[90m7:58PM[0m DBG [tms|provider5|task169] Task STARTED on server server9
[90m7:58PM[0m DBG [tms|provider3|task7] Task COMPLETED on server server6, took 27.464729ms
[90m7:58PM[0m DBG [tms|provider3|task57] Task STARTED on server server6
[90m7:58PM[0m DBG [tms|provider1|task275] Task COMPLETED on server server2, took 46.075821ms
[90m7:58PM[0m DBG [tms|provider1|task905] Task COMPLETED on server server1, took 25.63776ms
[90m7:58PM[0m DBG [tms|provider1|task155] Task STARTED on server server2
[90m7:58PM[0m DBG [tms|provider1|task915] Task STARTED on server server1
[90m7:58PM[0m DBG [tms|provider5|task279] Task COMPLETED on server server8, took 49.37221ms
[90m7:58PM[0m DBG [tms|provider5|task849] Task STARTED on server server8
[90m7:58PM[0m DBG [tms|provider2|task276] Task COMPLETED on server server3, took 47.040445ms
[90m7:58PM[0m DBG [tms|provider2|task606] Task STARTED on server server3
[90m7:58PM[0m [31mERR[0m [1m[tms|provider2|task986] Task FAILED on server server4, took 56.08278ms[0m [36merror=[0m[31m[1m"smt.HandleTask: simulated error [task=task986 provider=provider2 server=server4]"[0m[0m
[90m7:58PM[0m DBG [tms|provider2|task986|server4] retrying (2/3) [36merror=[0m[31m[1m"smt.HandleTask: simulated error [task=task986 provider=provider2 server=server4]"[0m[0m
[90m7:58PM[0m DBG [tms|provider2|task156] Task STARTED on server server4
[90m7:58PM[0m DBG [tms|provider5|task899] Task COMPLETED on server server10, took 69.673224ms
[90m7:58PM[0m DBG [tms|provider5|task809] Task STARTED on server server10
[90m7:58PM[0m DBG [tms|provider3|task57] Task COMPLETED on server server6, took 27.601361ms
[90m7:58PM[0m DBG [tms|provider3|task27] Task STARTED on server server6
[90m7:58PM[0m DBG [tms|provider3|task887] Task COMPLETED on server server5, took 57.077735ms
[90m7:58PM[0m DBG [tms|provider3|task87] Task STARTED on server server5
[90m7:58PM[0m DBG [tms|provider1|task155] Task COMPLETED on server server2, took 25.469098ms
[90m7:58PM[0m DBG [tms|provider1|task675] Task STARTED on server server2
[90m7:58PM[0m DBG [tms|provider2|task606] Task COMPLETED on server server3, took 26.467217ms
[90m7:58PM[0m DBG [tms|provider4|task368] Task COMPLETED on server server7, took 39.085906ms
[90m7:58PM[0m DBG [tms|provider2|task586] Task STARTED on server server3
[90m7:58PM[0m DBG [tms|provider4|task378] Task STARTED on server server7
[90m7:58PM[0m DBG [tms|provider5|task169] Task COMPLETED on server server9, took 40.059917ms
[90m7:58PM[0m DBG [tms|provider5|task729] Task STARTED on server server9
[90m7:58PM[0m DBG [tms|provider1|task915] Task COMPLETED on server server1, took 35.814984ms
[90m7:58PM[0m DBG [tms|provider1|task895] Task STARTED on server server1
[90m7:58PM[0m DBG [tms|provider2|task156] Task COMPLETED on server server4, took 26.682498ms
[90m7:58PM[0m DBG [tms|provider2|task986] Task STARTED on server server4
[90m7:58PM[0m DBG [tms|provider5|task809] Task COMPLETED on server server10, took 29.672896ms
[90m7:58PM[0m DBG [tms|provider5|task309] Task STARTED on server server10
[90m7:58PM[0m DBG [tms|provider3|task27] Task COMPLETED on server server6, took 47.776074ms
[90m7:58PM[0m DBG [tms|provider3|task227] Task STARTED on server server6
[90m7:58PM[0m DBG [tms|provider5|task849] Task COMPLETED on server server8, took 69.141756ms
[90m7:58PM[0m DBG [tms|provider5|task19] Task STARTED on server server8
[90m7:58PM[0m DBG [tms|provider1|task675] Task COMPLETED on server server2, took 45.717016ms
[90m7:58PM[0m DBG [tms|provider1|task815] Task STARTED on server server2
[90m7:58PM[0m DBG [tms|provider4|task378] Task COMPLETED on server server7, took 48.70457ms
[90m7:58PM[0m DBG [tms|provider4|task8] Task STARTED on server server7
[90m7:58PM[0m DBG [tms|provider5|task309] Task COMPLETED on server server10, took 29.371565ms
[90m7:58PM[0m DBG [tms|provider5|task769] Task STARTED on server server10
[90m7:58PM[0m DBG [tms|provider5|task729] Task COMPLETED on server server9, took 49.787502ms
[90m7:58PM[0m DBG [tms|provider3|task87] Task COMPLETED on server server5, took 57.07187ms
[90m7:58PM[0m DBG [tms|provider3|task117] Task STARTED on server server5
[90m7:58PM[0m DBG [tms|provider5|task519] Task STARTED on server server9
[90m7:58PM[0m DBG [tms|provider2|task586] Task COMPLETED on server server3, took 57.031941ms
[90m7:58PM[0m DBG [tms|provider2|task786] Task STARTED on server server3
[90m7:58PM[0m [31mERR[0m [1m[tms|provider2|task986] Task FAILED on server server4, took 56.848748ms[0m [36merror=[0m[31m[1m"smt.HandleTask: simulated error [task=task986 provider=provider2 server=server4]"[0m[0m
[90m7:58PM[0m DBG [tms|provider2|task986|server4] retrying (3/3) [36merror=[0m[31m[1m"smt.HandleTask: simulated error [task=task986 provider=provider2 server=server4]"[0m[0m
[90m7:58PM[0m DBG [tms|provider2|task176] Task STARTED on server server4
[90m7:58PM[0m DBG [tms|provider1|task895] Task COMPLETED on server server1, took 66.072608ms
[90m7:58PM[0m DBG [tms|provider1|task795] Task STARTED on server server1
[90m7:58PM[0m DBG [tms|provider4|task8] Task COMPLETED on server server7, took 28.68373ms
[90m7:58PM[0m DBG [tms|provider4|task448] Task STARTED on server server7
[90m7:58PM[0m DBG [tms|provider1|task815] Task COMPLETED on server server2, took 35.859281ms
[90m7:58PM[0m DBG [tms|provider1|task825] Task STARTED on server server2
[90m7:58PM[0m DBG [tms|provider5|task19] Task COMPLETED on server server8, took 40.029547ms
[90m7:58PM[0m DBG [tms|provider5|task749] Task STARTED on server server8
[90m7:58PM[0m DBG [tms|provider3|task227] Task COMPLETED on server server6, took 47.213904ms
[90m7:58PM[0m DBG [tms|provider3|task207] Task STARTED on server server6
[90m7:58PM[0m DBG [tms|provider5|task769] Task COMPLETED on server server10, took 39.101431ms
[90m7:58PM[0m DBG [tms|provider3|task117] Task COMPLETED on server server5, took 38.031024ms
[90m7:58PM[0m DBG [tms|provider5|task489] Task STARTED on server server10
[90m7:58PM[0m DBG [tms|provider3|task757] Task STARTED on server server5
[90m7:58PM[0m DBG [tms|provider5|task519] Task COMPLETED on server server9, took 39.134858ms
[90m7:58PM[0m DBG [tms|provider5|task479] Task STARTED on server server9
[90m7:58PM[0m DBG [tms|provider2|task786] Task COMPLETED on server server3, took 56.155725ms
[90m7:58PM[0m DBG [tms|provider2|task176] Task COMPLETED on server server4, took 46.963018ms
[90m7:58PM[0m DBG [tms|provider2|task306] Task STARTED on server server3
[90m7:58PM[0m DBG [tms|provider2|task986] Task STARTED on server server4
[90m7:58PM[0m DBG [tms|provider3|task207] Task COMPLETED on server server6, took 27.467196ms
[90m7:58PM[0m DBG [tms|provider3|task877] Task STARTED on server server6
[90m7:58PM[0m DBG [tms|provider3|task757] Task COMPLETED on server server5, took 27.539754ms
[90m7:58PM[0m DBG [tms|provider3|task947] Task STARTED on server server5
[90m7:58PM[0m DBG [tms|provider1|task825] Task COMPLETED on server server2, took 45.330339ms
[90m7:58PM[0m DBG [tms|provider1|task855] Task STARTED on server server2
[90m7:58PM[0m DBG [tms|provider1|task795] Task COMPLETED on server server1, took 65.865654ms
[90m7:58PM[0m DBG [tms|provider1|task665] Task STARTED on server server1
[90m7:58PM[0m [31mERR[0m [1m[tms|provider2|task306] Task FAILED on server server3, took 26.259606ms[0m [36merror=[0m[31m[1m"smt.HandleTask: simulated error [task=task306 provider=provider2 server=server3]"[0m[0m
[90m7:58PM[0m DBG [tms|provider2|task306|server3] retrying (1/3) [36merror=[0m[31m[1m"smt.HandleTask: simulated error [task=task306 provider=provider2 server=server3]"[0m[0m
[90m7:58PM[0m DBG [tms|provider2|task536] Task STARTED on server server3
[90m7:58PM[0m DBG [tms|provider5|task479] Task COMPLETED on server server9, took 49.226555ms
[90m7:58PM[0m DBG [tms|provider5|task779] Task STARTED on server server9
[90m7:58PM[0m DBG [tms|provider4|task448] Task COMPLETED on server server7, took 68.093689ms
[90m7:58PM[0m DBG [tms|provider4|task108] Task STARTED on server server7
[90m7:58PM[0m DBG [tms|provider1|task855] Task COMPLETED on server server2, took 25.709345ms
[90m7:58PM[0m DBG [tms|provider1|task95] Task STARTED on server server2
[90m7:58PM[0m DBG [tms|provider5|task489] Task COMPLETED on server server10, took 59.918979ms
[90m7:58PM[0m DBG [tms|provider5|task749] Task COMPLETED on server server8, took 69.317847ms
[90m7:58PM[0m DBG [tms|provider5|task49] Task STARTED on server server8
[90m7:58PM[0m DBG [tms|provider5|task599] Task STARTED on server server10
[90m7:58PM[0m DBG [tms|provider3|task877] Task COMPLETED on server server6, took 47.702281ms
[90m7:58PM[0m DBG [tms|provider3|task527] Task STARTED on server server6
[90m7:58PM[0m [31mERR[0m [1m[tms|provider2|task986] Task FAILED on server server4, took 57.126917ms[0m [36merror=[0m[31m[1m"smt.HandleTask: simulated error [task=task986 provider=provider2 server=server4]"[0m[0m
[90m7:58PM[0m [31mERR[0m [1m[tms|provider2|task986|server4] max retries reached[0m [36merror=[0m[31m[1m"smt.HandleTask: simulated error [task=task986 provider=provider2 server=server4]"[0m[0m
[90m7:58PM[0m DBG [tms|provider2|task816] Task STARTED on server server4
[90m7:58PM[0m DBG [tms|provider4|task108] Task COMPLETED on server server7, took 28.851581ms
[90m7:58PM[0m DBG [tms|provider4|task948] Task STARTED on server server7
[90m7:58PM[0m DBG [tms|provider1|task665] Task COMPLETED on server server1, took 35.288995ms
[90m7:58PM[0m DBG [tms|provider1|task425] Task STARTED on server server1
[90m7:58PM[0m DBG [tms|provider3|task947] Task COMPLETED on server server5, took 68.088637ms
[90m7:58PM[0m DBG [tms|provider3|task707] Task STARTED on server server5
[90m7:58PM[0m DBG [tms|provider5|task779] Task COMPLETED on server server9, took 49.429569ms
[90m7:58PM[0m DBG [tms|provider5|task259] Task STARTED on server server9
[90m7:58PM[0m DBG [tms|provider2|task536] Task COMPLETED on server server3, took 56.412279ms
[90m7:58PM[0m DBG [tms|provider2|task306] Task STARTED on server server3
[90m7:58PM[0m [31mERR[0m [1m[tms|provider2|task816] Task FAILED on server server4, took 36.563667ms[0m [36merror=[0m[31m[1m"smt.HandleTask: simulated error [task=task816 provider=provider2 server=server4]"[0m[0m
[90m7:58PM[0m DBG [tms|provider2|task816|server4] retrying (1/3) [36merror=[0m[31m[1m"smt.HandleTask: simulated error [task=task816 provider=provider2 server=server4]"[0m[0m
[90m7:58PM[0m DBG [tms|provider2|task96] Task STARTED on server server4
[90m7:58PM[0m [31mERR[0m [1m[tms|provider3|task527] Task FAILED on server server6, took 48.111287ms[0m [36merror=[0m[31m[1m"smt.HandleTask: simulated error [task=task527 provider=provider3 server=server6]"[0m[0m
[90m7:58PM[0m DBG [tms|provider3|task527|server6] retrying (1/3) [36merror=[0m[31m[1m"smt.HandleTask: simulated error [task=task527 provider=provider3 server=server6]"[0m[0m
[90m7:58PM[0m DBG [tms|provider3|task667] Task STARTED on server server6
[90m7:58PM[0m DBG [tms|provider3|task707] Task COMPLETED on server server5, took 27.643693ms
[90m7:58PM[0m DBG [tms|provider3|task817] Task STARTED on server server5
[90m7:58PM[0m DBG [tms|provider1|task95] Task COMPLETED on server server2, took 65.946233ms
[90m7:58PM[0m DBG [tms|provider1|task305] Task STARTED on server server2
[90m7:58PM[0m DBG [tms|provider5|task259] Task COMPLETED on server server9, took 29.867446ms
[90m7:58PM[0m DBG [tms|provider5|task49] Task COMPLETED on server server8, took 69.914516ms
[90m7:58PM[0m DBG [tms|provider5|task599] Task COMPLETED on server server10, took 70.021343ms
[90m7:58PM[0m DBG [tms|provider5|task39] Task STARTED on server server9
[90m7:58PM[0m [31mERR[0m [1m[tms|provider1|task425] Task FAILED on server server1, took 46.34733ms[0m [36merror=[0m[31m[1m"smt.HandleTask: simulated error [task=task425 provider=provider1 server=server1]"[0m[0m
[90m7:58PM[0m DBG [tms|provider5|task789] Task STARTED on server server10
[90m7:58PM[0m DBG [tms|provider5|task269] Task STARTED on server server8
[90m7:58PM[0m DBG [tms|provider1|task425|server1] retrying (1/3) [36merror=[0m[31m[1m"smt.HandleTask: simulated error [task=task425 provider=provider1 server=server1]"[0m[0m
[90m7:58PM[0m DBG [tms|provider1|task535] Task STARTED on server server1
[90m7:58PM[0m [31mERR[0m [1m[tms|provider2|task306] Task FAILED on server server3, took 27.178781ms[0m [36merror=[0m[31m[1m"smt.HandleTask: simulated error [task=task306 provider=provider2 server=server3]"[0m[0m
[90m7:58PM[0m DBG [tms|provider2|task306|server3] retrying (2/3) [36merror=[0m[31m[1m"smt.HandleTask: simulated error [task=task306 provider=provider2 server=server3]"[0m[0m
[90m7:58PM[0m DBG [tms|provider2|task76] Task STARTED on server server3
[90m7:58PM[0m DBG [tms|provider1|task305] Task COMPLETED on server server2, took 25.864629ms
[90m7:58PM[0m DBG [tms|provider1|task165] Task STARTED on server server2
[90m7:58PM[0m DBG [tms|provider4|task948] Task COMPLETED on server server7, took 68.19863ms
[90m7:58PM[0m DBG [tms|provider4|task48] Task STARTED on server server7
[90m7:58PM[0m DBG [tms|provider3|task667] Task COMPLETED on server server6, took 37.251811ms
[90m7:58PM[0m DBG [tms|provider3|task527] Task STARTED on server server6
[90m7:58PM[0m DBG [tms|provider3|task817] Task COMPLETED on server server5, took 37.628369ms
[90m7:58PM[0m DBG [tms|provider3|task797] Task STARTED on server server5
[90m7:58PM[0m DBG [tms|provider5|task269] Task COMPLETED on server server8, took 39.844315ms
[90m7:58PM[0m DBG [tms|provider5|task579] Task STARTED on server server8
[90m7:58PM[0m DBG [tms|provider2|task76] Task COMPLETED on server server3, took 46.623975ms
[90m7:58PM[0m DBG [tms|provider2|task816] Task STARTED on server server3
[90m7:58PM[0m DBG [tms|provider2|task96] Task COMPLETED on server server4, took 66.969599ms
[90m7:58PM[0m DBG [tms|provider2|task306] Task STARTED on server server4
[90m7:58PM[0m DBG [tms|provider1|task165] Task COMPLETED on server server2, took 35.646454ms
[90m7:58PM[0m DBG [tms|provider1|task535] Task COMPLETED on server server1, took 56.127899ms
[90m7:58PM[0m DBG [tms|provider1|task425] Task STARTED on server server2
[90m7:58PM[0m DBG [tms|provider1|task75] Task STARTED on server server1
[90m7:58PM[0m DBG [tms|provider5|task789] Task COMPLETED on server server10, took 59.461541ms
[90m7:58PM[0m DBG [tms|provider5|task39] Task COMPLETED on server server9, took 59.556192ms
[90m7:58PM[0m DBG [tms|provider5|task699] Task STARTED on server server10
[90m7:58PM[0m DBG [tms|provider5|task149] Task STARTED on server server9
[90m7:58PM[0m [31mERR[0m [1m[tms|provider3|task527] Task FAILED on server server6, took 47.615608ms[0m [36merror=[0m[31m[1m"smt.HandleTask: simulated error [task=task527 provider=provider3 server=server6]"[0m[0m
[90m7:58PM[0m DBG [tms|provider3|task527|server6] retrying (2/3) [36merror=[0m[31m[1m"smt.HandleTask: simulated error [task=task527 provider=provider3 server=server6]"[0m[0m
[90m7:58PM[0m DBG [tms|provider3|task107] Task STARTED on server server6
[90m7:58PM[0m [31mERR[0m [1m[tms|provider2|task306] Task FAILED on server server4, took 26.389728ms[0m [36merror=[0m[31m[1m"smt.HandleTask: simulated error [task=task306 provider=provider2 server=server4]"[0m[0m
[90m7:58PM[0m DBG [tms|provider2|task306|server4] retrying (3/3) [36merror=[0m[31m[1m"smt.HandleTask: simulated error [task=task306 provider=provider2 server=server4]"[0m[0m
[90m7:58PM[0m DBG [tms|provider2|task126] Task STARTED on server server4
[90m7:58PM[0m [31mERR[0m [1m[tms|provider2|task816] Task FAILED on server server3, took 36.663548ms[0m [36merror=[0m[31m[1m"smt.HandleTask: simulated error [task=task816 provider=provider2 server=server3]"[0m[0m
[90m7:58PM[0m DBG [tms|provider2|task816|server3] retrying (2/3) [36merror=[0m[31m[1m"smt.HandleTask: simulated error [task=task816 provider=provider2 server=server3]"[0m[0m
[90m7:58PM[0m DBG [tms|provider2|task16] Task STARTED on server server3
[90m7:58PM[0m DBG [tms|provider5|task579] Task COMPLETED on server server8, took 50.052304ms
[90m7:58PM[0m DBG [tms|provider5|task409] Task STARTED on server server8
[90m7:58PM[0m DBG [tms|provider4|task48] Task COMPLETED on server server7, took 68.297446ms
[90m7:58PM[0m DBG [tms|provider4|task78] Task STARTED on server server7
[90m7:58PM[0m DBG [tms|provider3|task797] Task COMPLETED on server server5, took 67.920695ms
[90m7:58PM[0m DBG [tms|provider3|task197] Task STARTED on server server5
[90m7:58PM[0m [31mERR[0m [1m[tms|provider1|task425] Task FAILED on server server2, took 45.935575ms[0m [36merror=[0m[31m[1m"smt.HandleTask: simulated error [task=task425 provider=provider1 server=server2]"[0m[0m
[90m7:58PM[0m DBG [tms|provider1|task75] Task COMPLETED on server server1, took 45.885432ms
[90m7:58PM[0m DBG [tms|provider1|task425|server2] retrying (2/3) [36merror=[0m[31m[1m"smt.HandleTask: simulated error [task=task425 provider=provider1 server=server2]"[0m[0m
[90m7:58PM[0m DBG [tms|provider1|task785] Task STARTED on server server2
[90m7:58PM[0m DBG [tms|provider1|task15] Task STARTED on server server1
[90m7:58PM[0m DBG [tms|provider3|task107] Task COMPLETED on server server6, took 27.771472ms
[90m7:58PM[0m DBG [tms|provider3|task527] Task STARTED on server server6
[90m7:58PM[0m DBG [tms|provider5|task409] Task COMPLETED on server server8, took 29.631361ms
[90m7:58PM[0m DBG [tms|provider5|task439] Task STARTED on server server8
[90m7:58PM[0m DBG [tms|provider2|task16] Task COMPLETED on server server3, took 36.829623ms
[90m7:58PM[0m DBG [tms|provider2|task136] Task STARTED on server server3
[90m7:58PM[0m DBG [tms|provider2|task126] Task COMPLETED on server server4, took 47.001356ms
[90m7:58PM[0m DBG [tms|provider2|task816] Task STARTED on server server4
[90m7:58PM[0m DBG [tms|provider5|task149] Task COMPLETED on server server9, took 69.510805ms
[90m7:58PM[0m DBG [tms|provider5|task699] Task COMPLETED on server server10, took 69.550416ms
[90m7:58PM[0m DBG [tms|provider5|task539] Task STARTED on server server9
[90m7:58PM[0m DBG [tms|provider5|task669] Task STARTED on server server10
[90m7:58PM[0m DBG [tms|provider4|task78] Task COMPLETED on server server7, took 48.129344ms
[90m7:58PM[0m DBG [tms|provider1|task15] Task COMPLETED on server server1, took 35.803471ms
[90m7:58PM[0m DBG [tms|provider4|task828] Task STARTED on server server7
[90m7:58PM[0m DBG [tms|provider1|task175] Task STARTED on server server1
[90m7:58PM[0m [31mERR[0m [1m[tms|provider3|task527] Task FAILED on server server6, took 47.786837ms[0m [36merror=[0m[31m[1m"smt.HandleTask: simulated error [task=task527 provider=provider3 server=server6]"[0m[0m
[90m7:58PM[0m DBG [tms|provider3|task527|server6] retrying (3/3) [36merror=[0m[31m[1m"smt.HandleTask: simulated error [task=task527 provider=provider3 server=server6]"[0m[0m
[90m7:58PM[0m DBG [tms|provider3|task687] Task STARTED on server server6
[90m7:58PM[0m DBG [tms|provider1|task785] Task COMPLETED on server server2, took 55.046766ms
[90m7:58PM[0m DBG [tms|provider1|task235] Task STARTED on server server2
[90m7:58PM[0m [31mERR[0m [1m[tms|provider2|task816] Task FAILED on server server4, took 36.604864ms[0m [36merror=[0m[31m[1m"smt.HandleTask: simulated error [task=task816 provider=provider2 server=server4]"[0m[0m
[90m7:58PM[0m DBG [tms|provider2|task816|server4] retrying (3/3) [36merror=[0m[31m[1m"smt.HandleTask: simulated error [task=task816 provider=provider2 server=server4]"[0m[0m
[90m7:58PM[0m DBG [tms|provider2|task116] Task STARTED on server server4
[90m7:58PM[0m DBG [tms|provider3|task197] Task COMPLETED on server server5, took 67.535455ms
[90m7:58PM[0m DBG [tms|provider3|task267] Task STARTED on server server5
[90m7:58PM[0m DBG [tms|provider5|task669] Task COMPLETED on server server10, took 39.733833ms
[90m7:58PM[0m DBG [tms|provider5|task929] Task STARTED on server server10
[90m7:58PM[0m DBG [tms|provider5|task439] Task COMPLETED on server server8, took 60.146345ms
[90m7:58PM[0m [31mERR[0m [1m[tms|provider2|task136] Task FAILED on server server3, took 57.059742ms[0m [36merror=[0m[31m[1m"smt.HandleTask: simulated error [task=task136 provider=provider2 server=server3]"[0m[0m
[90m7:58PM[0m DBG [tms|provider5|task619] Task STARTED on server server8
[90m7:58PM[0m DBG [tms|provider2|task136|server3] retrying (1/3) [36merror=[0m[31m[1m"smt.HandleTask: simulated error [task=task136 provider=provider2 server=server3]"[0m[0m
[90m7:58PM[0m DBG [tms|provider2|task666] Task STARTED on server server3
[90m7:58PM[0m DBG [tms|provider1|task175] Task COMPLETED on server server1, took 45.833293ms
[90m7:58PM[0m DBG [tms|provider1|task485] Task STARTED on server server1
[90m7:58PM[0m DBG [tms|provider4|task828] Task COMPLETED on server server7, took 49.036444ms
[90m7:58PM[0m DBG [tms|provider4|task798] Task STARTED on server server7
[90m7:58PM[0m DBG [tms|provider5|task539] Task COMPLETED on server server9, took 59.26914ms
[90m7:58PM[0m DBG [tms|provider5|task719] Task STARTED on server server9
[90m7:58PM[0m DBG [tms|provider2|task116] Task COMPLETED on server server4, took 36.876731ms
[90m7:58PM[0m DBG [tms|provider2|task816] Task STARTED on server server4
[90m7:58PM[0m DBG [tms|provider3|task267] Task COMPLETED on server server5, took 37.760482ms
[90m7:58PM[0m DBG [tms|provider3|task527] Task STARTED on server server5
[90m7:58PM[0m DBG [tms|provider3|task687] Task COMPLETED on server server6, took 57.314453ms
[90m7:58PM[0m DBG [tms|provider3|task807] Task STARTED on server server6
[90m7:58PM[0m DBG [tms|provider1|task235] Task COMPLETED on server server2, took 55.362633ms
[90m7:58PM[0m DBG [tms|provider1|task745] Task STARTED on server server2
[90m7:58PM[0m DBG [tms|provider2|task666] Task COMPLETED on server server3, took 36.983332ms
[90m7:58PM[0m DBG [tms|provider2|task136] Task STARTED on server server3
[90m7:58PM[0m DBG [tms|provider5|task929] Task COMPLETED on server server10, took 49.240532ms
[90m7:58PM[0m DBG [tms|provider5|task289] Task STARTED on server server10
[90m7:58PM[0m DBG [tms|provider5|task619] Task COMPLETED on server server8, took 39.230296ms
[90m7:58PM[0m DBG [tms|provider5|task179] Task STARTED on server server8
[90m7:58PM[0m DBG [tms|provider5|task719] Task COMPLETED on server server9, took 40.008577ms
[90m7:58PM[0m DBG [tms|provider5|task939] Task STARTED on server server9
[90m7:58PM[0m [31mERR[0m [1m[tms|provider2|task816] Task FAILED on server server4, took 37.136142ms[0m [36merror=[0m[31m[1m"smt.HandleTask: simulated error [task=task816 provider=provider2 server=server4]"[0m[0m
[90m7:58PM[0m [31mERR[0m [1m[tms|provider2|task816|server4] max retries reached[0m [36merror=[0m[31m[1m"smt.HandleTask: simulated error [task=task816 provider=provider2 server=server4]"[0m[0m
[90m7:58PM[0m DBG [tms|provider2|task746] Task STARTED on server server4
[90m7:58PM[0m DBG [tms|provider3|task807] Task COMPLETED on server server6, took 27.224267ms
[90m7:58PM[0m DBG [tms|provider3|task447] Task STARTED on server server6
[90m7:58PM[0m DBG [tms|provider1|task485] Task COMPLETED on server server1, took 55.709936ms
[90m7:58PM[0m DBG [tms|provider1|task955] Task STARTED on server server1
[90m7:58PM[0m [31mERR[0m [1m[tms|provider3|task527] Task FAILED on server server5, took 47.395613ms[0m [36merror=[0m[31m[1m"smt.HandleTask: simulated error [task=task527 provider=provider3 server=server5]"[0m[0m
[90m7:58PM[0m [31mERR[0m [1m[tms|provider3|task527|server5] max retries reached[0m [36merror=[0m[31m[1m"smt.HandleTask: simulated error [task=task527 provider=provider3 server=server5]"[0m[0m
[90m7:58PM[0m DBG [tms|provider3|task547] Task STARTED on server server5
[90m7:58PM[0m DBG [tms|provider4|task798] Task COMPLETED on server server7, took 68.987551ms
[90m7:58PM[0m DBG [tms|provider4|task758] Task STARTED on server server7
[90m7:58PM[0m DBG [tms|provider1|task955] Task COMPLETED on server server1, took 25.428328ms
[90m7:58PM[0m DBG [tms|provider1|task125] Task STARTED on server server1
[90m7:58PM[0m DBG [tms|provider5|task179] Task COMPLETED on server server8, took 49.338322ms
[90m7:58PM[0m DBG [tms|provider5|task649] Task STARTED on server server8
[90m7:58PM[0m [31mERR[0m [1m[tms|provider2|task136] Task FAILED on server server3, took 56.589284ms[0m [36merror=[0m[31m[1m"smt.HandleTask: simulated error [task=task136 provider=provider2 server=server3]"[0m[0m
[90m7:58PM[0m DBG [tms|provider2|task136|server3] retrying (2/3) [36merror=[0m[31m[1m"smt.HandleTask: simulated error [task=task136 provider=provider2 server=server3]"[0m[0m
[90m7:58PM[0m DBG [tms|provider2|task246] Task STARTED on server server3
[90m7:58PM[0m [31mERR[0m [1m[tms|provider5|task289] Task FAILED on server server10, took 59.716356ms[0m [36merror=[0m[31m[1m"smt.HandleTask: simulated error [task=task289 provider=provider5 server=server10]"[0m[0m
[90m7:58PM[0m DBG [tms|provider5|task289|server10] retrying (1/3) [36merror=[0m[31m[1m"smt.HandleTask: simulated error [task=task289 provider=provider5 server=server10]"[0m[0m
[90m7:58PM[0m DBG [tms|provider1|task745] Task COMPLETED on server server2, took 65.095993ms
[90m7:58PM[0m DBG [tms|provider5|task959] Task STARTED on server server10
[90m7:58PM[0m DBG [tms|provider1|task285] Task STARTED on server server2
[90m7:58PM[0m DBG [tms|provider4|task758] Task COMPLETED on server server7, took 28.711093ms
[90m7:58PM[0m DBG [tms|provider4|task558] Task STARTED on server server7
[90m7:58PM[0m DBG [tms|provider5|task939] Task COMPLETED on server server9, took 59.952626ms
[90m7:58PM[0m DBG [tms|provider5|task239] Task STARTED on server server9
[90m7:58PM[0m DBG [tms|provider2|task746] Task COMPLETED on server server4, took 66.501808ms
[90m7:58PM[0m DBG [tms|provider2|task86] Task STARTED on server server4
[90m7:58PM[0m DBG [tms|provider3|task447] Task COMPLETED on server server6, took 67.347615ms
[90m7:58PM[0m DBG [tms|provider3|task417] Task STARTED on server server6
[90m7:58PM[0m DBG [tms|provider5|task959] Task COMPLETED on server server10, took 29.806205ms
[90m7:58PM[0m DBG [tms|provider5|task869] Task STARTED on server server10
[90m7:58PM[0m DBG [tms|provider1|task125] Task COMPLETED on server server1, took 46.154164ms
[90m7:58PM[0m DBG [tms|provider1|task735] Task STARTED on server server1
[90m7:58PM[0m DBG [tms|provider4|task558] Task COMPLETED on server server7, took 28.989614ms
[90m7:58PM[0m DBG [tms|provider4|task198] Task STARTED on server server7
[90m7:58PM[0m DBG [tms|provider3|task547] Task COMPLETED on server server5, took 68.110451ms
[90m7:58PM[0m DBG [tms|provider3|task257] Task STARTED on server server5
[90m7:58PM[0m DBG [tms|provider1|task285] Task COMPLETED on server server2, took 55.424699ms
[90m7:58PM[0m DBG [tms|provider1|task135] Task STARTED on server server2
[90m7:58PM[0m DBG [tms|provider5|task649] Task COMPLETED on server server8, took 69.888039ms
[90m7:58PM[0m DBG [tms|provider5|task79] Task STARTED on server server8
[90m7:58PM[0m DBG [tms|provider2|task246] Task COMPLETED on server server3, took 66.94552ms
[90m7:58PM[0m DBG [tms|provider2|task136] Task STARTED on server server3
[90m7:58PM[0m DBG [tms|provider3|task417] Task COMPLETED on server server6, took 37.100637ms
[90m7:58PM[0m DBG [tms|provider3|task747] Task STARTED on server server6
[90m7:58PM[0m DBG [tms|provider5|task869] Task COMPLETED on server server10, took 40.097336ms
[90m7:58PM[0m DBG [tms|provider5|task239] Task COMPLETED on server server9, took 59.657225ms
[90m7:58PM[0m DBG [tms|provider5|task659] Task STARTED on server server10
[90m7:58PM[0m DBG [tms|provider5|task319] Task STARTED on server server9
[90m7:58PM[0m DBG [tms|provider3|task257] Task COMPLETED on server server5, took 27.563922ms
[90m7:58PM[0m DBG [tms|provider3|task287] Task STARTED on server server5
[90m7:58PM[0m DBG [tms|provider2|task86] Task COMPLETED on server server4, took 56.554843ms
[90m7:58PM[0m DBG [tms|provider2|task796] Task STARTED on server server4
[90m7:58PM[0m DBG [tms|provider1|task735] Task COMPLETED on server server1, took 55.392521ms
[90m7:58PM[0m DBG [tms|provider1|task255] Task STARTED on server server1
[90m7:58PM[0m DBG [tms|provider5|task659] Task COMPLETED on server server10, took 29.451439ms
[90m7:58PM[0m DBG [tms|provider5|task29] Task STARTED on server server10
[90m7:58PM[0m DBG [tms|provider4|task198] Task COMPLETED on server server7, took 68.429102ms
[90m7:58PM[0m DBG [tms|provider4|task268] Task STARTED on server server7
[90m7:58PM[0m DBG [tms|provider5|task79] Task COMPLETED on server server8, took 49.089065ms
[90m7:58PM[0m DBG [tms|provider5|task319] Task COMPLETED on server server9, took 39.686632ms
[90m7:58PM[0m DBG [tms|provider5|task129] Task STARTED on server server8
[90m7:58PM[0m DBG [tms|provider5|task389] Task STARTED on server server9
[90m7:58PM[0m DBG [tms|provider1|task135] Task COMPLETED on server server2, took 55.282715ms
[90m7:58PM[0m DBG [tms|provider1|task195] Task STARTED on server server2
[90m7:58PM[0m [31mERR[0m [1m[tms|provider1|task255] Task FAILED on server server1, took 25.621183ms[0m [36merror=[0m[31m[1m"smt.HandleTask: simulated error [task=task255 provider=provider1 server=server1]"[0m[0m
[90m7:58PM[0m DBG [tms|provider1|task255|server1] retrying (1/3) [36merror=[0m[31m[1m"smt.HandleTask: simulated error [task=task255 provider=provider1 server=server1]"[0m[0m
[90m7:58PM[0m DBG [tms|provider1|task405] Task STARTED on server server1
[90m7:58PM[0m [31mERR[0m [1m[tms|provider2|task136] Task FAILED on server server3, took 56.358101ms[0m [36merror=[0m[31m[1m"smt.HandleTask: simulated error [task=task136 provider=provider2 server=server3]"[0m[0m
[90m7:58PM[0m DBG [tms|provider2|task136|server3] retrying (3/3) [36merror=[0m[31m[1m"smt.HandleTask: simulated error [task=task136 provider=provider2 server=server3]"[0m[0m
[90m7:58PM[0m DBG [tms|provider2|task256] Task STARTED on server server3
[90m7:58PM[0m DBG [tms|provider3|task287] Task COMPLETED on server server5, took 57.095082ms
[90m7:58PM[0m DBG [tms|provider3|task147] Task STARTED on server server5
[90m7:58PM[0m DBG [tms|provider3|task747] Task COMPLETED on server server6, took 67.585977ms
[90m7:58PM[0m DBG [tms|provider3|task517] Task STARTED on server server6
[90m7:58PM[0m DBG [tms|provider1|task405] Task COMPLETED on server server1, took 25.488871ms
[90m7:58PM[0m DBG [tms|provider1|task265] Task STARTED on server server1
[90m7:58PM[0m DBG [tms|provider4|task268] Task COMPLETED on server server7, took 38.958845ms
[90m7:58PM[0m DBG [tms|provider4|task598] Task STARTED on server server7
[90m7:58PM[0m DBG [tms|provider2|task256] Task COMPLETED on server server3, took 26.717357ms
[90m7:58PM[0m DBG [tms|provider2|task196] Task STARTED on server server3
[90m7:58PM[0m DBG [tms|provider5|task29] Task COMPLETED on server server10, took 49.516499ms
[90m7:58PM[0m DBG [tms|provider5|task979] Task STARTED on server server10
[90m7:58PM[0m DBG [tms|provider2|task796] Task COMPLETED on server server4, took 66.853825ms
[90m7:58PM[0m DBG [tms|provider2|task406] Task STARTED on server server4
[90m7:58PM[0m DBG [tms|provider5|task129] Task COMPLETED on server server8, took 49.503529ms
[90m7:58PM[0m DBG [tms|provider5|task289] Task STARTED on server server8
[90m7:58PM[0m DBG [tms|provider5|task389] Task COMPLETED on server server9, took 59.645096ms
[90m7:58PM[0m DBG [tms|provider5|task329] Task STARTED on server server9
[90m7:58PM[0m DBG [tms|provider3|task517] Task COMPLETED on server server6, took 37.232808ms
[90m7:58PM[0m DBG [tms|provider3|task717] Task STARTED on server server6
[90m7:58PM[0m DBG [tms|provider1|task265] Task COMPLETED on server server1, took 35.991658ms
[90m7:58PM[0m DBG [tms|provider2|task406] Task COMPLETED on server server4, took 26.49071ms
[90m7:58PM[0m DBG [tms|provider1|task195] Task COMPLETED on server server2, took 65.815489ms
[90m7:58PM[0m DBG [tms|provider1|task255] Task STARTED on server server1
[90m7:58PM[0m DBG [tms|provider1|task805] Task STARTED on server server2
[90m7:58PM[0m DBG [tms|provider2|task66] Task STARTED on server server4
[90m7:58PM[0m DBG [tms|provider3|task147] Task COMPLETED on server server5, took 67.552086ms
[90m7:58PM[0m DBG [tms|provider3|task977] Task STARTED on server server5
[90m7:58PM[0m DBG [tms|provider5|task979] Task COMPLETED on server server10, took 50.020953ms
[90m7:58PM[0m DBG [tms|provider5|task969] Task STARTED on server server10
[90m7:58PM[0m [31mERR[0m [1m[tms|provider1|task255] Task FAILED on server server1, took 25.468574ms[0m [36merror=[0m[31m[1m"smt.HandleTask: simulated error [task=task255 provider=provider1 server=server1]"[0m[0m
[90m7:58PM[0m DBG [tms|provider1|task255|server1] retrying (2/3) [36merror=[0m[31m[1m"smt.HandleTask: simulated error [task=task255 provider=provider1 server=server1]"[0m[0m
[90m7:58PM[0m DBG [tms|provider1|task575] Task STARTED on server server1
[90m7:58PM[0m DBG [tms|provider1|task805] Task COMPLETED on server server2, took 25.456251ms
[90m7:58PM[0m DBG [tms|provider1|task515] Task STARTED on server server2
[90m7:58PM[0m DBG [tms|provider3|task717] Task COMPLETED on server server6, took 37.71501ms
[90m7:58PM[0m DBG [tms|provider3|task557] Task STARTED on server server6
[90m7:58PM[0m DBG [tms|provider4|task598] Task COMPLETED on server server7, took 69.13396ms
[90m7:58PM[0m DBG [tms|provider2|task196] Task COMPLETED on server server3, took 66.868237ms
[90m7:58PM[0m DBG [tms|provider2|task66] Task COMPLETED on server server4, took 36.160789ms
[90m7:58PM[0m DBG [tms|provider4|task808] Task STARTED on server server7
[90m7:58PM[0m DBG [tms|provider2|task286] Task STARTED on server server3
[90m7:58PM[0m DBG [tms|provider2|task336] Task STARTED on server server4
[90m7:58PM[0m DBG [tms|provider5|task329] Task COMPLETED on server server9, took 49.491358ms
[90m7:58PM[0m [31mERR[0m [1m[tms|provider5|task289] Task FAILED on server server8, took 59.874454ms[0m [36merror=[0m[31m[1m"smt.HandleTask: simulated error [task=task289 provider=provider5 server=server8]"[0m[0m
[90m7:58PM[0m DBG [tms|provider5|task339] Task STARTED on server server9
[90m7:58PM[0m DBG [tms|provider5|task289|server8] retrying (2/3) [36merror=[0m[31m[1m"smt.HandleTask: simulated error [task=task289 provider=provider5 server=server8]"[0m[0m
[90m7:58PM[0m DBG [tms|provider5|task139] Task STARTED on server server8
[90m7:58PM[0m DBG [tms|provider3|task557] Task COMPLETED on server server6, took 27.614458ms
[90m7:58PM[0m DBG [tms|provider3|task487] Task STARTED on server server6
[90m7:58PM[0m DBG [tms|provider1|task515] Task COMPLETED on server server2, took 36.11021ms
[90m7:58PM[0m [31mERR[0m [1m[tms|provider5|task969] Task FAILED on server server10, took 39.37708ms[0m [36merror=[0m[31m[1m"smt.HandleTask: simulated error [task=task969 provider=provider5 server=server10]"[0m[0m
[90m7:58PM[0m DBG [tms|provider1|task255] Task STARTED on server server2
[90m7:58PM[0m DBG [tms|provider5|task969|server10] retrying (1/3) [36merror=[0m[31m[1m"smt.HandleTask: simulated error [task=task969 provider=provider5 server=server10]"[0m[0m
[90m7:58PM[0m DBG [tms|provider5|task419] Task STARTED on server server10
[90m7:58PM[0m DBG [tms|provider4|task808] Task COMPLETED on server server7, took 28.753884ms
[90m7:58PM[0m DBG [tms|provider4|task668] Task STARTED on server server7
[90m7:58PM[0m DBG [tms|provider3|task977] Task COMPLETED on server server5, took 47.963013ms
[90m7:58PM[0m DBG [tms|provider3|task497] Task STARTED on server server5
[90m7:58PM[0m DBG [tms|provider1|task575] Task COMPLETED on server server1, took 45.820887ms
[90m7:58PM[0m DBG [tms|provider1|task715] Task STARTED on server server1
[90m7:58PM[0m [31mERR[0m [1m[tms|provider1|task255] Task FAILED on server server2, took 25.587908ms[0m [36merror=[0m[31m[1m"smt.HandleTask: simulated error [task=task255 provider=provider1 server=server2]"[0m[0m
[90m7:58PM[0m DBG [tms|provider1|task255|server2] retrying (3/3) [36merror=[0m[31m[1m"smt.HandleTask: simulated error [task=task255 provider=provider1 server=server2]"[0m[0m
[90m7:58PM[0m DBG [tms|provider1|task605] Task STARTED on server server2
[90m7:58PM[0m DBG [tms|provider2|task336] Task COMPLETED on server server4, took 56.456988ms
[90m7:58PM[0m DBG [tms|provider2|task266] Task STARTED on server server4
[90m7:58PM[0m DBG [tms|provider2|task286] Task COMPLETED on server server3, took 56.493864ms
[90m7:58PM[0m DBG [tms|provider2|task806] Task STARTED on server server3
[90m7:58PM[0m DBG [tms|provider5|task139] Task COMPLETED on server server8, took 59.270147ms
[90m7:58PM[0m DBG [tms|provider5|task339] Task COMPLETED on server server9, took 59.507934ms
[90m7:58PM[0m DBG [tms|provider5|task419] Task COMPLETED on server server10, took 39.870559ms
[90m7:58PM[0m DBG [tms|provider5|task639] Task STARTED on server server8
[90m7:58PM[0m DBG [tms|provider5|task289] Task STARTED on server server9
[90m7:58PM[0m DBG [tms|provider5|task969] Task STARTED on server server10
[90m7:58PM[0m DBG [tms|provider4|task668] Task COMPLETED on server server7, took 39.083405ms
[90m7:58PM[0m DBG [tms|provider4|task258] Task STARTED on server server7
[90m7:58PM[0m DBG [tms|provider1|task715] Task COMPLETED on server server1, took 35.880178ms
[90m7:58PM[0m DBG [tms|provider1|task505] Task STARTED on server server1
[90m7:58PM[0m DBG [tms|provider1|task605] Task COMPLETED on server server2, took 25.901283ms
[90m7:58PM[0m DBG [tms|provider1|task85] Task STARTED on server server2
[90m7:58PM[0m DBG [tms|provider3|task487] Task COMPLETED on server server6, took 58.121794ms
[90m7:58PM[0m DBG [tms|provider3|task467] Task STARTED on server server6
[90m7:58PM[0m DBG [tms|provider2|task806] Task COMPLETED on server server3, took 26.943113ms
[90m7:58PM[0m DBG [tms|provider2|task226] Task STARTED on server server3
[90m7:58PM[0m DBG [tms|provider2|task266] Task COMPLETED on server server4, took 36.229129ms
[90m7:58PM[0m DBG [tms|provider2|task886] Task STARTED on server server4
[90m7:58PM[0m DBG [tms|provider4|task258] Task COMPLETED on server server7, took 28.946224ms
[90m7:58PM[0m DBG [tms|provider1|task505] Task COMPLETED on server server1, took 25.618146ms
[90m7:58PM[0m DBG [tms|provider4|task498] Task STARTED on server server7
[90m7:58PM[0m DBG [tms|provider1|task65] Task STARTED on server server1
[90m7:58PM[0m DBG [tms|provider3|task497] Task COMPLETED on server server5, took 68.004342ms
[90m7:58PM[0m DBG [tms|provider3|task407] Task STARTED on server server5
[90m7:58PM[0m [31mERR[0m [1m[tms|provider5|task969] Task FAILED on server server10, took 39.264446ms[0m [36merror=[0m[31m[1m"smt.HandleTask: simulated error [task=task969 provider=provider5 server=server10]"[0m[0m
[90m7:58PM[0m DBG [tms|provider5|task969|server10] retrying (2/3) [36merror=[0m[31m[1m"smt.HandleTask: simulated error [task=task969 provider=provider5 server=server10]"[0m[0m
[90m7:58PM[0m DBG [tms|provider5|task569] Task STARTED on server server10
[90m7:58PM[0m DBG [tms|provider3|task467] Task COMPLETED on server server6, took 37.641655ms
[90m7:58PM[0m DBG [tms|provider3|task647] Task STARTED on server server6
[90m7:58PM[0m DBG [tms|provider5|task639] Task COMPLETED on server server8, took 59.707411ms
[90m7:58PM[0m [31mERR[0m [1m[tms|provider5|task289] Task FAILED on server server9, took 59.625248ms[0m [36merror=[0m[31m[1m"smt.HandleTask: simulated error [task=task289 provider=provider5 server=server9]"[0m[0m
[90m7:58PM[0m DBG [tms|provider5|task99] Task STARTED on server server8
[90m7:58PM[0m DBG [tms|provider5|task289|server9] retrying (3/3) [36merror=[0m[31m[1m"smt.HandleTask: simulated error [task=task289 provider=provider5 server=server9]"[0m[0m
[90m7:58PM[0m DBG [tms|provider5|task349] Task STARTED on server server9
[90m7:58PM[0m DBG [tms|provider3|task407] Task COMPLETED on server server5, took 27.490897ms
[90m7:58PM[0m DBG [tms|provider3|task617] Task STARTED on server server5
[90m7:58PM[0m DBG [tms|provider2|task226] Task COMPLETED on server server3, took 47.012604ms
[90m7:58PM[0m DBG [tms|provider2|task206] Task STARTED on server server3
[90m7:58PM[0m DBG [tms|provider1|task65] Task COMPLETED on server server1, took 35.9138ms
[90m7:58PM[0m [31mERR[0m [1m[tms|provider1|task85] Task FAILED on server server2, took 55.393761ms[0m [36merror=[0m[31m[1m"smt.HandleTask: simulated error [task=task85 provider=provider1 server=server2]"[0m[0m
[90m7:58PM[0m DBG [tms|provider1|task85|server2] retrying (1/3) [36merror=[0m[31m[1m"smt.HandleTask: simulated error [task=task85 provider=provider1 server=server2]"[0m[0m
[90m7:58PM[0m DBG [tms|provider1|task615] Task STARTED on server server1
[90m7:58PM[0m DBG [tms|provider1|task755] Task STARTED on server server2
[90m7:58PM[0m DBG [tms|provider5|task569] Task COMPLETED on server server10, took 39.803282ms
[90m7:58PM[0m DBG [tms|provider5|task969] Task STARTED on server server10
[90m7:58PM[0m DBG [tms|provider2|task886] Task COMPLETED on server server4, took 56.321689ms
[90m7:58PM[0m DBG [tms|provider2|task516] Task STARTED on server server4
[90m7:58PM[0m DBG [tms|provider2|task206] Task COMPLETED on server server3, took 26.454277ms
[90m7:58PM[0m DBG [tms|provider2|task716] Task STARTED on server server3
[90m7:58PM[0m DBG [tms|provider1|task755] Task COMPLETED on server server2, took 25.414271ms
[90m7:58PM[0m DBG [tms|provider1|task255] Task STARTED on server server2
[90m7:58PM[0m DBG [tms|provider3|task617] Task COMPLETED on server server5, took 37.81049ms
[90m7:58PM[0m DBG [tms|provider3|task457] Task STARTED on server server5
[90m7:58PM[0m DBG [tms|provider4|task498] Task COMPLETED on server server7, took 68.641743ms
[90m7:58PM[0m DBG [tms|provider4|task458] Task STARTED on server server7
[90m7:58PM[0m DBG [tms|provider1|task615] Task COMPLETED on server server1, took 35.753324ms
[90m7:58PM[0m DBG [tms|provider1|task225] Task STARTED on server server1
[90m7:58PM[0m [31mERR[0m [1m[tms|provider1|task255] Task FAILED on server server2, took 25.221541ms[0m [36merror=[0m[31m[1m"smt.HandleTask: simulated error [task=task255 provider=provider1 server=server2]"[0m[0m
[90m7:58PM[0m [31mERR[0m [1m[tms|provider1|task255|server2] max retries reached[0m [36merror=[0m[31m[1m"smt.HandleTask: simulated error [task=task255 provider=provider1 server=server2]"[0m[0m
[90m7:58PM[0m DBG [tms|provider1|task85] Task STARTED on server server2
[90m7:58PM[0m [31mERR[0m [1m[tms|provider5|task969] Task FAILED on server server10, took 39.758697ms[0m [36merror=[0m[31m[1m"smt.HandleTask: simulated error [task=task969 provider=provider5 server=server10]"[0m[0m
[90m7:58PM[0m DBG [tms|provider5|task969|server10] retrying (3/3) [36merror=[0m[31m[1m"smt.HandleTask: simulated error [task=task969 provider=provider5 server=server10]"[0m[0m
[90m7:58PM[0m DBG [tms|provider5|task889] Task STARTED on server server10
[90m7:58PM[0m DBG [tms|provider2|task516] Task COMPLETED on server server4, took 36.701088ms
[90m7:58PM[0m DBG [tms|provider3|task647] Task COMPLETED on server server6, took 67.589861ms
[90m7:58PM[0m DBG [tms|provider2|task236] Task STARTED on server server4
[90m7:58PM[0m DBG [tms|provider3|task907] Task STARTED on server server6
[90m7:58PM[0m DBG [tms|provider3|task457] Task COMPLETED on server server5, took 27.54446ms
[90m7:58PM[0m DBG [tms|provider3|task37] Task STARTED on server server5
[90m7:58PM[0m DBG [tms|provider2|task716] Task COMPLETED on server server3, took 36.803953ms
[90m7:58PM[0m DBG [tms|provider4|task458] Task COMPLETED on server server7, took 28.619192ms
[90m7:58PM[0m DBG [tms|provider2|task616] Task STARTED on server server3
[90m7:58PM[0m DBG [tms|provider4|task908] Task STARTED on server server7
[90m7:58PM[0m DBG [tms|provider5|task99] Task COMPLETED on server server8, took 69.754788ms
[90m7:58PM[0m DBG [tms|provider5|task349] Task COMPLETED on server server9, took 69.61097ms
[90m7:58PM[0m DBG [tms|provider5|task289] Task STARTED on server server8
[90m7:58PM[0m DBG [tms|provider5|task69] Task STARTED on server server9
[90m7:58PM[0m DBG [tms|provider3|task907] Task COMPLETED on server server6, took 27.512259ms
[90m7:58PM[0m DBG [tms|provider3|task847] Task STARTED on server server6
[90m7:58PM[0m DBG [tms|provider1|task225] Task COMPLETED on server server1, took 45.859272ms
[90m7:58PM[0m DBG [tms|provider1|task495] Task STARTED on server server1
[90m7:58PM[0m DBG [tms|provider4|task908] Task COMPLETED on server server7, took 28.391492ms
[90m7:58PM[0m DBG [tms|provider4|task468] Task STARTED on server server7
[90m7:58PM[0m DBG [tms|provider2|task616] Task COMPLETED on server server3, took 36.549622ms
[90m7:58PM[0m DBG [tms|provider2|task706] Task STARTED on server server3
[90m7:58PM[0m DBG [tms|provider5|task69] Task COMPLETED on server server9, took 39.543046ms
[90m7:58PM[0m DBG [tms|provider5|task969] Task STARTED on server server9
[90m7:58PM[0m [31mERR[0m [1m[tms|provider1|task85] Task FAILED on server server2, took 55.213215ms[0m [36merror=[0m[31m[1m"smt.HandleTask: simulated error [task=task85 provider=provider1 server=server2]"[0m[0m
[90m7:58PM[0m DBG [tms|provider1|task85|server2] retrying (2/3) [36merror=[0m[31m[1m"smt.HandleTask: simulated error [task=task85 provider=provider1 server=server2]"[0m[0m
[90m7:58PM[0m DBG [tms|provider1|task205] Task STARTED on server server2
[90m7:58PM[0m DBG [tms|provider2|task236] Task COMPLETED on server server4, took 56.289477ms
[90m7:58PM[0m DBG [tms|provider2|task486] Task STARTED on server server4
[90m7:58PM[0m DBG [tms|provider5|task889] Task COMPLETED on server server10, took 59.412934ms
[90m7:58PM[0m DBG [tms|provider5|task499] Task STARTED on server server10
[90m7:58PM[0m DBG [tms|provider3|task37] Task COMPLETED on server server5, took 57.300331ms
[90m7:58PM[0m DBG [tms|provider3|task957] Task STARTED on server server5
[90m7:58PM[0m [31mERR[0m [1m[tms|provider5|task289] Task FAILED on server server8, took 59.31842ms[0m [36merror=[0m[31m[1m"smt.HandleTask: simulated error [task=task289 provider=provider5 server=server8]"[0m[0m
[90m7:58PM[0m [31mERR[0m [1m[tms|provider5|task289|server8] max retries reached[0m [36merror=[0m[31m[1m"smt.HandleTask: simulated error [task=task289 provider=provider5 server=server8]"[0m[0m
[90m7:58PM[0m DBG [tms|provider5|task359] Task STARTED on server server8
[90m7:58PM[0m DBG [tms|provider2|task706] Task COMPLETED on server server3, took 26.895897ms
[90m7:58PM[0m DBG [tms|provider2|task686] Task STARTED on server server3
[90m7:58PM[0m DBG [tms|provider4|task468] Task COMPLETED on server server7, took 38.25752ms
[90m7:58PM[0m DBG [tms|provider4|task308] Task STARTED on server server7
[90m7:58PM[0m DBG [tms|provider1|task205] Task COMPLETED on server server2, took 25.914173ms
[90m7:58PM[0m DBG [tms|provider1|task525] Task STARTED on server server2
[90m7:58PM[0m [31mERR[0m [1m[tms|provider5|task969] Task FAILED on server server9, took 39.310422ms[0m [36merror=[0m[31m[1m"smt.HandleTask: simulated error [task=task969 provider=provider5 server=server9]"[0m[0m
[90m7:58PM[0m [31mERR[0m [1m[tms|provider5|task969|server9] max retries reached[0m [36merror=[0m[31m[1m"smt.HandleTask: simulated error [task=task969 provider=provider5 server=server9]"[0m[0m
[90m7:58PM[0m DBG [tms|provider5|task509] Task STARTED on server server9
[90m7:58PM[0m DBG [tms|provider3|task957] Task COMPLETED on server server5, took 27.867079ms
[90m7:58PM[0m DBG [tms|provider3|task237] Task STARTED on server server5
[90m7:58PM[0m DBG [tms|provider1|task495] Task COMPLETED on server server1, took 65.945017ms
[90m7:58PM[0m DBG [tms|provider3|task847] Task COMPLETED on server server6, took 67.134663ms
[90m7:58PM[0m DBG [tms|provider1|task975] Task STARTED on server server1
[90m7:58PM[0m DBG [tms|provider3|task727] Task STARTED on server server6
[90m7:58PM[0m DBG [tms|provider5|task359] Task COMPLETED on server server8, took 29.926239ms
[90m7:58PM[0m DBG [tms|provider5|task819] Task STARTED on server server8
[90m7:58PM[0m DBG [tms|provider4|task308] Task COMPLETED on server server7, took 28.822666ms
[90m7:58PM[0m DBG [tms|provider4|task148] Task STARTED on server server7
[90m7:58PM[0m DBG [tms|provider2|task486] Task COMPLETED on server server4, took 56.711803ms
[90m7:58PM[0m DBG [tms|provider2|task756] Task STARTED on server server4
[90m7:58PM[0m DBG [tms|provider5|task509] Task COMPLETED on server server9, took 29.623605ms
[90m7:58PM[0m DBG [tms|provider5|task739] Task STARTED on server server9
[90m7:58PM[0m DBG [tms|provider1|task525] Task COMPLETED on server server2, took 46.109137ms
[90m7:58PM[0m DBG [tms|provider1|task85] Task STARTED on server server2
[90m7:58PM[0m DBG [tms|provider2|task686] Task COMPLETED on server server3, took 56.499554ms
[90m7:58PM[0m DBG [tms|provider2|task26] Task STARTED on server server3
[90m7:58PM[0m DBG [tms|provider5|task499] Task COMPLETED on server server10, took 69.976586ms
[90m7:58PM[0m DBG [tms|provider5|task249] Task STARTED on server server10
[90m7:58PM[0m DBG [tms|provider5|task819] Task COMPLETED on server server8, took 39.759377ms
[90m7:58PM[0m DBG [tms|provider5|task299] Task STARTED on server server8
[90m7:58PM[0m DBG [tms|provider2|task756] Task COMPLETED on server server4, took 26.606854ms
[90m7:58PM[0m DBG [tms|provider1|task975] Task COMPLETED on server server1, took 45.097452ms
[90m7:58PM[0m DBG [tms|provider2|task506] Task STARTED on server server4
[90m7:58PM[0m DBG [tms|provider1|task595] Task STARTED on server server1
[90m7:58PM[0m DBG [tms|provider3|task727] Task COMPLETED on server server6, took 48.102257ms
[90m7:58PM[0m DBG [tms|provider3|task657] Task STARTED on server server6
[90m7:58PM[0m DBG [tms|provider3|task237] Task COMPLETED on server server5, took 57.533289ms
[90m7:58PM[0m DBG [tms|provider3|task317] Task STARTED on server server5
[90m7:58PM[0m DBG [tms|provider2|task506] Task COMPLETED on server server4, took 26.372441ms
[90m7:58PM[0m DBG [tms|provider2|task496] Task STARTED on server server4
[90m7:58PM[0m DBG [tms|provider3|task657] Task COMPLETED on server server6, took 27.525482ms
[90m7:58PM[0m DBG [tms|provider3|task767] Task STARTED on server server6
[90m7:58PM[0m DBG [tms|provider4|task148] Task COMPLETED on server server7, took 68.571438ms
[90m7:58PM[0m DBG [tms|provider4|task848] Task STARTED on server server7
[90m7:58PM[0m DBG [tms|provider2|task26] Task COMPLETED on server server3, took 46.302866ms
[90m7:58PM[0m DBG [tms|provider2|task736] Task STARTED on server server3
[90m7:58PM[0m DBG [tms|provider5|task739] Task COMPLETED on server server9, took 59.728728ms
[90m7:58PM[0m DBG [tms|provider5|task759] Task STARTED on server server9
[90m7:58PM[0m [31mERR[0m [1m[tms|provider1|task85] Task FAILED on server server2, took 55.805899ms[0m [36merror=[0m[31m[1m"smt.HandleTask: simulated error [task=task85 provider=provider1 server=server2]"[0m[0m
[90m7:58PM[0m DBG [tms|provider1|task85|server2] retrying (3/3) [36merror=[0m[31m[1m"smt.HandleTask: simulated error [task=task85 provider=provider1 server=server2]"[0m[0m
[90m7:58PM[0m DBG [tms|provider1|task705] Task STARTED on server server2
[90m7:58PM[0m DBG [tms|provider3|task317] Task COMPLETED on server server5, took 38.101898ms
[90m7:58PM[0m DBG [tms|provider3|task327] Task STARTED on server server5
[90m7:58PM[0m DBG [tms|provider5|task249] Task COMPLETED on server server10, took 69.930785ms
[90m7:58PM[0m DBG [tms|provider5|task159] Task STARTED on server server10
[90m7:58PM[0m [31mERR[0m [1m[tms|provider1|task595] Task FAILED on server server1, took 65.722104ms[0m [36merror=[0m[31m[1m"smt.HandleTask: simulated error [task=task595 provider=provider1 server=server1]"[0m[0m
[90m7:58PM[0m DBG [tms|provider1|task595|server1] retrying (1/3) [36merror=[0m[31m[1m"smt.HandleTask: simulated error [task=task595 provider=provider1 server=server1]"[0m[0m
[90m7:58PM[0m DBG [tms|provider1|task475] Task STARTED on server server1
[90m7:58PM[0m DBG [tms|provider1|task705] Task COMPLETED on server server2, took 25.389426ms
[90m7:58PM[0m DBG [tms|provider1|task685] Task STARTED on server server2
[90m7:58PM[0m DBG [tms|provider3|task767] Task COMPLETED on server server6, took 37.119042ms
[90m7:58PM[0m DBG [tms|provider5|task299] Task COMPLETED on server server8, took 69.135017ms
[90m7:58PM[0m DBG [tms|provider5|task759] Task COMPLETED on server server9, took 29.78497ms
[90m7:58PM[0m DBG [tms|provider3|task337] Task STARTED on server server6
[90m7:58PM[0m DBG [tms|provider5|task459] Task STARTED on server server9
[90m7:58PM[0m DBG [tms|provider5|task449] Task STARTED on server server8
[90m7:58PM[0m DBG [tms|provider5|task159] Task COMPLETED on server server10, took 29.529692ms
[90m7:58PM[0m DBG [tms|provider5|task89] Task STARTED on server server10
[90m7:58PM[0m DBG [tms|provider2|task736] Task COMPLETED on server server3, took 56.416435ms
[90m7:58PM[0m DBG [tms|provider2|task956] Task STARTED on server server3
[90m7:58PM[0m DBG [tms|provider2|task496] Task COMPLETED on server server4, took 66.055695ms
[90m7:58PM[0m DBG [tms|provider2|task646] Task STARTED on server server4
[90m7:58PM[0m DBG [tms|provider3|task327] Task COMPLETED on server server5, took 48.011949ms
[90m7:58PM[0m DBG [tms|provider3|task777] Task STARTED on server server5
[90m7:58PM[0m [31mERR[0m [1m[tms|provider5|task459] Task FAILED on server server9, took 29.664869ms[0m [36merror=[0m[31m[1m"smt.HandleTask: simulated error [task=task459 provider=provider5 server=server9]"[0m[0m
[90m7:58PM[0m DBG [tms|provider5|task459|server9] retrying (1/3) [36merror=[0m[31m[1m"smt.HandleTask: simulated error [task=task459 provider=provider5 server=server9]"[0m[0m
[90m7:58PM[0m DBG [tms|provider5|task709] Task STARTED on server server9
[90m7:58PM[0m DBG [tms|provider4|task848] Task COMPLETED on server server7, took 69.006363ms
[90m7:58PM[0m DBG [tms|provider4|task18] Task STARTED on server server7
[90m7:58PM[0m DBG [tms|provider1|task475] Task COMPLETED on server server1, took 46.032816ms
[90m7:58PM[0m DBG [tms|provider1|task85] Task STARTED on server server1
[90m7:58PM[0m DBG [tms|provider2|task956] Task COMPLETED on server server3, took 26.783052ms
[90m7:58PM[0m DBG [tms|provider2|task566] Task STARTED on server server3
[90m7:58PM[0m DBG [tms|provider1|task685] Task COMPLETED on server server2, took 55.574486ms
[90m7:58PM[0m DBG [tms|provider1|task595] Task STARTED on server server2
[90m7:58PM[0m DBG [tms|provider3|task337] Task COMPLETED on server server6, took 57.691163ms
[90m7:58PM[0m DBG [tms|provider3|task697] Task STARTED on server server6
[90m7:58PM[0m DBG [tms|provider5|task709] Task COMPLETED on server server9, took 29.925677ms
[90m7:58PM[0m DBG [tms|provider5|task839] Task STARTED on server server9
[90m7:58PM[0m DBG [tms|provider5|task449] Task COMPLETED on server server8, took 69.949115ms
[90m7:58PM[0m DBG [tms|provider5|task459] Task STARTED on server server8
[90m7:58PM[0m DBG [tms|provider4|task18] Task COMPLETED on server server7, took 38.203ms
[90m7:58PM[0m DBG [tms|provider4|task728] Task STARTED on server server7
[90m7:58PM[0m DBG [tms|provider3|task777] Task COMPLETED on server server5, took 47.710149ms
[90m7:58PM[0m DBG [tms|provider3|task917] Task STARTED on server server5
[90m7:58PM[0m DBG [tms|provider5|task89] Task COMPLETED on server server10, took 59.329452ms
[90m7:58PM[0m DBG [tms|provider5|task59] Task STARTED on server server10
[90m7:58PM[0m DBG [tms|provider2|task566] Task COMPLETED on server server3, took 36.140388ms
[90m7:58PM[0m DBG [tms|provider2|task976] Task STARTED on server server3
[90m7:58PM[0m [31mERR[0m [1m[tms|provider2|task646] Task FAILED on server server4, took 66.211184ms[0m [36merror=[0m[31m[1m"smt.HandleTask: simulated error [task=task646 provider=provider2 server=server4]"[0m[0m
[90m7:58PM[0m DBG [tms|provider2|task646|server4] retrying (1/3) [36merror=[0m[31m[1m"smt.HandleTask: simulated error [task=task646 provider=provider2 server=server4]"[0m[0m
[90m7:58PM[0m DBG [tms|provider2|task656] Task STARTED on server server4
[90m7:58PM[0m [31mERR[0m [1m[tms|provider1|task85] Task FAILED on server server1, took 55.878707ms[0m [36merror=[0m[31m[1m"smt.HandleTask: simulated error [task=task85 provider=provider1 server=server1]"[0m[0m
[90m7:58PM[0m [31mERR[0m [1m[tms|provider5|task459] Task FAILED on server server8, took 29.918627ms[0m [36merror=[0m[31m[1m"smt.HandleTask: simulated error [task=task459 provider=provider5 server=server8]"[0m[0m
[90m7:58PM[0m [31mERR[0m [1m[tms|provider1|task85|server1] max retries reached[0m [36merror=[0m[31m[1m"smt.HandleTask: simulated error [task=task85 provider=provider1 server=server1]"[0m[0m
[90m7:58PM[0m DBG [tms|provider5|task459|server8] retrying (2/3) [36merror=[0m[31m[1m"smt.HandleTask: simulated error [task=task459 provider=provider5 server=server8]"[0m[0m
[90m7:58PM[0m DBG [tms|provider1|task965] Task STARTED on server server1
[90m7:58PM[0m DBG [tms|provider5|task679] Task STARTED on server server8
[90m7:58PM[0m DBG [tms|provider5|task59] Task COMPLETED on server server10, took 29.503453ms
[90m7:58PM[0m DBG [tms|provider5|task209] Task STARTED on server server10
[90m7:58PM[0m DBG [tms|provider3|task917] Task COMPLETED on server server5, took 37.832415ms
[90m7:58PM[0m DBG [tms|provider3|task927] Task STARTED on server server5
[90m7:58PM[0m DBG [tms|provider2|task656] Task COMPLETED on server server4, took 26.596568ms
[90m7:58PM[0m DBG [tms|provider2|task316] Task STARTED on server server4
[90m7:58PM[0m DBG [tms|provider5|task839] Task COMPLETED on server server9, took 59.833189ms
[90m7:58PM[0m [31mERR[0m [1m[tms|provider1|task595] Task FAILED on server server2, took 65.078192ms[0m [36merror=[0m[31m[1m"smt.HandleTask: simulated error [task=task595 provider=provider1 server=server2]"[0m[0m
[90m7:58PM[0m DBG [tms|provider1|task595|server2] retrying (2/3) [36merror=[0m[31m[1m"smt.HandleTask: simulated error [task=task595 provider=provider1 server=server2]"[0m[0m
[90m7:58PM[0m DBG [tms|provider5|task459] Task STARTED on server server9
[90m7:58PM[0m DBG [tms|provider1|task645] Task STARTED on server server2
[90m7:58PM[0m DBG [tms|provider4|task728] Task COMPLETED on server server7, took 48.500431ms
[90m7:58PM[0m DBG [tms|provider4|task748] Task STARTED on server server7
[90m7:58PM[0m [31mERR[0m [1m[tms|provider3|task697] Task FAILED on server server6, took 68.123695ms[0m [36merror=[0m[31m[1m"smt.HandleTask: simulated error [task=task697 provider=provider3 server=server6]"[0m[0m
[90m7:58PM[0m DBG [tms|provider3|task697|server6] retrying (1/3) [36merror=[0m[31m[1m"smt.HandleTask: simulated error [task=task697 provider=provider3 server=server6]"[0m[0m
[90m7:58PM[0m DBG [tms|provider3|task637] Task STARTED on server server6
[90m7:58PM[0m DBG [tms|provider2|task976] Task COMPLETED on server server3, took 46.461659ms
[90m7:58PM[0m DBG [tms|provider2|task546] Task STARTED on server server3
[90m7:58PM[0m DBG [tms|provider1|task965] Task COMPLETED on server server1, took 35.441306ms
[90m7:58PM[0m DBG [tms|provider1|task655] Task STARTED on server server1
[90m7:58PM[0m DBG [tms|provider5|task209] Task COMPLETED on server server10, took 29.475021ms
[90m7:58PM[0m DBG [tms|provider5|task829] Task STARTED on server server10
[90m7:58PM[0m [31mERR[0m [1m[tms|provider5|task459] Task FAILED on server server9, took 29.079171ms[0m [36merror=[0m[31m[1m"smt.HandleTask: simulated error [task=task459 provider=provider5 server=server9]"[0m[0m
[90m7:58PM[0m DBG [tms|provider5|task459|server9] retrying (3/3) [36merror=[0m[31m[1m"smt.HandleTask: simulated error [task=task459 provider=provider5 server=server9]"[0m[0m
[90m7:58PM[0m DBG [tms|provider5|task859] Task STARTED on server server9
[90m7:58PM[0m DBG [tms|provider5|task679] Task COMPLETED on server server8, took 49.774665ms
[90m7:58PM[0m DBG [tms|provider5|task189] Task STARTED on server server8
[90m7:58PM[0m DBG [tms|provider2|task316] Task COMPLETED on server server4, took 36.428432ms
[90m7:58PM[0m DBG [tms|provider2|task646] Task STARTED on server server4
[90m7:58PM[0m DBG [tms|provider3|task927] Task COMPLETED on server server5, took 47.679789ms
[90m7:58PM[0m DBG [tms|provider1|task655] Task COMPLETED on server server1, took 25.546101ms
[90m7:58PM[0m DBG [tms|provider1|task425] Task STARTED on server server1
[90m7:58PM[0m DBG [tms|provider3|task437] Task STARTED on server server5
[90m7:58PM[0m DBG [tms|provider5|task859] Task COMPLETED on server server9, took 29.404628ms
[90m7:58PM[0m DBG [tms|provider5|task529] Task STARTED on server server9
[90m7:58PM[0m DBG [tms|provider3|task637] Task COMPLETED on server server6, took 57.54013ms
[90m7:58PM[0m DBG [tms|provider3|task347] Task STARTED on server server6
[90m7:58PM[0m DBG [tms|provider1|task645] Task COMPLETED on server server2, took 65.983028ms
[90m7:58PM[0m DBG [tms|provider1|task595] Task STARTED on server server2
[90m7:58PM[0m DBG [tms|provider5|task829] Task COMPLETED on server server10, took 49.234417ms
[90m7:58PM[0m DBG [tms|provider5|task689] Task STARTED on server server10
[90m7:58PM[0m [31mERR[0m [1m[tms|provider4|task748] Task FAILED on server server7, took 68.264027ms[0m [36merror=[0m[31m[1m"smt.HandleTask: simulated error [task=task748 provider=provider4 server=server7]"[0m[0m
[90m7:58PM[0m DBG [tms|provider4|task748|server7] retrying (1/3) [36merror=[0m[31m[1m"smt.HandleTask: simulated error [task=task748 provider=provider4 server=server7]"[0m[0m
[90m7:58PM[0m DBG [tms|provider4|task518] Task STARTED on server server7
[90m7:58PM[0m DBG [tms|provider2|task546] Task COMPLETED on server server3, took 67.046466ms
[90m7:58PM[0m DBG [tms|provider2|task326] Task STARTED on server server3
[90m7:58PM[0m [31mERR[0m [1m[tms|provider1|task425] Task FAILED on server server1, took 45.327117ms[0m [36merror=[0m[31m[1m"smt.HandleTask: simulated error [task=task425 provider=provider1 server=server1]"[0m[0m
[90m7:58PM[0m DBG [tms|provider1|task425|server1] retrying (3/3) [36merror=[0m[31m[1m"smt.HandleTask: simulated error [task=task425 provider=provider1 server=server1]"[0m[0m
[90m7:58PM[0m DBG [tms|provider1|task315] Task STARTED on server server1
[90m7:58PM[0m DBG [tms|provider5|task189] Task COMPLETED on server server8, took 60.009589ms
[90m7:58PM[0m DBG [tms|provider5|task429] Task STARTED on server server8
[90m7:58PM[0m DBG [tms|provider3|task437] Task COMPLETED on server server5, took 58.033689ms
[90m7:58PM[0m DBG [tms|provider3|task697] Task STARTED on server server5
[90m7:58PM[0m [31mERR[0m [1m[tms|provider2|task646] Task FAILED on server server4, took 66.480541ms[0m [36merror=[0m[31m[1m"smt.HandleTask: simulated error [task=task646 provider=provider2 server=server4]"[0m[0m
[90m7:58PM[0m DBG [tms|provider2|task646|server4] retrying (2/3) [36merror=[0m[31m[1m"smt.HandleTask: simulated error [task=task646 provider=provider2 server=server4]"[0m[0m
[90m7:58PM[0m DBG [tms|provider2|task966] Task STARTED on server server4
[90m7:58PM[0m DBG [tms|provider4|task518] Task COMPLETED on server server7, took 38.633738ms
[90m7:58PM[0m DBG [tms|provider5|task529] Task COMPLETED on server server9, took 49.324184ms
[90m7:58PM[0m DBG [tms|provider4|task38] Task STARTED on server server7
[90m7:58PM[0m DBG [tms|provider5|task229] Task STARTED on server server9
[90m7:58PM[0m DBG [tms|provider1|task315] Task COMPLETED on server server1, took 35.32143ms
[90m7:58PM[0m DBG [tms|provider1|task325] Task STARTED on server server1
[90m7:58PM[0m DBG [tms|provider5|task689] Task COMPLETED on server server10, took 59.374181ms
[90m7:58PM[0m DBG [tms|provider2|task326] Task COMPLETED on server server3, took 46.861439ms
[90m7:58PM[0m DBG [tms|provider2|task446] Task STARTED on server server3
[90m7:58PM[0m DBG [tms|provider5|task609] Task STARTED on server server10
[90m7:58PM[0m [31mERR[0m [1m[tms|provider1|task595] Task FAILED on server server2, took 65.855412ms[0m [36merror=[0m[31m[1m"smt.HandleTask: simulated error [task=task595 provider=provider1 server=server2]"[0m[0m
[90m7:58PM[0m DBG [tms|provider3|task347] Task COMPLETED on server server6, took 68.055016ms
[90m7:58PM[0m DBG [tms|provider1|task595|server2] retrying (3/3) [36merror=[0m[31m[1m"smt.HandleTask: simulated error [task=task595 provider=provider1 server=server2]"[0m[0m
[90m7:58PM[0m DBG [tms|provider3|task937] Task STARTED on server server6
[90m7:58PM[0m DBG [tms|provider1|task335] Task STARTED on server server2
[90m7:58PM[0m DBG [tms|provider2|task966] Task COMPLETED on server server4, took 36.146866ms
[90m7:58PM[0m DBG [tms|provider2|task556] Task STARTED on server server4
[90m7:58PM[0m DBG [tms|provider5|task429] Task COMPLETED on server server8, took 49.913733ms
[90m7:58PM[0m DBG [tms|provider5|task219] Task STARTED on server server8
[90m7:58PM[0m DBG [tms|provider5|task609] Task COMPLETED on server server10, took 29.578227ms
[90m7:58PM[0m DBG [tms|provider5|task229] Task COMPLETED on server server9, took 49.19134ms
[90m7:58PM[0m DBG [tms|provider5|task909] Task STARTED on server server10
[90m7:58PM[0m DBG [tms|provider5|task549] Task STARTED on server server9
[90m7:58PM[0m DBG [tms|provider2|task556] Task COMPLETED on server server4, took 26.411246ms
[90m7:58PM[0m DBG [tms|provider2|task646] Task STARTED on server server4
[90m7:58PM[0m DBG [tms|provider4|task38] Task COMPLETED on server server7, took 58.624646ms
[90m7:58PM[0m [31mERR[0m [1m[tms|provider3|task697] Task FAILED on server server5, took 67.11393ms[0m [36merror=[0m[31m[1m"smt.HandleTask: simulated error [task=task697 provider=provider3 server=server5]"[0m[0m
[90m7:58PM[0m DBG [tms|provider3|task697|server5] retrying (2/3) [36merror=[0m[31m[1m"smt.HandleTask: simulated error [task=task697 provider=provider3 server=server5]"[0m[0m
[90m7:58PM[0m DBG [tms|provider4|task748] Task STARTED on server server7
[90m7:58PM[0m DBG [tms|provider3|task577] Task STARTED on server server5
[90m7:58PM[0m DBG [tms|provider1|task325] Task COMPLETED on server server1, took 45.285846ms
[90m7:58PM[0m DBG [tms|provider1|task425] Task STARTED on server server1
[90m7:58PM[0m DBG [tms|provider5|task219] Task COMPLETED on server server8, took 39.639325ms
[90m7:58PM[0m DBG [tms|provider5|task109] Task STARTED on server server8
[90m7:58PM[0m DBG [tms|provider5|task909] Task COMPLETED on server server10, took 29.603814ms
[90m7:58PM[0m DBG [tms|provider5|task119] Task STARTED on server server10
[90m7:58PM[0m DBG [tms|provider1|task335] Task COMPLETED on server server2, took 55.179138ms
[90m7:58PM[0m DBG [tms|provider1|task415] Task STARTED on server server2
[90m7:58PM[0m DBG [tms|provider3|task937] Task COMPLETED on server server6, took 57.24434ms
[90m7:58PM[0m DBG [tms|provider3|task357] Task STARTED on server server6
[90m7:58PM[0m DBG [tms|provider2|task446] Task COMPLETED on server server3, took 66.669975ms
[90m7:58PM[0m DBG [tms|provider2|task476] Task STARTED on server server3
[90m7:58PM[0m DBG [tms|provider5|task109] Task COMPLETED on server server8, took 29.499793ms
[90m7:58PM[0m DBG [tms|provider5|task879] Task STARTED on server server8
[90m7:58PM[0m [31mERR[0m [1m[tms|provider1|task425] Task FAILED on server server1, took 45.944283ms[0m [36merror=[0m[31m[1m"smt.HandleTask: simulated error [task=task425 provider=provider1 server=server1]"[0m[0m
[90m7:58PM[0m [31mERR[0m [1m[tms|provider1|task425|server1] max retries reached[0m [36merror=[0m[31m[1m"smt.HandleTask: simulated error [task=task425 provider=provider1 server=server1]"[0m[0m
[90m7:58PM[0m DBG [tms|provider1|task595] Task STARTED on server server1
[90m7:58PM[0m DBG [tms|provider3|task577] Task COMPLETED on server server5, took 47.344072ms
[90m7:58PM[0m DBG [tms|provider3|task567] Task STARTED on server server5
[90m7:58PM[0m [31mERR[0m [1m[tms|provider3|task357] Task FAILED on server server6, took 27.675241ms[0m [36merror=[0m[31m[1m"smt.HandleTask: simulated error [task=task357 provider=provider3 server=server6]"[0m[0m
[90m7:58PM[0m DBG [tms|provider3|task357|server6] retrying (1/3) [36merror=[0m[31m[1m"smt.HandleTask: simulated error [task=task357 provider=provider3 server=server6]"[0m[0m
[90m7:58PM[0m DBG [tms|provider3|task697] Task STARTED on server server6
[90m7:58PM[0m DBG [tms|provider1|task415] Task COMPLETED on server server2, took 35.906193ms
[90m7:58PM[0m DBG [tms|provider1|task635] Task STARTED on server server2
[90m7:58PM[0m [31mERR[0m [1m[tms|provider5|task119] Task FAILED on server server10, took 39.15146ms[0m [36merror=[0m[31m[1m"smt.HandleTask: simulated error [task=task119 provider=provider5 server=server10]"[0m[0m
[90m7:58PM[0m DBG [tms|provider5|task119|server10] retrying (1/3) [36merror=[0m[31m[1m"smt.HandleTask: simulated error [task=task119 provider=provider5 server=server10]"[0m[0m
[90m7:58PM[0m DBG [tms|provider5|task399] Task STARTED on server server10
[90m7:58PM[0m DBG [tms|provider5|task549] Task COMPLETED on server server9, took 69.147875ms
[90m7:58PM[0m DBG [tms|provider5|task949] Task STARTED on server server9
[90m7:58PM[0m [31mERR[0m [1m[tms|provider2|task646] Task FAILED on server server4, took 66.936365ms[0m [36merror=[0m[31m[1m"smt.HandleTask: simulated error [task=task646 provider=provider2 server=server4]"[0m[0m
[90m7:58PM[0m DBG [tms|provider2|task646|server4] retrying (3/3) [36merror=[0m[31m[1m"smt.HandleTask: simulated error [task=task646 provider=provider2 server=server4]"[0m[0m
[90m7:58PM[0m DBG [tms|provider2|task136] Task STARTED on server server4
[90m7:58PM[0m [31mERR[0m [1m[tms|provider4|task748] Task FAILED on server server7, took 69.031865ms[0m [36merror=[0m[31m[1m"smt.HandleTask: simulated error [task=task748 provider=provider4 server=server7]"[0m[0m
[90m7:58PM[0m DBG [tms|provider4|task748|server7] retrying (2/3) [36merror=[0m[31m[1m"smt.HandleTask: simulated error [task=task748 provider=provider4 server=server7]"[0m[0m
[90m7:58PM[0m DBG [tms|provider4|task718] Task STARTED on server server7
[90m7:58PM[0m [31mERR[0m [1m[tms|provider2|task476] Task FAILED on server server3, took 46.197223ms[0m [36merror=[0m[31m[1m"smt.HandleTask: simulated error [task=task476 provider=provider2 server=server3]"[0m[0m
[90m7:58PM[0m DBG [tms|provider2|task476|server3] retrying (1/3) [36merror=[0m[31m[1m"smt.HandleTask: simulated error [task=task476 provider=provider2 server=server3]"[0m[0m
[90m7:58PM[0m DBG [tms|provider2|task416] Task STARTED on server server3
[90m7:58PM[0m DBG [tms|provider3|task567] Task COMPLETED on server server5, took 37.88472ms
[90m7:58PM[0m DBG [tms|provider3|task387] Task STARTED on server server5
[90m7:58PM[0m DBG [tms|provider5|task879] Task COMPLETED on server server8, took 49.423722ms
[90m7:58PM[0m DBG [tms|provider5|task919] Task STARTED on server server8
[90m7:58PM[0m DBG [tms|provider4|task718] Task COMPLETED on server server7, took 38.520968ms
[90m7:58PM[0m DBG [tms|provider4|task488] Task STARTED on server server7
[90m7:58PM[0m DBG [tms|provider2|task416] Task COMPLETED on server server3, took 36.688915ms
[90m7:58PM[0m DBG [tms|provider2|task846] Task STARTED on server server3
[90m7:58PM[0m DBG [tms|provider1|task635] Task COMPLETED on server server2, took 55.333452ms
[90m7:58PM[0m DBG [tms|provider1|task435] Task STARTED on server server2
[90m7:58PM[0m [31mERR[0m [1m[tms|provider1|task595] Task FAILED on server server1, took 65.791273ms[0m [36merror=[0m[31m[1m"smt.HandleTask: simulated error [task=task595 provider=provider1 server=server1]"[0m[0m
[90m7:58PM[0m [31mERR[0m [1m[tms|provider1|task595|server1] max retries reached[0m [36merror=[0m[31m[1m"smt.HandleTask: simulated error [task=task595 provider=provider1 server=server1]"[0m[0m
[90m7:58PM[0m DBG [tms|provider1|task345] Task STARTED on server server1
[90m7:58PM[0m [31mERR[0m [1m[tms|provider3|task697] Task FAILED on server server6, took 67.708473ms[0m [36merror=[0m[31m[1m"smt.HandleTask: simulated error [task=task697 provider=provider3 server=server6]"[0m[0m
[90m7:58PM[0m DBG [tms|provider3|task697|server6] retrying (3/3) [36merror=[0m[31m[1m"smt.HandleTask: simulated error [task=task697 provider=provider3 server=server6]"[0m[0m
[90m7:58PM[0m DBG [tms|provider3|task597] Task STARTED on server server6
[90m7:58PM[0m [31mERR[0m [1m[tms|provider2|task136] Task FAILED on server server4, took 56.396913ms[0m [36merror=[0m[31m[1m"smt.HandleTask: simulated error [task=task136 provider=provider2 server=server4]"[0m[0m
[90m7:58PM[0m [31mERR[0m [1m[tms|provider2|task136|server4] max retries reached[0m [36merror=[0m[31m[1m"smt.HandleTask: simulated error [task=task136 provider=provider2 server=server4]"[0m[0m
[90m7:58PM[0m DBG [tms|provider2|task646] Task STARTED on server server4
[90m7:58PM[0m DBG [tms|provider5|task949] Task COMPLETED on server server9, took 69.490242ms
[90m7:58PM[0m DBG [tms|provider5|task399] Task COMPLETED on server server10, took 69.756149ms
[90m7:58PM[0m DBG [tms|provider5|task119] Task STARTED on server server9
[90m7:58PM[0m DBG [tms|provider5|task559] Task STARTED on server server10
[90m7:58PM[0m DBG [tms|provider5|task919] Task COMPLETED on server server8, took 39.654579ms
[90m7:58PM[0m DBG [tms|provider5|task459] Task STARTED on server server8
[90m7:58PM[0m DBG [tms|provider3|task387] Task COMPLETED on server server5, took 57.220887ms
[90m7:58PM[0m DBG [tms|provider3|task357] Task STARTED on server server5
[90m7:58PM[0m DBG [tms|provider5|task559] Task COMPLETED on server server10, took 30.42663ms
[90m7:58PM[0m DBG [tms|provider5|task629] Task STARTED on server server10
[90m7:58PM[0m [31mERR[0m [1m[tms|provider5|task459] Task FAILED on server server8, took 29.838222ms[0m [36merror=[0m[31m[1m"smt.HandleTask: simulated error [task=task459 provider=provider5 server=server8]"[0m[0m
[90m7:58PM[0m [31mERR[0m [1m[tms|provider5|task459|server8] max retries reached[0m [36merror=[0m[31m[1m"smt.HandleTask: simulated error [task=task459 provider=provider5 server=server8]"[0m[0m
[90m7:58PM[0m DBG [tms|provider5|task469] Task STARTED on server server8
[90m7:58PM[0m DBG [tms|provider4|task488] Task COMPLETED on server server7, took 58.53642ms
[90m7:58PM[0m DBG [tms|provider4|task748] Task STARTED on server server7
[90m7:58PM[0m DBG [tms|provider1|task435] Task COMPLETED on server server2, took 55.497121ms
[90m7:58PM[0m DBG [tms|provider1|task355] Task STARTED on server server2
[90m7:58PM[0m [31mERR[0m [1m[tms|provider5|task119] Task FAILED on server server9, took 40.086898ms[0m [36merror=[0m[31m[1m"smt.HandleTask: simulated error [task=task119 provider=provider5 server=server9]"[0m[0m
[90m7:58PM[0m DBG [tms|provider5|task119|server9] retrying (2/3) [36merror=[0m[31m[1m"smt.HandleTask: simulated error [task=task119 provider=provider5 server=server9]"[0m[0m
[90m7:58PM[0m DBG [tms|provider5|task799] Task STARTED on server server9
[90m7:58PM[0m [31mERR[0m [1m[tms|provider3|task357] Task FAILED on server server5, took 27.255277ms[0m [36merror=[0m[31m[1m"smt.HandleTask: simulated error [task=task357 provider=provider3 server=server5]"[0m[0m
[90m7:58PM[0m DBG [tms|provider3|task357|server5] retrying (2/3) [36merror=[0m[31m[1m"smt.HandleTask: simulated error [task=task357 provider=provider3 server=server5]"[0m[0m
[90m7:58PM[0m DBG [tms|provider3|task737] Task STARTED on server server5
[90m7:58PM[0m DBG [tms|provider2|task846] Task COMPLETED on server server3, took 67.040664ms
[90m7:58PM[0m DBG [tms|provider2|task476] Task STARTED on server server3
[90m7:58PM[0m DBG [tms|provider1|task345] Task COMPLETED on server server1, took 65.059408ms
[90m7:58PM[0m DBG [tms|provider1|task375] Task STARTED on server server1
[90m7:58PM[0m DBG [tms|provider3|task597] Task COMPLETED on server server6, took 67.054134ms
[90m7:58PM[0m DBG [tms|provider3|task697] Task STARTED on server server6
[90m7:58PM[0m [31mERR[0m [1m[tms|provider2|task646] Task FAILED on server server4, took 67.017691ms[0m [36merror=[0m[31m[1m"smt.HandleTask: simulated error [task=task646 provider=provider2 server=server4]"[0m[0m
[90m7:58PM[0m [31mERR[0m [1m[tms|provider2|task646|server4] max retries reached[0m [36merror=[0m[31m[1m"smt.HandleTask: simulated error [task=task646 provider=provider2 server=server4]"[0m[0m
[90m7:58PM[0m DBG [tms|provider2|task636] Task STARTED on server server4
[90m7:58PM[0m DBG [tms|provider1|task355] Task COMPLETED on server server2, took 26.003543ms
[90m7:58PM[0m DBG [tms|provider1|task565] Task STARTED on server server2
[90m7:58PM[0m DBG [tms|provider5|task469] Task COMPLETED on server server8, took 39.397535ms
[90m7:58PM[0m DBG [tms|provider5|task199] Task STARTED on server server8
[90m7:58PM[0m [31mERR[0m [1m[tms|provider5|task629] Task FAILED on server server10, took 49.696868ms[0m [36merror=[0m[31m[1m"smt.HandleTask: simulated error [task=task629 provider=provider5 server=server10]"[0m[0m
[90m7:58PM[0m DBG [tms|provider5|task629|server10] retrying (1/3) [36merror=[0m[31m[1m"smt.HandleTask: simulated error [task=task629 provider=provider5 server=server10]"[0m[0m
[90m7:58PM[0m DBG [tms|provider5|task119] Task STARTED on server server10
[90m7:58PM[0m DBG [tms|provider1|task375] Task COMPLETED on server server1, took 45.831318ms
[90m7:58PM[0m [31mERR[0m [1m[tms|provider2|task476] Task FAILED on server server3, took 46.151617ms[0m [36merror=[0m[31m[1m"smt.HandleTask: simulated error [task=task476 provider=provider2 server=server3]"[0m[0m
[90m7:58PM[0m DBG [tms|provider2|task476|server3] retrying (2/3) [36merror=[0m[31m[1m"smt.HandleTask: simulated error [task=task476 provider=provider2 server=server3]"[0m[0m
[90m7:58PM[0m DBG [tms|provider2|task436] Task STARTED on server server3
[90m7:58PM[0m DBG [tms|provider1|task585] Task STARTED on server server1
[90m7:58PM[0m DBG [tms|provider3|task737] Task COMPLETED on server server5, took 58.113802ms
[90m7:58PM[0m DBG [tms|provider3|task867] Task STARTED on server server5
[90m7:58PM[0m DBG [tms|provider1|task565] Task COMPLETED on server server2, took 35.756005ms
[90m7:58PM[0m DBG [tms|provider1|task555] Task STARTED on server server2
[90m7:58PM[0m [31mERR[0m [1m[tms|provider4|task748] Task FAILED on server server7, took 69.137458ms[0m [36merror=[0m[31m[1m"smt.HandleTask: simulated error [task=task748 provider=provider4 server=server7]"[0m[0m
[90m7:58PM[0m DBG [tms|provider4|task748|server7] retrying (3/3) [36merror=[0m[31m[1m"smt.HandleTask: simulated error [task=task748 provider=provider4 server=server7]"[0m[0m
[90m7:58PM[0m DBG [tms|provider4|task328] Task STARTED on server server7
[90m7:58PM[0m [31mERR[0m [1m[tms|provider5|task799] Task FAILED on server server9, took 69.956742ms[0m [36merror=[0m[31m[1m"smt.HandleTask: simulated error [task=task799 provider=provider5 server=server9]"[0m[0m
[90m7:58PM[0m DBG [tms|provider5|task799|server9] retrying (1/3) [36merror=[0m[31m[1m"smt.HandleTask: simulated error [task=task799 provider=provider5 server=server9]"[0m[0m
[90m7:58PM[0m DBG [tms|provider5|task629] Task STARTED on server server9
[90m7:58PM[0m DBG [tms|provider2|task636] Task COMPLETED on server server4, took 56.465296ms
[90m7:58PM[0m DBG [tms|provider2|task466] Task STARTED on server server4
[90m7:58PM[0m [31mERR[0m [1m[tms|provider5|task119] Task FAILED on server server10, took 40.118486ms[0m [36merror=[0m[31m[1m"smt.HandleTask: simulated error [task=task119 provider=provider5 server=server10]"[0m[0m
[90m7:58PM[0m DBG [tms|provider5|task119|server10] retrying (3/3) [36merror=[0m[31m[1m"smt.HandleTask: simulated error [task=task119 provider=provider5 server=server10]"[0m[0m
[90m7:58PM[0m DBG [tms|provider5|task799] Task STARTED on server server10
[90m7:58PM[0m [31mERR[0m [1m[tms|provider3|task697] Task FAILED on server server6, took 67.981431ms[0m [36merror=[0m[31m[1m"smt.HandleTask: simulated error [task=task697 provider=provider3 server=server6]"[0m[0m
[90m7:58PM[0m [31mERR[0m [1m[tms|provider3|task697|server6] max retries reached[0m [36merror=[0m[31m[1m"smt.HandleTask: simulated error [task=task697 provider=provider3 server=server6]"[0m[0m
[90m7:58PM[0m DBG [tms|provider3|task357] Task STARTED on server server6
[90m7:58PM[0m DBG [tms|provider1|task555] Task COMPLETED on server server2, took 25.779854ms
[90m7:58PM[0m DBG [tms|provider1|task845] Task STARTED on server server2
[90m7:58PM[0m [31mERR[0m [1m[tms|provider3|task867] Task FAILED on server server5, took 38.049805ms[0m [36merror=[0m[31m[1m"smt.HandleTask: simulated error [task=task867 provider=provider3 server=server5]"[0m[0m
[90m7:58PM[0m DBG [tms|provider3|task867|server5] retrying (1/3) [36merror=[0m[31m[1m"smt.HandleTask: simulated error [task=task867 provider=provider3 server=server5]"[0m[0m
[90m7:58PM[0m DBG [tms|provider3|task477] Task STARTED on server server5
[90m7:58PM[0m DBG [tms|provider5|task199] Task COMPLETED on server server8, took 69.79364ms
[90m7:58PM[0m DBG [tms|provider5|task119] Task STARTED on server server8
[90m7:58PM[0m DBG [tms|provider1|task585] Task COMPLETED on server server1, took 55.446685ms
[90m7:58PM[0m DBG [tms|provider1|task295] Task STARTED on server server1
[90m7:58PM[0m DBG [tms|provider2|task466] Task COMPLETED on server server4, took 36.899427ms
[90m7:58PM[0m DBG [tms|provider2|task346] Task STARTED on server server4
[90m7:58PM[0m DBG [tms|provider2|task436] Task COMPLETED on server server3, took 56.445418ms
[90m7:58PM[0m [31mERR[0m [1m[tms|provider3|task357] Task FAILED on server server6, took 27.49313ms[0m [36merror=[0m[31m[1m"smt.HandleTask: simulated error [task=task357 provider=provider3 server=server6]"[0m[0m
[90m7:58PM[0m DBG [tms|provider3|task357|server6] retrying (3/3) [36merror=[0m[31m[1m"smt.HandleTask: simulated error [task=task357 provider=provider3 server=server6]"[0m[0m
[90m7:58PM[0m DBG [tms|provider2|task476] Task STARTED on server server3
[90m7:58PM[0m DBG [tms|provider3|task587] Task STARTED on server server6
[90m7:58PM[0m DBG [tms|provider4|task328] Task COMPLETED on server server7, took 48.250019ms
[90m7:58PM[0m DBG [tms|provider4|task918] Task STARTED on server server7
[90m7:58PM[0m [31mERR[0m [1m[tms|provider5|task629] Task FAILED on server server9, took 49.298457ms[0m [36merror=[0m[31m[1m"smt.HandleTask: simulated error [task=task629 provider=provider5 server=server9]"[0m[0m
[90m7:58PM[0m DBG [tms|provider5|task629|server9] retrying (2/3) [36merror=[0m[31m[1m"smt.HandleTask: simulated error [task=task629 provider=provider5 server=server9]"[0m[0m
[90m7:58PM[0m DBG [tms|provider5|task964] Task STARTED on server server9
[90m7:58PM[0m [31mERR[0m [1m[tms|provider5|task119] Task FAILED on server server8, took 39.611943ms[0m [36merror=[0m[31m[1m"smt.HandleTask: simulated error [task=task119 provider=provider5 server=server8]"[0m[0m
[90m7:58PM[0m [31mERR[0m [1m[tms|provider5|task119|server8] max retries reached[0m [36merror=[0m[31m[1m"smt.HandleTask: simulated error [task=task119 provider=provider5 server=server8]"[0m[0m
[90m7:58PM[0m DBG [tms|provider5|task629] Task STARTED on server server8
[90m7:58PM[0m DBG [tms|provider3|task477] Task COMPLETED on server server5, took 47.793588ms
[90m7:58PM[0m DBG [tms|provider3|task867] Task STARTED on server server5
[90m7:58PM[0m [31mERR[0m [1m[tms|provider5|task799] Task FAILED on server server10, took 69.353441ms[0m [36merror=[0m[31m[1m"smt.HandleTask: simulated error [task=task799 provider=provider5 server=server10]"[0m[0m
[90m7:58PM[0m DBG [tms|provider5|task799|server10] retrying (2/3) [36merror=[0m[31m[1m"smt.HandleTask: simulated error [task=task799 provider=provider5 server=server10]"[0m[0m
[90m7:58PM[0m DBG [tms|provider5|task94] Task STARTED on server server10
[90m7:58PM[0m DBG [tms|provider1|task845] Task COMPLETED on server server2, took 65.298839ms
[90m7:58PM[0m DBG [tms|provider1|task835] Task STARTED on server server2
[90m7:58PM[0m [31mERR[0m [1m[tms|provider4|task918] Task FAILED on server server7, took 38.633886ms[0m [36merror=[0m[31m[1m"smt.HandleTask: simulated error [task=task918 provider=provider4 server=server7]"[0m[0m
[90m7:58PM[0m DBG [tms|provider4|task918|server7] retrying (1/3) [36merror=[0m[31m[1m"smt.HandleTask: simulated error [task=task918 provider=provider4 server=server7]"[0m[0m
[90m7:58PM[0m DBG [tms|provider4|task748] Task STARTED on server server7
[90m7:58PM[0m DBG [tms|provider5|task964] Task COMPLETED on server server9, took 34.614679ms
[90m7:58PM[0m DBG [tms|provider5|task799] Task STARTED on server server9
[90m7:58PM[0m [31mERR[0m [1m[tms|provider2|task476] Task FAILED on server server3, took 47.001561ms[0m [36merror=[0m[31m[1m"smt.HandleTask: simulated error [task=task476 provider=provider2 server=server3]"[0m[0m
[90m7:58PM[0m DBG [tms|provider2|task476|server3] retrying (3/3) [36merror=[0m[31m[1m"smt.HandleTask: simulated error [task=task476 provider=provider2 server=server3]"[0m[0m
[90m7:58PM[0m DBG [tms|provider2|task306] Task STARTED on server server3
[90m7:58PM[0m DBG [tms|provider3|task587] Task COMPLETED on server server6, took 58.01459ms
[90m7:58PM[0m DBG [tms|provider3|task357] Task STARTED on server server6
[90m7:58PM[0m DBG [tms|provider1|task295] Task COMPLETED on server server1, took 65.398537ms
[90m7:58PM[0m DBG [tms|provider1|task465] Task STARTED on server server1
[90m7:58PM[0m DBG [tms|provider2|task346] Task COMPLETED on server server4, took 66.452811ms
[90m7:58PM[0m DBG [tms|provider2|task576] Task STARTED on server server4
[90m7:58PM[0m [31mERR[0m [1m[tms|provider3|task867] Task FAILED on server server5, took 38.010536ms[0m [36merror=[0m[31m[1m"smt.HandleTask: simulated error [task=task867 provider=provider3 server=server5]"[0m[0m
[90m7:58PM[0m DBG [tms|provider3|task867|server5] retrying (2/3) [36merror=[0m[31m[1m"smt.HandleTask: simulated error [task=task867 provider=provider3 server=server5]"[0m[0m
[90m7:58PM[0m DBG [tms|provider3|task427] Task STARTED on server server5
[90m7:58PM[0m [31mERR[0m [1m[tms|provider2|task306] Task FAILED on server server3, took 26.473237ms[0m [36merror=[0m[31m[1m"smt.HandleTask: simulated error [task=task306 provider=provider2 server=server3]"[0m[0m
[90m7:58PM[0m [31mERR[0m [1m[tms|provider2|task306|server3] max retries reached[0m [36merror=[0m[31m[1m"smt.HandleTask: simulated error [task=task306 provider=provider2 server=server3]"[0m[0m
[90m7:58PM[0m DBG [tms|provider2|task36] Task STARTED on server server3
[90m7:58PM[0m [31mERR[0m [1m[tms|provider5|task629] Task FAILED on server server8, took 49.31536ms[0m [36merror=[0m[31m[1m"smt.HandleTask: simulated error [task=task629 provider=provider5 server=server8]"[0m[0m
[90m7:58PM[0m DBG [tms|provider5|task629|server8] retrying (3/3) [36merror=[0m[31m[1m"smt.HandleTask: simulated error [task=task629 provider=provider5 server=server8]"[0m[0m
[90m7:58PM[0m DBG [tms|provider5|task804] Task STARTED on server server8
[90m7:58PM[0m [31mERR[0m [1m[tms|provider3|task357] Task FAILED on server server6, took 27.701971ms[0m [36merror=[0m[31m[1m"smt.HandleTask: simulated error [task=task357 provider=provider3 server=server6]"[0m[0m
[90m7:58PM[0m [31mERR[0m [1m[tms|provider3|task357|server6] max retries reached[0m [36merror=[0m[31m[1m"smt.HandleTask: simulated error [task=task357 provider=provider3 server=server6]"[0m[0m
[90m7:58PM[0m DBG [tms|provider3|task897] Task STARTED on server server6
[90m7:58PM[0m DBG [tms|provider1|task835] Task COMPLETED on server server2, took 55.328713ms
[90m7:58PM[0m DBG [tms|provider1|task45] Task STARTED on server server2
[90m7:58PM[0m DBG [tms|provider1|task465] Task COMPLETED on server server1, took 35.810734ms
[90m7:58PM[0m DBG [tms|provider1|task55] Task STARTED on server server1
[90m7:58PM[0m DBG [tms|provider5|task94] Task COMPLETED on server server10, took 64.631245ms
[90m7:58PM[0m DBG [tms|provider5|task629] Task STARTED on server server10
[90m7:58PM[0m DBG [tms|provider5|task804] Task COMPLETED on server server8, took 24.513813ms
[90m7:58PM[0m DBG [tms|provider5|task264] Task STARTED on server server8
[90m7:58PM[0m [31mERR[0m [1m[tms|provider4|task748] Task FAILED on server server7, took 68.664159ms[0m [36merror=[0m[31m[1m"smt.HandleTask: simulated error [task=task748 provider=provider4 server=server7]"[0m[0m
[90m7:58PM[0m [31mERR[0m [1m[tms|provider4|task748|server7] max retries reached[0m [36merror=[0m[31m[1m"smt.HandleTask: simulated error [task=task748 provider=provider4 server=server7]"[0m[0m
[90m7:58PM[0m DBG [tms|provider4|task768] Task STARTED on server server7
[90m7:58PM[0m DBG [tms|provider2|task576] Task COMPLETED on server server4, took 46.110202ms
[90m7:58PM[0m [31mERR[0m [1m[tms|provider5|task799] Task FAILED on server server9, took 69.726889ms[0m [36merror=[0m[31m[1m"smt.HandleTask: simulated error [task=task799 provider=provider5 server=server9]"[0m[0m
[90m7:58PM[0m DBG [tms|provider2|task476] Task STARTED on server server4
[90m7:58PM[0m DBG [tms|provider5|task799|server9] retrying (3/3) [36merror=[0m[31m[1m"smt.HandleTask: simulated error [task=task799 provider=provider5 server=server9]"[0m[0m
[90m7:58PM[0m DBG [tms|provider5|task814] Task STARTED on server server9
[90m7:58PM[0m DBG [tms|provider3|task427] Task COMPLETED on server server5, took 48.057458ms
[90m7:58PM[0m DBG [tms|provider3|task867] Task STARTED on server server5
[90m7:58PM[0m DBG [tms|provider1|task55] Task COMPLETED on server server1, took 25.596516ms
[90m7:58PM[0m DBG [tms|provider1|task245] Task STARTED on server server1
[90m7:58PM[0m DBG [tms|provider2|task36] Task COMPLETED on server server3, took 56.221873ms
[90m7:58PM[0m DBG [tms|provider2|task356] Task STARTED on server server3
[90m7:58PM[0m DBG [tms|provider5|task264] Task COMPLETED on server server8, took 34.671532ms
[90m7:58PM[0m DBG [tms|provider5|task799] Task STARTED on server server8
[90m7:58PM[0m DBG [tms|provider5|task814] Task COMPLETED on server server9, took 34.550363ms
[90m7:58PM[0m DBG [tms|provider5|task724] Task STARTED on server server9
[90m7:58PM[0m DBG [tms|provider4|task768] Task COMPLETED on server server7, took 38.777308ms
[90m7:58PM[0m DBG [tms|provider4|task408] Task STARTED on server server7
[90m7:58PM[0m [31mERR[0m [1m[tms|provider5|task629] Task FAILED on server server10, took 49.095694ms[0m [36merror=[0m[31m[1m"smt.HandleTask: simulated error [task=task629 provider=provider5 server=server10]"[0m[0m
[90m7:58PM[0m [31mERR[0m [1m[tms|provider5|task629|server10] max retries reached[0m [36merror=[0m[31m[1m"smt.HandleTask: simulated error [task=task629 provider=provider5 server=server10]"[0m[0m
[90m7:58PM[0m DBG [tms|provider5|task924] Task STARTED on server server10
[90m7:58PM[0m DBG [tms|provider3|task897] Task COMPLETED on server server6, took 67.533161ms
[90m7:58PM[0m DBG [tms|provider3|task967] Task STARTED on server server6
[90m7:58PM[0m DBG [tms|provider2|task356] Task COMPLETED on server server3, took 26.619542ms
[90m7:58PM[0m DBG [tms|provider2|task596] Task STARTED on server server3
[90m7:58PM[0m [31mERR[0m [1m[tms|provider3|task867] Task FAILED on server server5, took 37.973796ms[0m [36merror=[0m[31m[1m"smt.HandleTask: simulated error [task=task867 provider=provider3 server=server5]"[0m[0m
[90m7:58PM[0m DBG [tms|provider3|task867|server5] retrying (3/3) [36merror=[0m[31m[1m"smt.HandleTask: simulated error [task=task867 provider=provider3 server=server5]"[0m[0m
[90m7:58PM[0m DBG [tms|provider3|task97] Task STARTED on server server5
[90m7:58PM[0m [31mERR[0m [1m[tms|provider2|task476] Task FAILED on server server4, took 46.152078ms[0m [36merror=[0m[31m[1m"smt.HandleTask: simulated error [task=task476 provider=provider2 server=server4]"[0m[0m
[90m7:58PM[0m [31mERR[0m [1m[tms|provider2|task476|server4] max retries reached[0m [36merror=[0m[31m[1m"smt.HandleTask: simulated error [task=task476 provider=provider2 server=server4]"[0m[0m
[90m7:58PM[0m DBG [tms|provider2|task376] Task STARTED on server server4
[90m7:58PM[0m DBG [tms|provider1|task45] Task COMPLETED on server server2, took 65.853901ms
[90m7:58PM[0m DBG [tms|provider1|task35] Task STARTED on server server2
[90m7:58PM[0m [31mERR[0m [1m[tms|provider4|task408] Task FAILED on server server7, took 28.700571ms[0m [36merror=[0m[31m[1m"smt.HandleTask: simulated error [task=task408 provider=provider4 server=server7]"[0m[0m
[90m7:58PM[0m DBG [tms|provider4|task408|server7] retrying (1/3) [36merror=[0m[31m[1m"smt.HandleTask: simulated error [task=task408 provider=provider4 server=server7]"[0m[0m
[90m7:58PM[0m DBG [tms|provider4|task98] Task STARTED on server server7
[90m7:58PM[0m DBG [tms|provider1|task245] Task COMPLETED on server server1, took 65.477417ms
[90m7:58PM[0m DBG [tms|provider5|task724] Task COMPLETED on server server9, took 44.058309ms
[90m7:58PM[0m DBG [tms|provider3|task967] Task COMPLETED on server server6, took 37.60549ms
[90m7:58PM[0m DBG [tms|provider1|task725] Task STARTED on server server1
[90m7:58PM[0m DBG [tms|provider5|task114] Task STARTED on server server9
[90m7:58PM[0m DBG [tms|provider3|task297] Task STARTED on server server6
[90m7:58PM[0m DBG [tms|provider5|task924] Task COMPLETED on server server10, took 44.9952ms
[90m7:58PM[0m DBG [tms|provider5|task774] Task STARTED on server server10
[90m7:58PM[0m DBG [tms|provider2|task376] Task COMPLETED on server server4, took 46.864471ms
[90m7:58PM[0m DBG [tms|provider2|task926] Task STARTED on server server4
[90m7:58PM[0m [31mERR[0m [1m[tms|provider5|task799] Task FAILED on server server8, took 69.804617ms[0m [36merror=[0m[31m[1m"smt.HandleTask: simulated error [task=task799 provider=provider5 server=server8]"[0m[0m
[90m7:58PM[0m [31mERR[0m [1m[tms|provider5|task799|server8] max retries reached[0m [36merror=[0m[31m[1m"smt.HandleTask: simulated error [task=task799 provider=provider5 server=server8]"[0m[0m
[90m7:58PM[0m DBG [tms|provider5|task224] Task STARTED on server server8
[90m7:58PM[0m DBG [tms|provider1|task35] Task COMPLETED on server server2, took 56.144893ms
[90m7:58PM[0m DBG [tms|provider1|task445] Task STARTED on server server2
[90m7:58PM[0m DBG [tms|provider2|task596] Task COMPLETED on server server3, took 66.714824ms
[90m7:58PM[0m DBG [tms|provider2|task106] Task STARTED on server server3
[90m7:58PM[0m DBG [tms|provider3|task97] Task COMPLETED on server server5, took 67.555091ms
[90m7:58PM[0m DBG [tms|provider5|task114] Task COMPLETED on server server9, took 34.151927ms
[90m7:58PM[0m DBG [tms|provider3|task867] Task STARTED on server server5
[90m7:58PM[0m DBG [tms|provider5|task244] Task STARTED on server server9
[90m7:58PM[0m DBG [tms|provider1|task725] Task COMPLETED on server server1, took 45.311051ms
[90m7:58PM[0m DBG [tms|provider1|task885] Task STARTED on server server1
[90m7:58PM[0m DBG [tms|provider5|task774] Task COMPLETED on server server10, took 44.203753ms
[90m7:58PM[0m DBG [tms|provider5|task674] Task STARTED on server server10
[90m7:58PM[0m DBG [tms|provider4|task98] Task COMPLETED on server server7, took 68.594285ms
[90m7:58PM[0m DBG [tms|provider4|task778] Task STARTED on server server7
[90m7:58PM[0m DBG [tms|provider2|task106] Task COMPLETED on server server3, took 26.714237ms
[90m7:58PM[0m DBG [tms|provider2|task726] Task STARTED on server server3
[90m7:58PM[0m DBG [tms|provider2|task926] Task COMPLETED on server server4, took 46.464712ms
[90m7:58PM[0m DBG [tms|provider2|task296] Task STARTED on server server4
[90m7:58PM[0m DBG [tms|provider5|task224] Task COMPLETED on server server8, took 44.142111ms
[90m7:58PM[0m DBG [tms|provider5|task694] Task STARTED on server server8
[90m7:58PM[0m DBG [tms|provider3|task297] Task COMPLETED on server server6, took 67.994684ms
[90m7:58PM[0m DBG [tms|provider3|task157] Task STARTED on server server6
[90m7:58PM[0m [31mERR[0m [1m[tms|provider3|task867] Task FAILED on server server5, took 38.028549ms[0m [36merror=[0m[31m[1m"smt.HandleTask: simulated error [task=task867 provider=provider3 server=server5]"[0m[0m
[90m7:58PM[0m [31mERR[0m [1m[tms|provider3|task867|server5] max retries reached[0m [36merror=[0m[31m[1m"smt.HandleTask: simulated error [task=task867 provider=provider3 server=server5]"[0m[0m
[90m7:58PM[0m DBG [tms|provider3|task837] Task STARTED on server server5
[90m7:58PM[0m DBG [tms|provider1|task445] Task COMPLETED on server server2, took 65.478958ms
[90m7:58PM[0m DBG [tms|provider1|task765] Task STARTED on server server2
[90m7:58PM[0m DBG [tms|provider5|task674] Task COMPLETED on server server10, took 45.058709ms
[90m7:58PM[0m DBG [tms|provider5|task84] Task STARTED on server server10
[90m7:58PM[0m DBG [tms|provider3|task157] Task COMPLETED on server server6, took 27.471878ms
[90m7:58PM[0m DBG [tms|provider3|task277] Task STARTED on server server6
[90m7:58PM[0m DBG [tms|provider5|task244] Task COMPLETED on server server9, took 64.435971ms
[90m7:58PM[0m DBG [tms|provider5|task174] Task STARTED on server server9
[90m7:58PM[0m DBG [tms|provider1|task885] Task COMPLETED on server server1, took 55.513871ms
[90m7:58PM[0m DBG [tms|provider1|task945] Task STARTED on server server1
[90m7:58PM[0m DBG [tms|provider4|task778] Task COMPLETED on server server7, took 48.379079ms
[90m7:58PM[0m DBG [tms|provider4|task408] Task STARTED on server server7
[90m7:58PM[0m DBG [tms|provider2|task726] Task COMPLETED on server server3, took 46.321411ms
[90m7:58PM[0m DBG [tms|provider2|task676] Task STARTED on server server3
[90m7:58PM[0m DBG [tms|provider5|task694] Task COMPLETED on server server8, took 64.318692ms
[90m7:58PM[0m DBG [tms|provider5|task564] Task STARTED on server server8
[90m7:58PM[0m DBG [tms|provider2|task296] Task COMPLETED on server server4, took 66.474967ms
[90m7:58PM[0m [31mERR[0m [1m[tms|provider1|task765] Task FAILED on server server2, took 35.888963ms[0m [36merror=[0m[31m[1m"smt.HandleTask: simulated error [task=task765 provider=provider1 server=server2]"[0m[0m
[90m7:58PM[0m DBG [tms|provider1|task765|server2] retrying (1/3) [36merror=[0m[31m[1m"smt.HandleTask: simulated error [task=task765 provider=provider1 server=server2]"[0m[0m
[90m7:58PM[0m DBG [tms|provider2|task836] Task STARTED on server server4
[90m7:58PM[0m DBG [tms|provider1|task775] Task STARTED on server server2
[90m7:58PM[0m DBG [tms|provider3|task837] Task COMPLETED on server server5, took 58.082692ms
[90m7:58PM[0m DBG [tms|provider3|task677] Task STARTED on server server5
[90m7:58PM[0m [31mERR[0m [1m[tms|provider4|task408] Task FAILED on server server7, took 28.471191ms[0m [36merror=[0m[31m[1m"smt.HandleTask: simulated error [task=task408 provider=provider4 server=server7]"[0m[0m
[90m7:58PM[0m DBG [tms|provider4|task408|server7] retrying (2/3) [36merror=[0m[31m[1m"smt.HandleTask: simulated error [task=task408 provider=provider4 server=server7]"[0m[0m
[90m7:58PM[0m DBG [tms|provider4|task618] Task STARTED on server server7
[90m7:58PM[0m DBG [tms|provider3|task277] Task COMPLETED on server server6, took 47.072629ms
[90m7:58PM[0m DBG [tms|provider3|task167] Task STARTED on server server6
[90m7:58PM[0m DBG [tms|provider5|task174] Task COMPLETED on server server9, took 44.033762ms
[90m7:58PM[0m DBG [tms|provider5|task644] Task STARTED on server server9
[90m7:58PM[0m DBG [tms|provider5|task84] Task COMPLETED on server server10, took 54.345416ms
[90m7:58PM[0m DBG [tms|provider5|task134] Task STARTED on server server10
[90m7:58PM[0m DBG [tms|provider2|task676] Task COMPLETED on server server3, took 46.769174ms
[90m7:58PM[0m DBG [tms|provider2|task766] Task STARTED on server server3
[90m7:58PM[0m DBG [tms|provider5|task564] Task COMPLETED on server server8, took 34.879515ms
[90m7:58PM[0m DBG [tms|provider5|task394] Task STARTED on server server8
[90m7:58PM[0m DBG [tms|provider1|task945] Task COMPLETED on server server1, took 65.322024ms
[90m7:58PM[0m DBG [tms|provider1|task695] Task STARTED on server server1
[90m7:58PM[0m DBG [tms|provider4|task618] Task COMPLETED on server server7, took 38.666669ms
[90m7:58PM[0m DBG [tms|provider4|task648] Task STARTED on server server7
[90m7:58PM[0m DBG [tms|provider1|task775] Task COMPLETED on server server2, took 45.113168ms
[90m7:58PM[0m DBG [tms|provider1|task765] Task STARTED on server server2
[90m7:58PM[0m DBG [tms|provider3|task677] Task COMPLETED on server server5, took 47.066761ms
[90m7:58PM[0m DBG [tms|provider3|task627] Task STARTED on server server5
[90m7:58PM[0m DBG [tms|provider3|task167] Task COMPLETED on server server6, took 37.953583ms
[90m7:58PM[0m DBG [tms|provider3|task67] Task STARTED on server server6
[90m7:58PM[0m DBG [tms|provider2|task836] Task COMPLETED on server server4, took 56.445626ms
[90m7:58PM[0m DBG [tms|provider2|task56] Task STARTED on server server4
[90m7:58PM[0m DBG [tms|provider2|task766] Task COMPLETED on server server3, took 36.909537ms
[90m7:58PM[0m DBG [tms|provider2|task776] Task STARTED on server server3
[90m7:58PM[0m DBG [tms|provider5|task134] Task COMPLETED on server server10, took 55.139205ms
[90m7:58PM[0m DBG [tms|provider5|task204] Task STARTED on server server10
[90m7:58PM[0m DBG [tms|provider5|task644] Task COMPLETED on server server9, took 64.513501ms
[90m7:58PM[0m DBG [tms|provider5|task864] Task STARTED on server server9
[90m7:58PM[0m [31mERR[0m [1m[tms|provider1|task765] Task FAILED on server server2, took 35.805928ms[0m [36merror=[0m[31m[1m"smt.HandleTask: simulated error [task=task765 provider=provider1 server=server2]"[0m[0m
[90m7:58PM[0m DBG [tms|provider1|task765|server2] retrying (2/3) [36merror=[0m[31m[1m"smt.HandleTask: simulated error [task=task765 provider=provider1 server=server2]"[0m[0m
[90m7:58PM[0m DBG [tms|provider1|task935] Task STARTED on server server2
[90m7:58PM[0m DBG [tms|provider2|task56] Task COMPLETED on server server4, took 26.608512ms
[90m7:58PM[0m DBG [tms|provider2|task696] Task STARTED on server server4
[90m7:58PM[0m DBG [tms|provider3|task67] Task COMPLETED on server server6, took 37.857756ms
[90m7:58PM[0m DBG [tms|provider3|task787] Task STARTED on server server6
[90m7:58PM[0m DBG [tms|provider3|task627] Task COMPLETED on server server5, took 47.07339ms
[90m7:58PM[0m DBG [tms|provider3|task827] Task STARTED on server server5
[90m7:58PM[0m DBG [tms|provider5|task394] Task COMPLETED on server server8, took 64.480208ms
[90m7:58PM[0m DBG [tms|provider5|task334] Task STARTED on server server8
[90m7:58PM[0m [31mERR[0m [1m[tms|provider5|task204] Task FAILED on server server10, took 24.601821ms[0m [36merror=[0m[31m[1m"smt.HandleTask: simulated error [task=task204 provider=provider5 server=server10]"[0m[0m
[90m7:58PM[0m DBG [tms|provider5|task204|server10] retrying (1/3) [36merror=[0m[31m[1m"smt.HandleTask: simulated error [task=task204 provider=provider5 server=server10]"[0m[0m
[90m7:58PM[0m DBG [tms|provider5|task324] Task STARTED on server server10
[90m7:58PM[0m DBG [tms|provider1|task695] Task COMPLETED on server server1, took 65.573717ms
[90m7:58PM[0m DBG [tms|provider1|task385] Task STARTED on server server1
[90m7:58PM[0m DBG [tms|provider2|task776] Task COMPLETED on server server3, took 46.996894ms
[90m7:58PM[0m DBG [tms|provider2|task936] Task STARTED on server server3
[90m7:58PM[0m DBG [tms|provider4|task648] Task COMPLETED on server server7, took 68.797849ms
[90m7:58PM[0m DBG [tms|provider4|task898] Task STARTED on server server7
[90m7:58PM[0m DBG [tms|provider5|task864] Task COMPLETED on server server9, took 35.098756ms
[90m7:58PM[0m DBG [tms|provider5|task124] Task STARTED on server server9
[90m7:58PM[0m [31mERR[0m [1m[tms|provider1|task935] Task FAILED on server server2, took 55.192544ms[0m [36merror=[0m[31m[1m"smt.HandleTask: simulated error [task=task935 provider=provider1 server=server2]"[0m[0m
[90m7:58PM[0m DBG [tms|provider1|task935|server2] retrying (1/3) [36merror=[0m[31m[1m"smt.HandleTask: simulated error [task=task935 provider=provider1 server=server2]"[0m[0m
[90m7:58PM[0m DBG [tms|provider1|task545] Task STARTED on server server2
[90m7:58PM[0m DBG [tms|provider3|task827] Task COMPLETED on server server5, took 48.024117ms
[90m7:58PM[0m DBG [tms|provider3|task187] Task STARTED on server server5
[90m7:58PM[0m DBG [tms|provider5|task324] Task COMPLETED on server server10, took 44.97014ms
[90m7:58PM[0m DBG [tms|provider5|task204] Task STARTED on server server10
[90m7:58PM[0m DBG [tms|provider3|task787] Task COMPLETED on server server6, took 57.291587ms
[90m7:58PM[0m DBG [tms|provider3|task507] Task STARTED on server server6
[90m7:58PM[0m DBG [tms|provider2|task696] Task COMPLETED on server server4, took 66.558733ms
[90m7:58PM[0m DBG [tms|provider2|task456] Task STARTED on server server4
[90m7:58PM[0m DBG [tms|provider5|task334] Task COMPLETED on server server8, took 54.376656ms
[90m7:58PM[0m DBG [tms|provider5|task414] Task STARTED on server server8
[90m7:58PM[0m DBG [tms|provider5|task124] Task COMPLETED on server server9, took 44.779468ms
[90m7:58PM[0m DBG [tms|provider1|task385] Task COMPLETED on server server1, took 55.284203ms
[90m7:58PM[0m DBG [tms|provider5|task434] Task STARTED on server server9
[90m7:58PM[0m DBG [tms|provider1|task25] Task STARTED on server server1
[90m7:58PM[0m DBG [tms|provider2|task936] Task COMPLETED on server server3, took 56.259273ms
[90m7:58PM[0m DBG [tms|provider2|task386] Task STARTED on server server3
[90m7:58PM[0m [31mERR[0m [1m[tms|provider5|task204] Task FAILED on server server10, took 24.508248ms[0m [36merror=[0m[31m[1m"smt.HandleTask: simulated error [task=task204 provider=provider5 server=server10]"[0m[0m
[90m7:58PM[0m DBG [tms|provider5|task204|server10] retrying (2/3) [36merror=[0m[31m[1m"smt.HandleTask: simulated error [task=task204 provider=provider5 server=server10]"[0m[0m
[90m7:58PM[0m DBG [tms|provider5|task934] Task STARTED on server server10
[90m7:58PM[0m DBG [tms|provider2|task456] Task COMPLETED on server server4, took 26.546474ms
[90m7:58PM[0m DBG [tms|provider3|task507] Task COMPLETED on server server6, took 27.679921ms
[90m7:58PM[0m DBG [tms|provider2|task866] Task STARTED on server server4
[90m7:58PM[0m DBG [tms|provider3|task177] Task STARTED on server server6
[90m7:58PM[0m DBG [tms|provider4|task898] Task COMPLETED on server server7, took 68.393166ms
[90m7:58PM[0m DBG [tms|provider4|task698] Task STARTED on server server7
[90m7:58PM[0m DBG [tms|provider5|task414] Task COMPLETED on server server8, took 34.743304ms
[90m7:58PM[0m DBG [tms|provider5|task344] Task STARTED on server server8
[90m7:58PM[0m DBG [tms|provider1|task545] Task COMPLETED on server server2, took 65.230344ms
[90m7:58PM[0m DBG [tms|provider1|task865] Task STARTED on server server2
[90m7:58PM[0m [31mERR[0m [1m[tms|provider3|task187] Task FAILED on server server5, took 57.196332ms[0m [36merror=[0m[31m[1m"smt.HandleTask: simulated error [task=task187 provider=provider3 server=server5]"[0m[0m
[90m7:58PM[0m DBG [tms|provider3|task187|server5] retrying (1/3) [36merror=[0m[31m[1m"smt.HandleTask: simulated error [task=task187 provider=provider3 server=server5]"[0m[0m
[90m7:58PM[0m DBG [tms|provider3|task397] Task STARTED on server server5
[90m7:58PM[0m DBG [tms|provider1|task25] Task COMPLETED on server server1, took 45.850619ms
[90m7:58PM[0m DBG [tms|provider1|task875] Task STARTED on server server1
[90m7:58PM[0m DBG [tms|provider2|task866] Task COMPLETED on server server4, took 36.60847ms
[90m7:58PM[0m DBG [tms|provider2|task876] Task STARTED on server server4
[90m7:58PM[0m DBG [tms|provider5|task434] Task COMPLETED on server server9, took 54.087414ms
[90m7:58PM[0m DBG [tms|provider5|task204] Task STARTED on server server9
[90m7:58PM[0m DBG [tms|provider2|task386] Task COMPLETED on server server3, took 56.025216ms
[90m7:58PM[0m DBG [tms|provider2|task396] Task STARTED on server server3
[90m7:58PM[0m DBG [tms|provider3|task177] Task COMPLETED on server server6, took 47.837598ms
[90m7:58PM[0m DBG [tms|provider3|task247] Task STARTED on server server6
[90m7:58PM[0m DBG [tms|provider5|task934] Task COMPLETED on server server10, took 54.076206ms
[90m7:58PM[0m DBG [tms|provider5|task634] Task STARTED on server server10
[90m7:58PM[0m DBG [tms|provider1|task865] Task COMPLETED on server server2, took 35.734908ms
[90m7:58PM[0m DBG [tms|provider1|task765] Task STARTED on server server2
[90m7:58PM[0m [31mERR[0m [1m[tms|provider5|task204] Task FAILED on server server9, took 24.430882ms[0m [36merror=[0m[31m[1m"smt.HandleTask: simulated error [task=task204 provider=provider5 server=server9]"[0m[0m
[90m7:58PM[0m DBG [tms|provider5|task204|server9] retrying (3/3) [36merror=[0m[31m[1m"smt.HandleTask: simulated error [task=task204 provider=provider5 server=server9]"[0m[0m
[90m7:58PM[0m DBG [tms|provider5|task444] Task STARTED on server server9
[90m7:58PM[0m DBG [tms|provider4|task698] Task COMPLETED on server server7, took 68.155896ms
[90m7:58PM[0m DBG [tms|provider4|task928] Task STARTED on server server7
[90m7:58PM[0m DBG [tms|provider5|task344] Task COMPLETED on server server8, took 64.177469ms
[90m7:58PM[0m DBG [tms|provider1|task875] Task COMPLETED on server server1, took 45.890407ms
[90m7:58PM[0m DBG [tms|provider5|task984] Task STARTED on server server8
[90m7:58PM[0m DBG [tms|provider1|task935] Task STARTED on server server1
[90m7:58PM[0m DBG [tms|provider2|task876] Task COMPLETED on server server4, took 46.863881ms
[90m7:58PM[0m DBG [tms|provider2|task626] Task STARTED on server server4
[90m7:58PM[0m DBG [tms|provider3|task397] Task COMPLETED on server server5, took 67.252776ms
[90m7:58PM[0m DBG [tms|provider3|task127] Task STARTED on server server5
[90m7:58PM[0m [31mERR[0m [1m[tms|provider1|task765] Task FAILED on server server2, took 35.649794ms[0m [36merror=[0m[31m[1m"smt.HandleTask: simulated error [task=task765 provider=provider1 server=server2]"[0m[0m
[90m7:58PM[0m DBG [tms|provider1|task765|server2] retrying (3/3) [36merror=[0m[31m[1m"smt.HandleTask: simulated error [task=task765 provider=provider1 server=server2]"[0m[0m
[90m7:58PM[0m DBG [tms|provider1|task925] Task STARTED on server server2
[90m7:58PM[0m DBG [tms|provider5|task634] Task COMPLETED on server server10, took 54.886784ms
[90m7:58PM[0m DBG [tms|provider5|task204] Task STARTED on server server10
[90m7:58PM[0m DBG [tms|provider2|task396] Task COMPLETED on server server3, took 66.319768ms
[90m7:58PM[0m DBG [tms|provider2|task526] Task STARTED on server server3
[90m7:58PM[0m DBG [tms|provider3|task247] Task COMPLETED on server server6, took 67.342012ms
[90m7:58PM[0m DBG [tms|provider3|task217] Task STARTED on server server6
[90m7:58PM[0m DBG [tms|provider4|task928] Task COMPLETED on server server7, took 49.031153ms
[90m7:58PM[0m DBG [tms|provider4|task958] Task STARTED on server server7
[90m7:58PM[0m DBG [tms|provider5|task444] Task COMPLETED on server server9, took 64.304254ms
[90m7:58PM[0m DBG [tms|provider5|task794] Task STARTED on server server9
[90m7:58PM[0m DBG [tms|provider5|task984] Task COMPLETED on server server8, took 54.232419ms
[90m7:58PM[0m [31mERR[0m [1m[tms|provider5|task204] Task FAILED on server server10, took 24.619069ms[0m [36merror=[0m[31m[1m"smt.HandleTask: simulated error [task=task204 provider=provider5 server=server10]"[0m[0m
[90m7:58PM[0m [31mERR[0m [1m[tms|provider5|task204|server10] max retries reached[0m [36merror=[0m[31m[1m"smt.HandleTask: simulated error [task=task204 provider=provider5 server=server10]"[0m[0m
[90m7:58PM[0m DBG [tms|provider5|task154] Task STARTED on server server8
[90m7:58PM[0m DBG [tms|provider2|task626] Task COMPLETED on server server4, took 46.067763ms
[90m7:58PM[0m DBG [tms|provider5|task594] Task STARTED on server server10
[90m7:58PM[0m DBG [tms|provider2|task906] Task STARTED on server server4
[90m7:58PM[0m [31mERR[0m [1m[tms|provider1|task935] Task FAILED on server server1, took 55.304722ms[0m [36merror=[0m[31m[1m"smt.HandleTask: simulated error [task=task935 provider=provider1 server=server1]"[0m[0m
[90m7:58PM[0m DBG [tms|provider1|task935|server1] retrying (2/3) [36merror=[0m[31m[1m"smt.HandleTask: simulated error [task=task935 provider=provider1 server=server1]"[0m[0m
[90m7:58PM[0m DBG [tms|provider1|task395] Task STARTED on server server1
[90m7:58PM[0m DBG [tms|provider3|task127] Task COMPLETED on server server5, took 47.101656ms
[90m7:58PM[0m DBG [tms|provider3|task47] Task STARTED on server server5
[90m7:58PM[0m DBG [tms|provider1|task925] Task COMPLETED on server server2, took 45.07784ms
[90m7:58PM[0m DBG [tms|provider1|task625] Task STARTED on server server2
[90m7:58PM[0m DBG [tms|provider4|task958] Task COMPLETED on server server7, took 28.564579ms
[90m7:58PM[0m DBG [tms|provider4|task238] Task STARTED on server server7
[90m7:58PM[0m DBG [tms|provider3|task217] Task COMPLETED on server server6, took 37.958286ms
[90m7:58PM[0m DBG [tms|provider3|task187] Task STARTED on server server6
[90m7:58PM[0m DBG [tms|provider5|task154] Task COMPLETED on server server8, took 24.575991ms
[90m7:58PM[0m DBG [tms|provider5|task274] Task STARTED on server server8
[90m7:58PM[0m DBG [tms|provider2|task906] Task COMPLETED on server server4, took 26.637548ms
[90m7:58PM[0m DBG [tms|provider2|task186] Task STARTED on server server4
[90m7:58PM[0m DBG [tms|provider2|task526] Task COMPLETED on server server3, took 46.304851ms
[90m7:58PM[0m DBG [tms|provider2|task216] Task STARTED on server server3
[90m7:58PM[0m DBG [tms|provider1|task625] Task COMPLETED on server server2, took 45.578902ms
[90m7:58PM[0m DBG [tms|provider1|task765] Task STARTED on server server2
[90m7:58PM[0m DBG [tms|provider5|task794] Task COMPLETED on server server9, took 64.063726ms
[90m7:58PM[0m DBG [tms|provider5|task944] Task STARTED on server server9
[90m7:58PM[0m DBG [tms|provider2|task216] Task COMPLETED on server server3, took 36.273213ms
[90m7:58PM[0m DBG [tms|provider2|task916] Task STARTED on server server3
[90m7:58PM[0m DBG [tms|provider5|task594] Task COMPLETED on server server10, took 64.075142ms
[90m7:58PM[0m DBG [tms|provider5|task424] Task STARTED on server server10
[90m7:58PM[0m DBG [tms|provider1|task395] Task COMPLETED on server server1, took 66.068655ms
[90m7:58PM[0m DBG [tms|provider1|task935] Task STARTED on server server1
[90m7:58PM[0m DBG [tms|provider5|task274] Task COMPLETED on server server8, took 44.750483ms
[90m7:58PM[0m DBG [tms|provider5|task184] Task STARTED on server server8
[90m7:58PM[0m DBG [tms|provider3|task47] Task COMPLETED on server server5, took 67.328426ms
[90m7:58PM[0m DBG [tms|provider3|task137] Task STARTED on server server5
[90m7:58PM[0m [31mERR[0m [1m[tms|provider4|task238] Task FAILED on server server7, took 58.1611ms[0m [36merror=[0m[31m[1m"smt.HandleTask: simulated error [task=task238 provider=provider4 server=server7]"[0m[0m
[90m7:58PM[0m DBG [tms|provider4|task238|server7] retrying (1/3) [36merror=[0m[31m[1m"smt.HandleTask: simulated error [task=task238 provider=provider4 server=server7]"[0m[0m
[90m7:58PM[0m DBG [tms|provider4|task408] Task STARTED on server server7
[90m7:58PM[0m [31mERR[0m [1m[tms|provider3|task187] Task FAILED on server server6, took 58.091646ms[0m [36merror=[0m[31m[1m"smt.HandleTask: simulated error [task=task187 provider=provider3 server=server6]"[0m[0m
[90m7:58PM[0m DBG [tms|provider3|task187|server6] retrying (2/3) [36merror=[0m[31m[1m"smt.HandleTask: simulated error [task=task187 provider=provider3 server=server6]"[0m[0m
[90m7:58PM[0m DBG [tms|provider3|task857] Task STARTED on server server6
[90m7:58PM[0m DBG [tms|provider2|task186] Task COMPLETED on server server4, took 57.077317ms
[90m7:58PM[0m DBG [tms|provider2|task146] Task STARTED on server server4
[90m7:58PM[0m [31mERR[0m [1m[tms|provider1|task765] Task FAILED on server server2, took 36.097779ms[0m [36merror=[0m[31m[1m"smt.HandleTask: simulated error [task=task765 provider=provider1 server=server2]"[0m[0m
[90m7:58PM[0m [31mERR[0m [1m[tms|provider1|task765|server2] max retries reached[0m [36merror=[0m[31m[1m"smt.HandleTask: simulated error [task=task765 provider=provider1 server=server2]"[0m[0m
[90m7:58PM[0m DBG [tms|provider1|task105] Task STARTED on server server2
[90m7:58PM[0m DBG [tms|provider2|task916] Task COMPLETED on server server3, took 36.044712ms
[90m7:58PM[0m DBG [tms|provider2|task896] Task STARTED on server server3
[90m7:58PM[0m DBG [tms|provider5|task424] Task COMPLETED on server server10, took 44.189077ms
[90m7:58PM[0m [31mERR[0m [1m[tms|provider4|task408] Task FAILED on server server7, took 28.486944ms[0m [36merror=[0m[31m[1m"smt.HandleTask: simulated error [task=task408 provider=provider4 server=server7]"[0m[0m
[90m7:58PM[0m DBG [tms|provider4|task408|server7] retrying (3/3) [36merror=[0m[31m[1m"smt.HandleTask: simulated error [task=task408 provider=provider4 server=server7]"[0m[0m
[90m7:58PM[0m DBG [tms|provider5|task534] Task STARTED on server server10
[90m7:58PM[0m DBG [tms|provider4|task658] Task STARTED on server server7
[90m7:58PM[0m DBG [tms|provider3|task857] Task COMPLETED on server server6, took 27.516379ms
[90m7:58PM[0m DBG [tms|provider3|task607] Task STARTED on server server6
[90m7:58PM[0m DBG [tms|provider1|task105] Task COMPLETED on server server2, took 25.324015ms
[90m7:58PM[0m DBG [tms|provider1|task185] Task STARTED on server server2
[90m7:58PM[0m [31mERR[0m [1m[tms|provider1|task935] Task FAILED on server server1, took 55.535731ms[0m [36merror=[0m[31m[1m"smt.HandleTask: simulated error [task=task935 provider=provider1 server=server1]"[0m[0m
[90m7:58PM[0m DBG [tms|provider1|task935|server1] retrying (3/3) [36merror=[0m[31m[1m"smt.HandleTask: simulated error [task=task935 provider=provider1 server=server1]"[0m[0m
[90m7:58PM[0m DBG [tms|provider1|task145] Task STARTED on server server1
[90m7:58PM[0m DBG [tms|provider5|task184] Task COMPLETED on server server8, took 54.4153ms
[90m7:58PM[0m DBG [tms|provider5|task24] Task STARTED on server server8
[90m7:58PM[0m DBG [tms|provider5|task944] Task COMPLETED on server server9, took 64.987749ms
[90m7:58PM[0m DBG [tms|provider5|task74] Task STARTED on server server9
[90m7:58PM[0m DBG [tms|provider3|task137] Task COMPLETED on server server5, took 57.449439ms
[90m7:58PM[0m DBG [tms|provider3|task537] Task STARTED on server server5
[90m7:58PM[0m DBG [tms|provider4|task658] Task COMPLETED on server server7, took 28.713338ms
[90m7:58PM[0m DBG [tms|provider4|task318] Task STARTED on server server7
[90m7:58PM[0m DBG [tms|provider3|task607] Task COMPLETED on server server6, took 27.855415ms
[90m7:58PM[0m DBG [tms|provider3|task187] Task STARTED on server server6
[90m7:58PM[0m DBG [tms|provider2|task146] Task COMPLETED on server server4, took 66.643379ms
[90m7:58PM[0m DBG [tms|provider2|task426] Task STARTED on server server4
[90m7:58PM[0m DBG [tms|provider5|task534] Task COMPLETED on server server10, took 54.378916ms
[90m7:58PM[0m DBG [tms|provider5|task764] Task STARTED on server server10
[90m7:58PM[0m DBG [tms|provider2|task896] Task COMPLETED on server server3, took 66.806205ms
[90m7:58PM[0m DBG [tms|provider2|task166] Task STARTED on server server3
[90m7:58PM[0m DBG [tms|provider5|task24] Task COMPLETED on server server8, took 44.232634ms
[90m7:58PM[0m DBG [tms|provider5|task684] Task STARTED on server server8
[90m7:58PM[0m DBG [tms|provider5|task74] Task COMPLETED on server server9, took 44.399235ms
[90m7:58PM[0m DBG [tms|provider5|task914] Task STARTED on server server9
[90m7:58PM[0m DBG [tms|provider4|task318] Task COMPLETED on server server7, took 38.381995ms
[90m7:58PM[0m DBG [tms|provider1|task185] Task COMPLETED on server server2, took 56.106826ms
[90m7:58PM[0m DBG [tms|provider4|task238] Task STARTED on server server7
[90m7:58PM[0m DBG [tms|provider1|task455] Task STARTED on server server2
[90m7:58PM[0m DBG [tms|provider1|task145] Task COMPLETED on server server1, took 65.923362ms
[90m7:58PM[0m DBG [tms|provider1|task215] Task STARTED on server server1
[90m7:58PM[0m DBG [tms|provider3|task537] Task COMPLETED on server server5, took 57.832957ms
[90m7:58PM[0m DBG [tms|provider3|task77] Task STARTED on server server5
[90m7:58PM[0m [31mERR[0m [1m[tms|provider3|task187] Task FAILED on server server6, took 57.690372ms[0m [36merror=[0m[31m[1m"smt.HandleTask: simulated error [task=task187 provider=provider3 server=server6]"[0m[0m
[90m7:58PM[0m DBG [tms|provider3|task187|server6] retrying (3/3) [36merror=[0m[31m[1m"smt.HandleTask: simulated error [task=task187 provider=provider3 server=server6]"[0m[0m
[90m7:58PM[0m DBG [tms|provider3|task17] Task STARTED on server server6
[90m7:58PM[0m DBG [tms|provider2|task426] Task COMPLETED on server server4, took 46.661932ms
[90m7:58PM[0m DBG [tms|provider5|task764] Task COMPLETED on server server10, took 34.44471ms
[90m7:58PM[0m DBG [tms|provider2|task946] Task STARTED on server server4
[90m7:58PM[0m DBG [tms|provider5|task524] Task STARTED on server server10
[90m7:58PM[0m DBG [tms|provider1|task455] Task COMPLETED on server server2, took 25.768362ms
[90m7:58PM[0m DBG [tms|provider1|task935] Task STARTED on server server2
[90m7:58PM[0m DBG [tms|provider2|task166] Task COMPLETED on server server3, took 36.65615ms
[90m7:58PM[0m DBG [tms|provider2|task46] Task STARTED on server server3
[90m7:58PM[0m DBG [tms|provider5|task914] Task COMPLETED on server server9, took 34.341685ms
[90m7:58PM[0m DBG [tms|provider5|task554] Task STARTED on server server9
[90m7:58PM[0m DBG [tms|provider5|task684] Task COMPLETED on server server8, took 54.93853ms
[90m7:58PM[0m DBG [tms|provider5|task904] Task STARTED on server server8
[90m7:58PM[0m DBG [tms|provider1|task215] Task COMPLETED on server server1, took 35.352382ms
[90m7:58PM[0m DBG [tms|provider1|task115] Task STARTED on server server1
[90m7:58PM[0m DBG [tms|provider5|task554] Task COMPLETED on server server9, took 24.306555ms
[90m7:58PM[0m DBG [tms|provider5|task474] Task STARTED on server server9
[90m7:58PM[0m [31mERR[0m [1m[tms|provider3|task17] Task FAILED on server server6, took 37.406129ms[0m [36merror=[0m[31m[1m"smt.HandleTask: simulated error [task=task17 provider=provider3 server=server6]"[0m[0m
[90m7:58PM[0m DBG [tms|provider3|task17|server6] retrying (1/3) [36merror=[0m[31m[1m"smt.HandleTask: simulated error [task=task17 provider=provider3 server=server6]"[0m[0m
[90m7:58PM[0m DBG [tms|provider3|task307] Task STARTED on server server6
[90m7:58PM[0m [31mERR[0m [1m[tms|provider4|task238] Task FAILED on server server7, took 59.111466ms[0m [36merror=[0m[31m[1m"smt.HandleTask: simulated error [task=task238 provider=provider4 server=server7]"[0m[0m
[90m7:58PM[0m DBG [tms|provider4|task238|server7] retrying (2/3) [36merror=[0m[31m[1m"smt.HandleTask: simulated error [task=task238 provider=provider4 server=server7]"[0m[0m
[90m7:58PM[0m DBG [tms|provider4|task408] Task STARTED on server server7
[90m7:58PM[0m DBG [tms|provider5|task524] Task COMPLETED on server server10, took 44.740937ms
[90m7:58PM[0m DBG [tms|provider3|task77] Task COMPLETED on server server5, took 48.013749ms
[90m7:58PM[0m DBG [tms|provider5|task584] Task STARTED on server server10
[90m7:58PM[0m DBG [tms|provider3|task187] Task STARTED on server server5
[90m7:58PM[0m DBG [tms|provider5|task904] Task COMPLETED on server server8, took 24.978924ms
[90m7:58PM[0m DBG [tms|provider5|task614] Task STARTED on server server8
[90m7:58PM[0m [31mERR[0m [1m[tms|provider1|task935] Task FAILED on server server2, took 55.765902ms[0m [36merror=[0m[31m[1m"smt.HandleTask: simulated error [task=task935 provider=provider1 server=server2]"[0m[0m
[90m7:58PM[0m [31mERR[0m [1m[tms|provider1|task935|server2] max retries reached[0m [36merror=[0m[31m[1m"smt.HandleTask: simulated error [task=task935 provider=provider1 server=server2]"[0m[0m
[90m7:58PM[0m DBG [tms|provider1|task20] Task STARTED on server server2
[90m7:58PM[0m DBG [tms|provider1|task115] Task COMPLETED on server server1, took 35.205297ms
[90m7:58PM[0m DBG [tms|provider1|task300] Task STARTED on server server1
[90m7:58PM[0m DBG [tms|provider3|task307] Task COMPLETED on server server6, took 27.888063ms
[90m7:58PM[0m DBG [tms|provider3|task17] Task STARTED on server server6
[90m7:58PM[0m DBG [tms|provider2|task946] Task COMPLETED on server server4, took 66.616308ms
[90m7:58PM[0m [31mERR[0m [1m[tms|provider4|task408] Task FAILED on server server7, took 28.856267ms[0m [36merror=[0m[31m[1m"smt.HandleTask: simulated error [task=task408 provider=provider4 server=server7]"[0m[0m
[90m7:58PM[0m [31mERR[0m [1m[tms|provider4|task408|server7] max retries reached[0m [36merror=[0m[31m[1m"smt.HandleTask: simulated error [task=task408 provider=provider4 server=server7]"[0m[0m
[90m7:58PM[0m DBG [tms|provider2|task856] Task STARTED on server server4
[90m7:58PM[0m DBG [tms|provider4|task918] Task STARTED on server server7
[90m7:58PM[0m DBG [tms|provider2|task46] Task COMPLETED on server server3, took 66.170059ms
[90m7:58PM[0m DBG [tms|provider2|task826] Task STARTED on server server3
[90m7:58PM[0m DBG [tms|provider5|task474] Task COMPLETED on server server9, took 44.801527ms
[90m7:58PM[0m DBG [tms|provider5|task254] Task STARTED on server server9
[90m7:58PM[0m DBG [tms|provider1|task300] Task COMPLETED on server server1, took 20.916009ms
[90m7:58PM[0m DBG [tms|provider1|task470] Task STARTED on server server1
[90m7:58PM[0m DBG [tms|provider5|task614] Task COMPLETED on server server8, took 34.539081ms
[90m7:58PM[0m DBG [tms|provider5|task894] Task STARTED on server server8
[90m7:58PM[0m DBG [tms|provider2|task856] Task COMPLETED on server server4, took 27.047541ms
[90m7:58PM[0m DBG [tms|provider2|task741] Task STARTED on server server4
[90m7:58PM[0m DBG [tms|provider5|task584] Task COMPLETED on server server10, took 54.989457ms
[90m7:58PM[0m DBG [tms|provider5|task194] Task STARTED on server server10
[90m7:58PM[0m [31mERR[0m [1m[tms|provider3|task17] Task FAILED on server server6, took 37.435176ms[0m [36merror=[0m[31m[1m"smt.HandleTask: simulated error [task=task17 provider=provider3 server=server6]"[0m[0m
[90m7:58PM[0m DBG [tms|provider3|task17|server6] retrying (2/3) [36merror=[0m[31m[1m"smt.HandleTask: simulated error [task=task17 provider=provider3 server=server6]"[0m[0m
[90m7:58PM[0m DBG [tms|provider3|task42] Task STARTED on server server6
[90m7:58PM[0m DBG [tms|provider1|task20] Task COMPLETED on server server2, took 40.537612ms
[90m7:58PM[0m DBG [tms|provider1|task680] Task STARTED on server server2
[90m7:58PM[0m DBG [tms|provider5|task254] Task COMPLETED on server server9, took 24.875794ms
[90m7:58PM[0m [31mERR[0m [1m[tms|provider3|task187] Task FAILED on server server5, took 57.111016ms[0m [36merror=[0m[31m[1m"smt.HandleTask: simulated error [task=task187 provider=provider3 server=server5]"[0m[0m
[90m7:58PM[0m DBG [tms|provider5|task464] Task STARTED on server server9
[90m7:58PM[0m [31mERR[0m [1m[tms|provider3|task187|server5] max retries reached[0m [36merror=[0m[31m[1m"smt.HandleTask: simulated error [task=task187 provider=provider3 server=server5]"[0m[0m
[90m7:58PM[0m DBG [tms|provider3|task17] Task STARTED on server server5
[90m7:58PM[0m [31mERR[0m [1m[tms|provider4|task918] Task FAILED on server server7, took 38.372761ms[0m [36merror=[0m[31m[1m"smt.HandleTask: simulated error [task=task918 provider=provider4 server=server7]"[0m[0m
[90m7:58PM[0m DBG [tms|provider4|task918|server7] retrying (2/3) [36merror=[0m[31m[1m"smt.HandleTask: simulated error [task=task918 provider=provider4 server=server7]"[0m[0m
[90m7:58PM[0m DBG [tms|provider4|task978] Task STARTED on server server7
[90m7:58PM[0m DBG [tms|provider2|task826] Task COMPLETED on server server3, took 46.293702ms
[90m7:58PM[0m DBG [tms|provider2|task901] Task STARTED on server server3
[90m7:58PM[0m DBG [tms|provider1|task470] Task COMPLETED on server server1, took 40.840586ms
[90m7:58PM[0m DBG [tms|provider1|task100] Task STARTED on server server1
[90m7:58PM[0m DBG [tms|provider5|task464] Task COMPLETED on server server9, took 34.470191ms
[90m7:58PM[0m DBG [tms|provider5|task164] Task STARTED on server server9
[90m7:58PM[0m [31mERR[0m [1m[tms|provider3|task17] Task FAILED on server server5, took 37.56263ms[0m [36merror=[0m[31m[1m"smt.HandleTask: simulated error [task=task17 provider=provider3 server=server5]"[0m[0m
[90m7:58PM[0m DBG [tms|provider3|task17|server5] retrying (3/3) [36merror=[0m[31m[1m"smt.HandleTask: simulated error [task=task17 provider=provider3 server=server5]"[0m[0m
[90m7:58PM[0m DBG [tms|provider3|task282] Task STARTED on server server5
[90m7:58PM[0m [31mERR[0m [1m[tms|provider2|task901] Task FAILED on server server3, took 21.392139ms[0m [36merror=[0m[31m[1m"smt.HandleTask: simulated error [task=task901 provider=provider2 server=server3]"[0m[0m
[90m7:58PM[0m DBG [tms|provider2|task901|server3] retrying (1/3) [36merror=[0m[31m[1m"smt.HandleTask: simulated error [task=task901 provider=provider2 server=server3]"[0m[0m
[90m7:58PM[0m DBG [tms|provider2|task771] Task STARTED on server server3
[90m7:58PM[0m DBG [tms|provider1|task100] Task COMPLETED on server server1, took 20.38969ms
[90m7:58PM[0m DBG [tms|provider1|task530] Task STARTED on server server1
[90m7:58PM[0m DBG [tms|provider5|task894] Task COMPLETED on server server8, took 64.254361ms
[90m7:58PM[0m DBG [tms|provider5|task544] Task STARTED on server server8
[90m7:58PM[0m [31mERR[0m [1m[tms|provider1|task680] Task FAILED on server server2, took 50.049075ms[0m [36merror=[0m[31m[1m"smt.HandleTask: simulated error [task=task680 provider=provider1 server=server2]"[0m[0m
[90m7:58PM[0m DBG [tms|provider1|task680|server2] retrying (1/3) [36merror=[0m[31m[1m"smt.HandleTask: simulated error [task=task680 provider=provider1 server=server2]"[0m[0m
[90m7:58PM[0m DBG [tms|provider1|task840] Task STARTED on server server2
[90m7:58PM[0m DBG [tms|provider4|task978] Task COMPLETED on server server7, took 49.055156ms
[90m7:58PM[0m DBG [tms|provider4|task238] Task STARTED on server server7
[90m7:58PM[0m DBG [tms|provider2|task741] Task COMPLETED on server server4, took 61.498494ms
[90m7:58PM[0m DBG [tms|provider2|task531] Task STARTED on server server4
[90m7:58PM[0m DBG [tms|provider3|task42] Task COMPLETED on server server6, took 62.522362ms
[90m7:58PM[0m DBG [tms|provider3|task17] Task STARTED on server server6
[90m7:58PM[0m DBG [tms|provider5|task194] Task COMPLETED on server server10, took 64.640026ms
[90m7:58PM[0m DBG [tms|provider5|task494] Task STARTED on server server10
[90m7:58PM[0m DBG [tms|provider5|task164] Task COMPLETED on server server9, took 35.097944ms
[90m7:58PM[0m DBG [tms|provider5|task974] Task STARTED on server server9
[90m7:58PM[0m DBG [tms|provider2|task771] Task COMPLETED on server server3, took 42.098439ms
[90m7:58PM[0m DBG [tms|provider2|task901] Task STARTED on server server3
[90m7:58PM[0m DBG [tms|provider3|task282] Task COMPLETED on server server5, took 52.325964ms
[90m7:58PM[0m DBG [tms|provider3|task592] Task STARTED on server server5
[90m7:58PM[0m DBG [tms|provider1|task530] Task COMPLETED on server server1, took 50.343096ms
[90m7:58PM[0m DBG [tms|provider1|task920] Task STARTED on server server1
[90m7:58PM[0m [31mERR[0m [1m[tms|provider3|task17] Task FAILED on server server6, took 37.949169ms[0m [36merror=[0m[31m[1m"smt.HandleTask: simulated error [task=task17 provider=provider3 server=server6]"[0m[0m
[90m7:58PM[0m [31mERR[0m [1m[tms|provider3|task17|server6] max retries reached[0m [36merror=[0m[31m[1m"smt.HandleTask: simulated error [task=task17 provider=provider3 server=server6]"[0m[0m
[90m7:58PM[0m DBG [tms|provider3|task232] Task STARTED on server server6
[90m7:58PM[0m [31mERR[0m [1m[tms|provider2|task901] Task FAILED on server server3, took 21.718548ms[0m [36merror=[0m[31m[1m"smt.HandleTask: simulated error [task=task901 provider=provider2 server=server3]"[0m[0m
[90m7:58PM[0m DBG [tms|provider2|task901|server3] retrying (2/3) [36merror=[0m[31m[1m"smt.HandleTask: simulated error [task=task901 provider=provider2 server=server3]"[0m[0m
[90m7:58PM[0m DBG [tms|provider2|task441] Task STARTED on server server3
[90m7:58PM[0m DBG [tms|provider2|task531] Task COMPLETED on server server4, took 51.615582ms
[90m7:58PM[0m DBG [tms|provider2|task791] Task STARTED on server server4
[90m7:58PM[0m DBG [tms|provider1|task840] Task COMPLETED on server server2, took 61.026777ms
[90m7:58PM[0m DBG [tms|provider1|task680] Task STARTED on server server2
[90m7:58PM[0m [31mERR[0m [1m[tms|provider4|task238] Task FAILED on server server7, took 59.002873ms[0m [36merror=[0m[31m[1m"smt.HandleTask: simulated error [task=task238 provider=provider4 server=server7]"[0m[0m
[90m7:58PM[0m DBG [tms|provider4|task238|server7] retrying (3/3) [36merror=[0m[31m[1m"smt.HandleTask: simulated error [task=task238 provider=provider4 server=server7]"[0m[0m
[90m7:58PM[0m DBG [tms|provider4|task938] Task STARTED on server server7
[90m7:58PM[0m [31mERR[0m [1m[tms|provider5|task544] Task FAILED on server server8, took 64.3911ms[0m [36merror=[0m[31m[1m"smt.HandleTask: simulated error [task=task544 provider=provider5 server=server8]"[0m[0m
[90m7:58PM[0m DBG [tms|provider5|task544|server8] retrying (1/3) [36merror=[0m[31m[1m"smt.HandleTask: simulated error [task=task544 provider=provider5 server=server8]"[0m[0m
[90m7:58PM[0m DBG [tms|provider5|task354] Task STARTED on server server8
[90m7:58PM[0m DBG [tms|provider5|task974] Task COMPLETED on server server9, took 44.682831ms
[90m7:58PM[0m DBG [tms|provider5|task954] Task STARTED on server server9
[90m7:58PM[0m DBG [tms|provider5|task494] Task COMPLETED on server server10, took 65.065314ms
[90m7:58PM[0m DBG [tms|provider5|task544] Task STARTED on server server10
[90m7:58PM[0m DBG [tms|provider1|task920] Task COMPLETED on server server1, took 40.736161ms
[90m7:58PM[0m DBG [tms|provider1|task250] Task STARTED on server server1
[90m7:58PM[0m DBG [tms|provider5|task354] Task COMPLETED on server server8, took 24.81433ms
[90m7:58PM[0m DBG [tms|provider5|task624] Task STARTED on server server8
[90m7:58PM[0m DBG [tms|provider5|task954] Task COMPLETED on server server9, took 24.832593ms
[90m7:58PM[0m DBG [tms|provider5|task654] Task STARTED on server server9
[90m7:58PM[0m DBG [tms|provider3|task232] Task COMPLETED on server server6, took 52.935701ms
[90m7:58PM[0m DBG [tms|provider3|task592] Task COMPLETED on server server5, took 62.486468ms
[90m7:58PM[0m DBG [tms|provider3|task342] Task STARTED on server server5
[90m7:58PM[0m DBG [tms|provider3|task162] Task STARTED on server server6
[90m7:58PM[0m DBG [tms|provider1|task250] Task COMPLETED on server server1, took 20.555674ms
[90m7:58PM[0m DBG [tms|provider1|task220] Task STARTED on server server1
[90m7:58PM[0m [31mERR[0m [1m[tms|provider1|task680] Task FAILED on server server2, took 50.732529ms[0m [36merror=[0m[31m[1m"smt.HandleTask: simulated error [task=task680 provider=provider1 server=server2]"[0m[0m
[90m7:58PM[0m DBG [tms|provider1|task680|server2] retrying (2/3) [36merror=[0m[31m[1m"smt.HandleTask: simulated error [task=task680 provider=provider1 server=server2]"[0m[0m
[90m7:58PM[0m DBG [tms|provider1|task440] Task STARTED on server server2
[90m7:58PM[0m DBG [tms|provider5|task654] Task COMPLETED on server server9, took 24.4142ms
[90m7:58PM[0m DBG [tms|provider2|task441] Task COMPLETED on server server3, took 61.266601ms
[90m7:58PM[0m DBG [tms|provider5|task874] Task STARTED on server server9
[90m7:58PM[0m DBG [tms|provider2|task901] Task STARTED on server server3
[90m7:58PM[0m DBG [tms|provider2|task791] Task COMPLETED on server server4, took 61.960425ms
[90m7:58PM[0m DBG [tms|provider2|task321] Task STARTED on server server4
[90m7:58PM[0m DBG [tms|provider4|task938] Task COMPLETED on server server7, took 58.930819ms
[90m7:58PM[0m DBG [tms|provider4|task918] Task STARTED on server server7
[90m7:58PM[0m DBG [tms|provider5|task624] Task COMPLETED on server server8, took 44.118652ms
[90m7:58PM[0m DBG [tms|provider5|task104] Task STARTED on server server8
[90m7:58PM[0m DBG [tms|provider3|task162] Task COMPLETED on server server6, took 32.849314ms
[90m7:58PM[0m [31mERR[0m [1m[tms|provider2|task901] Task FAILED on server server3, took 21.501652ms[0m [36merror=[0m[31m[1m"smt.HandleTask: simulated error [task=task901 provider=provider2 server=server3]"[0m[0m
[90m7:58PM[0m DBG [tms|provider2|task901|server3] retrying (3/3) [36merror=[0m[31m[1m"smt.HandleTask: simulated error [task=task901 provider=provider2 server=server3]"[0m[0m
[90m7:58PM[0m DBG [tms|provider3|task872] Task STARTED on server server6
[90m7:58PM[0m DBG [tms|provider2|task231] Task STARTED on server server3
[90m7:58PM[0m [31mERR[0m [1m[tms|provider5|task544] Task FAILED on server server10, took 65.029356ms[0m [36merror=[0m[31m[1m"smt.HandleTask: simulated error [task=task544 provider=provider5 server=server10]"[0m[0m
[90m7:58PM[0m DBG [tms|provider5|task544|server10] retrying (2/3) [36merror=[0m[31m[1m"smt.HandleTask: simulated error [task=task544 provider=provider5 server=server10]"[0m[0m
[90m7:58PM[0m DBG [tms|provider5|task14] Task STARTED on server server10
[90m7:58PM[0m DBG [tms|provider1|task220] Task COMPLETED on server server1, took 41.087199ms
[90m7:58PM[0m DBG [tms|provider1|task80] Task STARTED on server server1
[90m7:58PM[0m DBG [tms|provider5|task104] Task COMPLETED on server server8, took 24.564788ms
[90m7:58PM[0m DBG [tms|provider5|task314] Task STARTED on server server8
[90m7:58PM[0m DBG [tms|provider5|task874] Task COMPLETED on server server9, took 44.192116ms
[90m7:58PM[0m DBG [tms|provider5|task544] Task STARTED on server server9
[90m7:58PM[0m DBG [tms|provider2|task321] Task COMPLETED on server server4, took 41.087331ms
[90m7:58PM[0m [31mERR[0m [1m[tms|provider4|task918] Task FAILED on server server7, took 38.070599ms[0m [36merror=[0m[31m[1m"smt.HandleTask: simulated error [task=task918 provider=provider4 server=server7]"[0m[0m
[90m7:58PM[0m DBG [tms|provider4|task918|server7] retrying (3/3) [36merror=[0m[31m[1m"smt.HandleTask: simulated error [task=task918 provider=provider4 server=server7]"[0m[0m
[90m7:58PM[0m DBG [tms|provider2|task841] Task STARTED on server server4
[90m7:58PM[0m DBG [tms|provider4|task568] Task STARTED on server server7
[90m7:58PM[0m DBG [tms|provider3|task342] Task COMPLETED on server server5, took 62.726893ms
[90m7:58PM[0m DBG [tms|provider3|task472] Task STARTED on server server5
[90m7:58PM[0m DBG [tms|provider1|task440] Task COMPLETED on server server2, took 60.613649ms
[90m7:58PM[0m DBG [tms|provider1|task680] Task STARTED on server server2
[90m7:58PM[0m DBG [tms|provider5|task14] Task COMPLETED on server server10, took 34.930845ms
[90m7:58PM[0m DBG [tms|provider3|task872] Task COMPLETED on server server6, took 42.304991ms
[90m7:58PM[0m DBG [tms|provider5|task64] Task STARTED on server server10
[90m7:58PM[0m DBG [tms|provider3|task682] Task STARTED on server server6
[90m7:58PM[0m DBG [tms|provider2|task231] Task COMPLETED on server server3, took 51.412045ms
[90m7:58PM[0m DBG [tms|provider2|task901] Task STARTED on server server3
[90m7:58PM[0m DBG [tms|provider5|task314] Task COMPLETED on server server8, took 35.174258ms
[90m7:58PM[0m DBG [tms|provider5|task834] Task STARTED on server server8
[90m7:58PM[0m DBG [tms|provider1|task80] Task COMPLETED on server server1, took 50.499358ms
[90m7:58PM[0m DBG [tms|provider1|task950] Task STARTED on server server1
[90m7:58PM[0m DBG [tms|provider4|task568] Task COMPLETED on server server7, took 38.126688ms
[90m7:58PM[0m DBG [tms|provider4|task238] Task STARTED on server server7
[90m7:58PM[0m DBG [tms|provider3|task472] Task COMPLETED on server server5, took 42.501107ms
[90m7:58PM[0m DBG [tms|provider3|task192] Task STARTED on server server5
[90m7:58PM[0m [31mERR[0m [1m[tms|provider2|task901] Task FAILED on server server3, took 21.872498ms[0m [36merror=[0m[31m[1m"smt.HandleTask: simulated error [task=task901 provider=provider2 server=server3]"[0m[0m
[90m7:58PM[0m [31mERR[0m [1m[tms|provider2|task901|server3] max retries reached[0m [36merror=[0m[31m[1m"smt.HandleTask: simulated error [task=task901 provider=provider2 server=server3]"[0m[0m
[90m7:58PM[0m DBG [tms|provider2|task61] Task STARTED on server server3
[90m7:58PM[0m DBG [tms|provider5|task64] Task COMPLETED on server server10, took 34.320481ms
[90m7:58PM[0m DBG [tms|provider5|task404] Task STARTED on server server10
[90m7:58PM[0m DBG [tms|provider1|task950] Task COMPLETED on server server1, took 21.074384ms
[90m7:58PM[0m DBG [tms|provider1|task240] Task STARTED on server server1
[90m7:58PM[0m DBG [tms|provider2|task841] Task COMPLETED on server server4, took 61.559042ms
[90m7:58PM[0m DBG [tms|provider2|task361] Task STARTED on server server4
[90m7:58PM[0m [31mERR[0m [1m[tms|provider1|task680] Task FAILED on server server2, took 50.63462ms[0m [36merror=[0m[31m[1m"smt.HandleTask: simulated error [task=task680 provider=provider1 server=server2]"[0m[0m
[90m7:58PM[0m [31mERR[0m [1m[tms|provider5|task544] Task FAILED on server server9, took 64.129193ms[0m [36merror=[0m[31m[1m"smt.HandleTask: simulated error [task=task544 provider=provider5 server=server9]"[0m[0m
[90m7:58PM[0m DBG [tms|provider1|task680|server2] retrying (3/3) [36merror=[0m[31m[1m"smt.HandleTask: simulated error [task=task680 provider=provider1 server=server2]"[0m[0m
[90m7:58PM[0m DBG [tms|provider5|task544|server9] retrying (3/3) [36merror=[0m[31m[1m"smt.HandleTask: simulated error [task=task544 provider=provider5 server=server9]"[0m[0m
[90m7:58PM[0m DBG [tms|provider5|task824] Task STARTED on server server9
[90m7:58PM[0m DBG [tms|provider1|task620] Task STARTED on server server2
[90m7:58PM[0m DBG [tms|provider3|task682] Task COMPLETED on server server6, took 52.471043ms
[90m7:58PM[0m DBG [tms|provider3|task272] Task STARTED on server server6
[90m7:58PM[0m DBG [tms|provider5|task404] Task COMPLETED on server server10, took 24.414455ms
[90m7:58PM[0m DBG [tms|provider5|task304] Task STARTED on server server10
[90m7:58PM[0m DBG [tms|provider2|task61] Task COMPLETED on server server3, took 31.717834ms
[90m7:58PM[0m DBG [tms|provider2|task481] Task STARTED on server server3
[90m7:58PM[0m DBG [tms|provider5|task834] Task COMPLETED on server server8, took 54.743786ms
[90m7:58PM[0m DBG [tms|provider5|task544] Task STARTED on server server8
[90m7:58PM[0m DBG [tms|provider2|task361] Task COMPLETED on server server4, took 31.370487ms
[90m7:58PM[0m DBG [tms|provider2|task991] Task STARTED on server server4
[90m7:58PM[0m [31mERR[0m [1m[tms|provider4|task238] Task FAILED on server server7, took 59.057ms[0m [36merror=[0m[31m[1m"smt.HandleTask: simulated error [task=task238 provider=provider4 server=server7]"[0m[0m
[90m7:58PM[0m [31mERR[0m [1m[tms|provider4|task238|server7] max retries reached[0m [36merror=[0m[31m[1m"smt.HandleTask: simulated error [task=task238 provider=provider4 server=server7]"[0m[0m
[90m7:58PM[0m DBG [tms|provider4|task338] Task STARTED on server server7
[90m7:58PM[0m DBG [tms|provider5|task304] Task COMPLETED on server server10, took 25.005195ms
[90m7:58PM[0m DBG [tms|provider5|task484] Task STARTED on server server10
[90m7:58PM[0m DBG [tms|provider1|task620] Task COMPLETED on server server2, took 40.570723ms
[90m7:58PM[0m DBG [tms|provider1|task700] Task STARTED on server server2
[90m7:58PM[0m DBG [tms|provider5|task824] Task COMPLETED on server server9, took 44.787779ms
[90m7:58PM[0m DBG [tms|provider5|task234] Task STARTED on server server9
[90m7:58PM[0m DBG [tms|provider3|task192] Task COMPLETED on server server5, took 62.523308ms
[90m7:58PM[0m DBG [tms|provider3|task692] Task STARTED on server server5
[90m7:58PM[0m [31mERR[0m [1m[tms|provider3|task272] Task FAILED on server server6, took 42.121168ms[0m [36merror=[0m[31m[1m"smt.HandleTask: simulated error [task=task272 provider=provider3 server=server6]"[0m[0m
[90m7:58PM[0m DBG [tms|provider3|task272|server6] retrying (1/3) [36merror=[0m[31m[1m"smt.HandleTask: simulated error [task=task272 provider=provider3 server=server6]"[0m[0m
[90m7:58PM[0m DBG [tms|provider3|task902] Task STARTED on server server6
[90m7:58PM[0m DBG [tms|provider1|task240] Task COMPLETED on server server1, took 60.282043ms
[90m7:58PM[0m DBG [tms|provider1|task680] Task STARTED on server server1
[90m7:58PM[0m DBG [tms|provider1|task700] Task COMPLETED on server server2, took 20.954349ms
[90m7:58PM[0m DBG [tms|provider1|task320] Task STARTED on server server2
[90m7:58PM[0m DBG [tms|provider2|task481] Task COMPLETED on server server3, took 51.345063ms
[90m7:58PM[0m DBG [tms|provider2|task821] Task STARTED on server server3
[90m7:58PM[0m DBG [tms|provider3|task902] Task COMPLETED on server server6, took 22.659558ms
[90m7:58PM[0m DBG [tms|provider3|task52] Task STARTED on server server6
[90m7:58PM[0m [31mERR[0m [1m[tms|provider5|task544] Task FAILED on server server8, took 64.431127ms[0m [36merror=[0m[31m[1m"smt.HandleTask: simulated error [task=task544 provider=provider5 server=server8]"[0m[0m
[90m7:58PM[0m [31mERR[0m [1m[tms|provider5|task544|server8] max retries reached[0m [36merror=[0m[31m[1m"smt.HandleTask: simulated error [task=task544 provider=provider5 server=server8]"[0m[0m
[90m7:58PM[0m DBG [tms|provider5|task574] Task STARTED on server server8
[90m7:58PM[0m DBG [tms|provider2|task991] Task COMPLETED on server server4, took 61.307304ms
[90m7:58PM[0m DBG [tms|provider2|task331] Task STARTED on server server4
[90m7:58PM[0m DBG [tms|provider4|task338] Task COMPLETED on server server7, took 59.138697ms
[90m7:58PM[0m DBG [tms|provider4|task918] Task STARTED on server server7
[90m7:58PM[0m DBG [tms|provider5|task484] Task COMPLETED on server server10, took 54.06712ms
[90m7:58PM[0m DBG [tms|provider5|task844] Task STARTED on server server10
[90m7:58PM[0m DBG [tms|provider3|task52] Task COMPLETED on server server6, took 22.744842ms
[90m7:58PM[0m DBG [tms|provider3|task272] Task STARTED on server server6
[90m7:58PM[0m DBG [tms|provider5|task234] Task COMPLETED on server server9, took 55.068911ms
[90m7:58PM[0m DBG [tms|provider5|task734] Task STARTED on server server9
[90m7:58PM[0m DBG [tms|provider1|task320] Task COMPLETED on server server2, took 40.499949ms
[90m7:58PM[0m DBG [tms|provider1|task760] Task STARTED on server server2
[90m7:58PM[0m [31mERR[0m [1m[tms|provider1|task680] Task FAILED on server server1, took 50.805264ms[0m [36merror=[0m[31m[1m"smt.HandleTask: simulated error [task=task680 provider=provider1 server=server1]"[0m[0m
[90m7:58PM[0m [31mERR[0m [1m[tms|provider1|task680|server1] max retries reached[0m [36merror=[0m[31m[1m"smt.HandleTask: simulated error [task=task680 provider=provider1 server=server1]"[0m[0m
[90m7:58PM[0m DBG [tms|provider1|task90] Task STARTED on server server1
[90m7:58PM[0m DBG [tms|provider3|task692] Task COMPLETED on server server5, took 62.232481ms
[90m7:58PM[0m DBG [tms|provider3|task102] Task STARTED on server server5
[90m7:58PM[0m DBG [tms|provider2|task821] Task COMPLETED on server server3, took 41.104883ms
[90m7:58PM[0m DBG [tms|provider2|task31] Task STARTED on server server3
[90m7:58PM[0m [31mERR[0m [1m[tms|provider4|task918] Task FAILED on server server7, took 38.193624ms[0m [36merror=[0m[31m[1m"smt.HandleTask: simulated error [task=task918 provider=provider4 server=server7]"[0m[0m
[90m7:58PM[0m [31mERR[0m [1m[tms|provider4|task918|server7] max retries reached[0m [36merror=[0m[31m[1m"smt.HandleTask: simulated error [task=task918 provider=provider4 server=server7]"[0m[0m
[90m7:58PM[0m DBG [tms|provider4|task288] Task STARTED on server server7
[90m7:58PM[0m DBG [tms|provider5|task574] Task COMPLETED on server server8, took 44.742171ms
[90m7:58PM[0m [31mERR[0m [1m[tms|provider3|task102] Task FAILED on server server5, took 22.485762ms[0m [36merror=[0m[31m[1m"smt.HandleTask: simulated error [task=task102 provider=provider3 server=server5]"[0m[0m
[90m7:58PM[0m DBG [tms|provider1|task760] Task COMPLETED on server server2, took 30.747676ms
[90m7:58PM[0m DBG [tms|provider3|task102|server5] retrying (1/3) [36merror=[0m[31m[1m"smt.HandleTask: simulated error [task=task102 provider=provider3 server=server5]"[0m[0m
[90m7:58PM[0m DBG [tms|provider5|task34] Task STARTED on server server8
[90m7:58PM[0m DBG [tms|provider1|task400] Task STARTED on server server2
[90m7:58PM[0m DBG [tms|provider3|task912] Task STARTED on server server5
[90m7:58PM[0m [31mERR[0m [1m[tms|provider3|task272] Task FAILED on server server6, took 42.351329ms[0m [36merror=[0m[31m[1m"smt.HandleTask: simulated error [task=task272 provider=provider3 server=server6]"[0m[0m
[90m7:58PM[0m DBG [tms|provider3|task272|server6] retrying (2/3) [36merror=[0m[31m[1m"smt.HandleTask: simulated error [task=task272 provider=provider3 server=server6]"[0m[0m
[90m7:58PM[0m DBG [tms|provider3|task752] Task STARTED on server server6
[90m7:58PM[0m DBG [tms|provider2|task331] Task COMPLETED on server server4, took 52.074211ms
[90m7:58PM[0m DBG [tms|provider2|task541] Task STARTED on server server4
[90m7:58PM[0m DBG [tms|provider1|task400] Task COMPLETED on server server2, took 20.490988ms
[90m7:58PM[0m DBG [tms|provider1|task750] Task STARTED on server server2
[90m7:58PM[0m DBG [tms|provider5|task734] Task COMPLETED on server server9, took 54.576763ms
[90m7:58PM[0m DBG [tms|provider5|task704] Task STARTED on server server9
[90m7:58PM[0m DBG [tms|provider5|task844] Task COMPLETED on server server10, took 64.317818ms
[90m7:58PM[0m DBG [tms|provider5|task994] Task STARTED on server server10
[90m7:58PM[0m DBG [tms|provider3|task752] Task COMPLETED on server server6, took 22.811899ms
[90m7:58PM[0m DBG [tms|provider3|task102] Task STARTED on server server6
[90m7:58PM[0m DBG [tms|provider2|task31] Task COMPLETED on server server3, took 51.911993ms
[90m7:58PM[0m DBG [tms|provider2|task751] Task STARTED on server server3
[90m7:58PM[0m DBG [tms|provider3|task912] Task COMPLETED on server server5, took 32.295392ms
[90m7:58PM[0m DBG [tms|provider3|task272] Task STARTED on server server5
[90m7:58PM[0m DBG [tms|provider1|task90] Task COMPLETED on server server1, took 60.222296ms
[90m7:58PM[0m DBG [tms|provider1|task490] Task STARTED on server server1
[90m7:58PM[0m DBG [tms|provider1|task750] Task COMPLETED on server server2, took 21.098983ms
[90m7:58PM[0m DBG [tms|provider1|task150] Task STARTED on server server2
[90m7:58PM[0m DBG [tms|provider5|task704] Task COMPLETED on server server9, took 24.212009ms
[90m7:58PM[0m DBG [tms|provider5|task754] Task STARTED on server server9
[90m7:58PM[0m [31mERR[0m [1m[tms|provider3|task102] Task FAILED on server server6, took 23.058083ms[0m [36merror=[0m[31m[1m"smt.HandleTask: simulated error [task=task102 provider=provider3 server=server6]"[0m[0m
[90m7:58PM[0m DBG [tms|provider3|task102|server6] retrying (2/3) [36merror=[0m[31m[1m"smt.HandleTask: simulated error [task=task102 provider=provider3 server=server6]"[0m[0m
[90m7:58PM[0m DBG [tms|provider3|task522] Task STARTED on server server6
[90m7:58PM[0m DBG [tms|provider2|task751] Task COMPLETED on server server3, took 21.913979ms
[90m7:58PM[0m DBG [tms|provider2|task221] Task STARTED on server server3
[90m7:58PM[0m [31mERR[0m [1m[tms|provider5|task34] Task FAILED on server server8, took 54.439266ms[0m [36merror=[0m[31m[1m"smt.HandleTask: simulated error [task=task34 provider=provider5 server=server8]"[0m[0m
[90m7:58PM[0m DBG [tms|provider5|task34|server8] retrying (1/3) [36merror=[0m[31m[1m"smt.HandleTask: simulated error [task=task34 provider=provider5 server=server8]"[0m[0m
[90m7:58PM[0m DBG [tms|provider5|task784] Task STARTED on server server8
[90m7:58PM[0m DBG [tms|provider4|task288] Task COMPLETED on server server7, took 58.753544ms
[90m7:58PM[0m DBG [tms|provider4|task388] Task STARTED on server server7
[90m7:58PM[0m DBG [tms|provider1|task150] Task COMPLETED on server server2, took 21.077079ms
[90m7:58PM[0m DBG [tms|provider1|task30] Task STARTED on server server2
[90m7:58PM[0m DBG [tms|provider5|task754] Task COMPLETED on server server9, took 25.106701ms
[90m7:58PM[0m DBG [tms|provider2|task541] Task COMPLETED on server server4, took 61.697417ms
[90m7:58PM[0m DBG [tms|provider5|task384] Task STARTED on server server9
[90m7:58PM[0m DBG [tms|provider2|task801] Task STARTED on server server4
[90m7:58PM[0m [31mERR[0m [1m[tms|provider3|task272] Task FAILED on server server5, took 42.900383ms[0m [36merror=[0m[31m[1m"smt.HandleTask: simulated error [task=task272 provider=provider3 server=server5]"[0m[0m
[90m7:58PM[0m DBG [tms|provider3|task272|server5] retrying (3/3) [36merror=[0m[31m[1m"smt.HandleTask: simulated error [task=task272 provider=provider3 server=server5]"[0m[0m
[90m7:58PM[0m DBG [tms|provider3|task12] Task STARTED on server server5
[90m7:58PM[0m DBG [tms|provider5|task994] Task COMPLETED on server server10, took 64.716583ms
[90m7:58PM[0m DBG [tms|provider5|task34] Task STARTED on server server10
[90m7:58PM[0m DBG [tms|provider2|task801] Task COMPLETED on server server4, took 21.530615ms
[90m7:58PM[0m DBG [tms|provider2|task211] Task STARTED on server server4
[90m7:58PM[0m DBG [tms|provider1|task490] Task COMPLETED on server server1, took 60.325058ms
[90m7:58PM[0m DBG [tms|provider1|task500] Task STARTED on server server1
[90m7:58PM[0m DBG [tms|provider3|task522] Task COMPLETED on server server6, took 42.816181ms
[90m7:58PM[0m [31mERR[0m [1m[tms|provider2|task221] Task FAILED on server server3, took 41.733124ms[0m [36merror=[0m[31m[1m"smt.HandleTask: simulated error [task=task221 provider=provider2 server=server3]"[0m[0m
[90m7:58PM[0m DBG [tms|provider2|task221|server3] retrying (1/3) [36merror=[0m[31m[1m"smt.HandleTask: simulated error [task=task221 provider=provider2 server=server3]"[0m[0m
[90m7:58PM[0m DBG [tms|provider3|task102] Task STARTED on server server6
[90m7:58PM[0m DBG [tms|provider2|task981] Task STARTED on server server3
[90m7:58PM[0m DBG [tms|provider3|task12] Task COMPLETED on server server5, took 32.948821ms
[90m7:58PM[0m DBG [tms|provider5|task784] Task COMPLETED on server server8, took 54.046374ms
[90m7:58PM[0m DBG [tms|provider5|task604] Task STARTED on server server8
[90m7:58PM[0m DBG [tms|provider3|task272] Task STARTED on server server5
[90m7:58PM[0m DBG [tms|provider1|task30] Task COMPLETED on server server2, took 50.793215ms
[90m7:58PM[0m DBG [tms|provider1|task410] Task STARTED on server server2
[90m7:58PM[0m DBG [tms|provider4|task388] Task COMPLETED on server server7, took 58.336717ms
[90m7:58PM[0m DBG [tms|provider1|task500] Task COMPLETED on server server1, took 21.00983ms
[90m7:58PM[0m DBG [tms|provider4|task418] Task STARTED on server server7
[90m7:58PM[0m DBG [tms|provider1|task480] Task STARTED on server server1
[90m7:58PM[0m [31mERR[0m [1m[tms|provider3|task102] Task FAILED on server server6, took 23.051189ms[0m [36merror=[0m[31m[1m"smt.HandleTask: simulated error [task=task102 provider=provider3 server=server6]"[0m[0m
[90m7:58PM[0m DBG [tms|provider3|task102|server6] retrying (3/3) [36merror=[0m[31m[1m"smt.HandleTask: simulated error [task=task102 provider=provider3 server=server6]"[0m[0m
[90m7:58PM[0m DBG [tms|provider3|task762] Task STARTED on server server6
[90m7:58PM[0m DBG [tms|provider2|task211] Task COMPLETED on server server4, took 31.54382ms
[90m7:58PM[0m DBG [tms|provider2|task381] Task STARTED on server server4
[90m7:58PM[0m DBG [tms|provider5|task384] Task COMPLETED on server server9, took 54.263952ms
[90m7:58PM[0m DBG [tms|provider5|task664] Task STARTED on server server9
[90m7:58PM[0m DBG [tms|provider5|task604] Task COMPLETED on server server8, took 25.005094ms
[90m7:58PM[0m DBG [tms|provider5|task144] Task STARTED on server server8
[90m7:58PM[0m DBG [tms|provider1|task410] Task COMPLETED on server server2, took 30.820795ms
[90m7:58PM[0m [31mERR[0m [1m[tms|provider5|task34] Task FAILED on server server10, took 55.098539ms[0m [36merror=[0m[31m[1m"smt.HandleTask: simulated error [task=task34 provider=provider5 server=server10]"[0m[0m
[90m7:58PM[0m DBG [tms|provider5|task34|server10] retrying (2/3) [36merror=[0m[31m[1m"smt.HandleTask: simulated error [task=task34 provider=provider5 server=server10]"[0m[0m
[90m7:58PM[0m DBG [tms|provider1|task210] Task STARTED on server server2
[90m7:58PM[0m DBG [tms|provider5|task54] Task STARTED on server server10
[90m7:58PM[0m DBG [tms|provider2|task981] Task COMPLETED on server server3, took 51.534252ms
[90m7:58PM[0m DBG [tms|provider2|task221] Task STARTED on server server3
[90m7:58PM[0m DBG [tms|provider3|task762] Task COMPLETED on server server6, took 32.631681ms
[90m7:58PM[0m DBG [tms|provider3|task642] Task STARTED on server server6
[90m7:58PM[0m [31mERR[0m [1m[tms|provider3|task272] Task FAILED on server server5, took 42.560879ms[0m [36merror=[0m[31m[1m"smt.HandleTask: simulated error [task=task272 provider=provider3 server=server5]"[0m[0m
[90m7:58PM[0m [31mERR[0m [1m[tms|provider3|task272|server5] max retries reached[0m [36merror=[0m[31m[1m"smt.HandleTask: simulated error [task=task272 provider=provider3 server=server5]"[0m[0m
[90m7:58PM[0m DBG [tms|provider3|task102] Task STARTED on server server5
[90m7:58PM[0m DBG [tms|provider4|task418] Task COMPLETED on server server7, took 38.13401ms
[90m7:58PM[0m DBG [tms|provider4|task168] Task STARTED on server server7
[90m7:58PM[0m DBG [tms|provider5|task664] Task COMPLETED on server server9, took 34.949442ms
[90m7:58PM[0m DBG [tms|provider5|task364] Task STARTED on server server9
[90m7:58PM[0m DBG [tms|provider1|task480] Task COMPLETED on server server1, took 50.488475ms
[90m7:58PM[0m DBG [tms|provider1|task260] Task STARTED on server server1
[90m7:58PM[0m DBG [tms|provider5|task54] Task COMPLETED on server server10, took 25.052803ms
[90m7:58PM[0m DBG [tms|provider5|task34] Task STARTED on server server10
[90m7:58PM[0m [31mERR[0m [1m[tms|provider3|task102] Task FAILED on server server5, took 22.807527ms[0m [36merror=[0m[31m[1m"smt.HandleTask: simulated error [task=task102 provider=provider3 server=server5]"[0m[0m
[90m7:58PM[0m [31mERR[0m [1m[tms|provider3|task102|server5] max retries reached[0m [36merror=[0m[31m[1m"smt.HandleTask: simulated error [task=task102 provider=provider3 server=server5]"[0m[0m
[90m7:58PM[0m DBG [tms|provider3|task452] Task STARTED on server server5
[90m7:58PM[0m DBG [tms|provider1|task210] Task COMPLETED on server server2, took 30.396822ms
[90m7:58PM[0m DBG [tms|provider1|task310] Task STARTED on server server2
[90m7:58PM[0m DBG [tms|provider2|task381] Task COMPLETED on server server4, took 51.9499ms
[90m7:58PM[0m DBG [tms|provider2|task181] Task STARTED on server server4
[90m7:58PM[0m [31mERR[0m [1m[tms|provider2|task221] Task FAILED on server server3, took 41.702866ms[0m [36merror=[0m[31m[1m"smt.HandleTask: simulated error [task=task221 provider=provider2 server=server3]"[0m[0m
[90m7:58PM[0m DBG [tms|provider2|task221|server3] retrying (2/3) [36merror=[0m[31m[1m"smt.HandleTask: simulated error [task=task221 provider=provider2 server=server3]"[0m[0m
[90m7:58PM[0m DBG [tms|provider2|task311] Task STARTED on server server3
[90m7:58PM[0m DBG [tms|provider4|task168] Task COMPLETED on server server7, took 38.463209ms
[90m7:58PM[0m DBG [tms|provider4|task868] Task STARTED on server server7
[90m7:58PM[0m DBG [tms|provider5|task364] Task COMPLETED on server server9, took 34.506814ms
[90m7:58PM[0m DBG [tms|provider5|task284] Task STARTED on server server9
[90m7:58PM[0m DBG [tms|provider1|task260] Task COMPLETED on server server1, took 30.294165ms
[90m7:58PM[0m DBG [tms|provider1|task290] Task STARTED on server server1
[90m7:58PM[0m DBG [tms|provider3|task452] Task COMPLETED on server server5, took 22.057562ms
[90m7:58PM[0m DBG [tms|provider3|task702] Task STARTED on server server5
[90m7:58PM[0m DBG [tms|provider5|task144] Task COMPLETED on server server8, took 64.607523ms
[90m7:58PM[0m DBG [tms|provider5|task744] Task STARTED on server server8
[90m7:58PM[0m DBG [tms|provider1|task310] Task COMPLETED on server server2, took 30.144471ms
[90m7:58PM[0m DBG [tms|provider1|task340] Task STARTED on server server2
[90m7:58PM[0m DBG [tms|provider3|task642] Task COMPLETED on server server6, took 62.537219ms
[90m7:58PM[0m DBG [tms|provider3|task852] Task STARTED on server server6
[90m7:58PM[0m DBG [tms|provider3|task702] Task COMPLETED on server server5, took 22.432839ms
[90m7:58PM[0m DBG [tms|provider3|task772] Task STARTED on server server5
[90m7:58PM[0m DBG [tms|provider2|task311] Task COMPLETED on server server3, took 31.177536ms
[90m7:58PM[0m DBG [tms|provider2|task721] Task STARTED on server server3
[90m7:58PM[0m [31mERR[0m [1m[tms|provider5|task34] Task FAILED on server server10, took 55.037685ms[0m [36merror=[0m[31m[1m"smt.HandleTask: simulated error [task=task34 provider=provider5 server=server10]"[0m[0m
[90m7:58PM[0m DBG [tms|provider5|task34|server10] retrying (3/3) [36merror=[0m[31m[1m"smt.HandleTask: simulated error [task=task34 provider=provider5 server=server10]"[0m[0m
[90m7:58PM[0m DBG [tms|provider5|task854] Task STARTED on server server10
[90m7:58PM[0m DBG [tms|provider2|task181] Task COMPLETED on server server4, took 51.949287ms
[90m7:58PM[0m DBG [tms|provider2|task221] Task STARTED on server server4
[90m7:58PM[0m DBG [tms|provider4|task868] Task COMPLETED on server server7, took 38.519554ms
[90m7:58PM[0m DBG [tms|provider4|task638] Task STARTED on server server7
[90m7:58PM[0m DBG [tms|provider3|task852] Task COMPLETED on server server6, took 22.897671ms
[90m7:58PM[0m DBG [tms|provider3|task962] Task STARTED on server server6
[90m7:58PM[0m DBG [tms|provider5|task854] Task COMPLETED on server server10, took 24.557586ms
[90m7:58PM[0m DBG [tms|provider5|task284] Task COMPLETED on server server9, took 54.912054ms
[90m7:58PM[0m DBG [tms|provider5|task34] Task STARTED on server server9
[90m7:58PM[0m DBG [tms|provider5|task714] Task STARTED on server server10
[90m7:58PM[0m DBG [tms|provider1|task290] Task COMPLETED on server server1, took 61.037971ms
[90m7:58PM[0m DBG [tms|provider1|task550] Task STARTED on server server1
[90m7:58PM[0m DBG [tms|provider3|task772] Task COMPLETED on server server5, took 42.360468ms
[90m7:58PM[0m DBG [tms|provider2|task721] Task COMPLETED on server server3, took 42.210178ms
[90m7:58PM[0m DBG [tms|provider3|task632] Task STARTED on server server5
[90m7:58PM[0m DBG [tms|provider2|task551] Task STARTED on server server3
[90m7:58PM[0m DBG [tms|provider5|task744] Task COMPLETED on server server8, took 65.144286ms
[90m7:58PM[0m DBG [tms|provider5|task374] Task STARTED on server server8
[90m7:58PM[0m [31mERR[0m [1m[tms|provider1|task340] Task FAILED on server server2, took 61.229021ms[0m [36merror=[0m[31m[1m"smt.HandleTask: simulated error [task=task340 provider=provider1 server=server2]"[0m[0m
[90m7:58PM[0m DBG [tms|provider1|task340|server2] retrying (1/3) [36merror=[0m[31m[1m"smt.HandleTask: simulated error [task=task340 provider=provider1 server=server2]"[0m[0m
[90m7:58PM[0m DBG [tms|provider1|task740] Task STARTED on server server2
[90m7:58PM[0m DBG [tms|provider3|task962] Task COMPLETED on server server6, took 32.083002ms
[90m7:58PM[0m DBG [tms|provider3|task32] Task STARTED on server server6
[90m7:58PM[0m [31mERR[0m [1m[tms|provider2|task221] Task FAILED on server server4, took 41.560825ms[0m [36merror=[0m[31m[1m"smt.HandleTask: simulated error [task=task221 provider=provider2 server=server4]"[0m[0m
[90m7:58PM[0m DBG [tms|provider2|task221|server4] retrying (3/3) [36merror=[0m[31m[1m"smt.HandleTask: simulated error [task=task221 provider=provider2 server=server4]"[0m[0m
[90m7:58PM[0m DBG [tms|provider2|task661] Task STARTED on server server4
[90m7:58PM[0m DBG [tms|provider1|task550] Task COMPLETED on server server1, took 20.783816ms
[90m7:58PM[0m DBG [tms|provider1|task60] Task STARTED on server server1
[90m7:58PM[0m DBG [tms|provider2|task551] Task COMPLETED on server server3, took 21.696286ms
[90m7:58PM[0m DBG [tms|provider2|task631] Task STARTED on server server3
[90m7:58PM[0m [31mERR[0m [1m[tms|provider5|task714] Task FAILED on server server10, took 34.241137ms[0m [36merror=[0m[31m[1m"smt.HandleTask: simulated error [task=task714 provider=provider5 server=server10]"[0m[0m
[90m7:58PM[0m DBG [tms|provider5|task714|server10] retrying (1/3) [36merror=[0m[31m[1m"smt.HandleTask: simulated error [task=task714 provider=provider5 server=server10]"[0m[0m
[90m7:58PM[0m DBG [tms|provider5|task44] Task STARTED on server server10
[90m7:58PM[0m DBG [tms|provider4|task638] Task COMPLETED on server server7, took 58.897104ms
[90m7:58PM[0m DBG [tms|provider4|task438] Task STARTED on server server7
[90m7:58PM[0m DBG [tms|provider2|task661] Task COMPLETED on server server4, took 31.618786ms
[90m7:58PM[0m DBG [tms|provider2|task221] Task STARTED on server server4
[90m7:58PM[0m [31mERR[0m [1m[tms|provider5|task34] Task FAILED on server server9, took 54.687717ms[0m [36merror=[0m[31m[1m"smt.HandleTask: simulated error [task=task34 provider=provider5 server=server9]"[0m[0m
[90m7:58PM[0m [31mERR[0m [1m[tms|provider5|task34|server9] max retries reached[0m [36merror=[0m[31m[1m"smt.HandleTask: simulated error [task=task34 provider=provider5 server=server9]"[0m[0m
[90m7:58PM[0m DBG [tms|provider5|task214] Task STARTED on server server9
[90m7:58PM[0m [31mERR[0m [1m[tms|provider5|task374] Task FAILED on server server8, took 44.40572ms[0m [36merror=[0m[31m[1m"smt.HandleTask: simulated error [task=task374 provider=provider5 server=server8]"[0m[0m
[90m7:58PM[0m DBG [tms|provider5|task374|server8] retrying (1/3) [36merror=[0m[31m[1m"smt.HandleTask: simulated error [task=task374 provider=provider5 server=server8]"[0m[0m
[90m7:58PM[0m DBG [tms|provider5|task714] Task STARTED on server server8
[90m7:58PM[0m DBG [tms|provider1|task60] Task COMPLETED on server server1, took 30.912656ms
[90m7:58PM[0m DBG [tms|provider1|task340] Task STARTED on server server1
[90m7:58PM[0m DBG [tms|provider3|task632] Task COMPLETED on server server5, took 52.754878ms
[90m7:58PM[0m DBG [tms|provider3|task982] Task STARTED on server server5
[90m7:58PM[0m DBG [tms|provider3|task32] Task COMPLETED on server server6, took 52.411315ms
[90m7:58PM[0m DBG [tms|provider3|task372] Task STARTED on server server6
[90m7:58PM[0m DBG [tms|provider1|task740] Task COMPLETED on server server2, took 60.593845ms
[90m7:58PM[0m DBG [tms|provider1|task160] Task STARTED on server server2
[90m7:58PM[0m DBG [tms|provider2|task631] Task COMPLETED on server server3, took 51.432496ms
[90m7:58PM[0m DBG [tms|provider2|task51] Task STARTED on server server3
[90m7:58PM[0m DBG [tms|provider5|task214] Task COMPLETED on server server9, took 35.015875ms
[90m7:58PM[0m DBG [tms|provider5|task454] Task STARTED on server server9
[90m7:58PM[0m [31mERR[0m [1m[tms|provider2|task221] Task FAILED on server server4, took 41.259735ms[0m [36merror=[0m[31m[1m"smt.HandleTask: simulated error [task=task221 provider=provider2 server=server4]"[0m[0m
[90m7:58PM[0m [31mERR[0m [1m[tms|provider5|task714] Task FAILED on server server8, took 34.930778ms[0m [36merror=[0m[31m[1m"smt.HandleTask: simulated error [task=task714 provider=provider5 server=server8]"[0m[0m
[90m7:58PM[0m [31mERR[0m [1m[tms|provider2|task221|server4] max retries reached[0m [36merror=[0m[31m[1m"smt.HandleTask: simulated error [task=task221 provider=provider2 server=server4]"[0m[0m
[90m7:58PM[0m DBG [tms|provider5|task714|server8] retrying (2/3) [36merror=[0m[31m[1m"smt.HandleTask: simulated error [task=task714 provider=provider5 server=server8]"[0m[0m
[90m7:58PM[0m DBG [tms|provider2|task561] Task STARTED on server server4
[90m7:58PM[0m DBG [tms|provider5|task374] Task STARTED on server server8
[90m7:58PM[0m DBG [tms|provider4|task438] Task COMPLETED on server server7, took 58.700428ms
[90m7:58PM[0m DBG [tms|provider4|task348] Task STARTED on server server7
[90m7:58PM[0m DBG [tms|provider5|task44] Task COMPLETED on server server10, took 64.094949ms
[90m7:58PM[0m DBG [tms|provider5|task504] Task STARTED on server server10
[90m7:58PM[0m [31mERR[0m [1m[tms|provider2|task51] Task FAILED on server server3, took 21.627051ms[0m [36merror=[0m[31m[1m"smt.HandleTask: simulated error [task=task51 provider=provider2 server=server3]"[0m[0m
[90m7:58PM[0m DBG [tms|provider2|task51|server3] retrying (1/3) [36merror=[0m[31m[1m"smt.HandleTask: simulated error [task=task51 provider=provider2 server=server3]"[0m[0m
[90m7:58PM[0m DBG [tms|provider2|task351] Task STARTED on server server3
[90m7:58PM[0m DBG [tms|provider1|task160] Task COMPLETED on server server2, took 31.121434ms
[90m7:58PM[0m DBG [tms|provider1|task140] Task STARTED on server server2
[90m7:58PM[0m DBG [tms|provider3|task372] Task COMPLETED on server server6, took 42.421977ms
[90m7:58PM[0m DBG [tms|provider3|task352] Task STARTED on server server6
[90m7:58PM[0m DBG [tms|provider5|task454] Task COMPLETED on server server9, took 24.080077ms
[90m7:58PM[0m DBG [tms|provider5|task714] Task STARTED on server server9
[90m7:58PM[0m DBG [tms|provider3|task982] Task COMPLETED on server server5, took 52.958813ms
[90m7:58PM[0m DBG [tms|provider3|task842] Task STARTED on server server5
[90m7:58PM[0m [31mERR[0m [1m[tms|provider1|task340] Task FAILED on server server1, took 60.307485ms[0m [36merror=[0m[31m[1m"smt.HandleTask: simulated error [task=task340 provider=provider1 server=server1]"[0m[0m
[90m7:58PM[0m DBG [tms|provider1|task340|server1] retrying (2/3) [36merror=[0m[31m[1m"smt.HandleTask: simulated error [task=task340 provider=provider1 server=server1]"[0m[0m
[90m7:58PM[0m DBG [tms|provider1|task200] Task STARTED on server server1
[90m7:58PM[0m DBG [tms|provider5|task504] Task COMPLETED on server server10, took 24.966892ms
[90m7:58PM[0m DBG [tms|provider5|task514] Task STARTED on server server10
[90m7:58PM[0m [31mERR[0m [1m[tms|provider2|task561] Task FAILED on server server4, took 31.444992ms[0m [36merror=[0m[31m[1m"smt.HandleTask: simulated error [task=task561 provider=provider2 server=server4]"[0m[0m
[90m7:58PM[0m DBG [tms|provider2|task561|server4] retrying (1/3) [36merror=[0m[31m[1m"smt.HandleTask: simulated error [task=task561 provider=provider2 server=server4]"[0m[0m
[90m7:58PM[0m DBG [tms|provider2|task301] Task STARTED on server server4
[90m7:58PM[0m DBG [tms|provider2|task351] Task COMPLETED on server server3, took 21.947648ms
[90m7:58PM[0m DBG [tms|provider2|task51] Task STARTED on server server3
[90m7:58PM[0m DBG [tms|provider3|task352] Task COMPLETED on server server6, took 22.806211ms
[90m7:58PM[0m DBG [tms|provider3|task152] Task STARTED on server server6
[90m7:58PM[0m [31mERR[0m [1m[tms|provider5|task374] Task FAILED on server server8, took 44.846111ms[0m [36merror=[0m[31m[1m"smt.HandleTask: simulated error [task=task374 provider=provider5 server=server8]"[0m[0m
[90m7:58PM[0m DBG [tms|provider5|task374|server8] retrying (2/3) [36merror=[0m[31m[1m"smt.HandleTask: simulated error [task=task374 provider=provider5 server=server8]"[0m[0m
[90m7:58PM[0m DBG [tms|provider5|task294] Task STARTED on server server8
[90m7:58PM[0m DBG [tms|provider1|task200] Task COMPLETED on server server1, took 20.688623ms
[90m7:58PM[0m DBG [tms|provider1|task770] Task STARTED on server server1
[90m7:58PM[0m DBG [tms|provider2|task301] Task COMPLETED on server server4, took 21.721732ms
[90m7:58PM[0m DBG [tms|provider2|task561] Task STARTED on server server4
[90m7:58PM[0m [31mERR[0m [1m[tms|provider5|task714] Task FAILED on server server9, took 34.417767ms[0m [36merror=[0m[31m[1m"smt.HandleTask: simulated error [task=task714 provider=provider5 server=server9]"[0m[0m
[90m7:58PM[0m DBG [tms|provider5|task714|server9] retrying (3/3) [36merror=[0m[31m[1m"smt.HandleTask: simulated error [task=task714 provider=provider5 server=server9]"[0m[0m
[90m7:58PM[0m DBG [tms|provider5|task4] Task STARTED on server server9
[90m7:58PM[0m [31mERR[0m [1m[tms|provider2|task51] Task FAILED on server server3, took 22.055279ms[0m [36merror=[0m[31m[1m"smt.HandleTask: simulated error [task=task51 provider=provider2 server=server3]"[0m[0m
[90m7:58PM[0m DBG [tms|provider2|task51|server3] retrying (2/3) [36merror=[0m[31m[1m"smt.HandleTask: simulated error [task=task51 provider=provider2 server=server3]"[0m[0m
[90m7:58PM[0m DBG [tms|provider2|task861] Task STARTED on server server3
[90m7:58PM[0m DBG [tms|provider5|task514] Task COMPLETED on server server10, took 34.42099ms
[90m7:58PM[0m DBG [tms|provider3|task152] Task COMPLETED on server server6, took 22.085291ms
[90m7:58PM[0m DBG [tms|provider5|task374] Task STARTED on server server10
[90m7:58PM[0m DBG [tms|provider3|task932] Task STARTED on server server6
[90m7:58PM[0m DBG [tms|provider4|task348] Task COMPLETED on server server7, took 68.824408ms
[90m7:58PM[0m DBG [tms|provider4|task968] Task STARTED on server server7
[90m7:58PM[0m DBG [tms|provider1|task140] Task COMPLETED on server server2, took 60.545469ms
[90m7:58PM[0m DBG [tms|provider1|task340] Task STARTED on server server2
[90m7:58PM[0m DBG [tms|provider5|task4] Task COMPLETED on server server9, took 24.652922ms
[90m7:58PM[0m DBG [tms|provider5|task714] Task STARTED on server server9
[90m7:58PM[0m [31mERR[0m [1m[tms|provider2|task561] Task FAILED on server server4, took 31.353513ms[0m [36merror=[0m[31m[1m"smt.HandleTask: simulated error [task=task561 provider=provider2 server=server4]"[0m[0m
[90m7:58PM[0m DBG [tms|provider2|task561|server4] retrying (2/3) [36merror=[0m[31m[1m"smt.HandleTask: simulated error [task=task561 provider=provider2 server=server4]"[0m[0m
[90m7:58PM[0m DBG [tms|provider2|task1] Task STARTED on server server4
[90m7:58PM[0m DBG [tms|provider3|task842] Task COMPLETED on server server5, took 62.597217ms
[90m7:58PM[0m DBG [tms|provider3|task832] Task STARTED on server server5
[90m7:58PM[0m DBG [tms|provider1|task770] Task COMPLETED on server server1, took 40.890163ms
[90m7:58PM[0m DBG [tms|provider1|task540] Task STARTED on server server1
[90m7:58PM[0m DBG [tms|provider2|task861] Task COMPLETED on server server3, took 31.378164ms
[90m7:58PM[0m DBG [tms|provider2|task51] Task STARTED on server server3
[90m7:58PM[0m DBG [tms|provider2|task1] Task COMPLETED on server server4, took 21.57397ms
[90m7:58PM[0m DBG [tms|provider2|task561] Task STARTED on server server4
[90m7:58PM[0m [31mERR[0m [1m[tms|provider5|task374] Task FAILED on server server10, took 44.634257ms[0m [36merror=[0m[31m[1m"smt.HandleTask: simulated error [task=task374 provider=provider5 server=server10]"[0m[0m
[90m7:58PM[0m DBG [tms|provider5|task374|server10] retrying (3/3) [36merror=[0m[31m[1m"smt.HandleTask: simulated error [task=task374 provider=provider5 server=server10]"[0m[0m
[90m7:58PM[0m DBG [tms|provider5|task294] Task COMPLETED on server server8, took 64.636222ms
[90m7:58PM[0m DBG [tms|provider5|task884] Task STARTED on server server10
[90m7:58PM[0m DBG [tms|provider5|task374] Task STARTED on server server8
[90m7:58PM[0m [31mERR[0m [1m[tms|provider2|task51] Task FAILED on server server3, took 21.408147ms[0m [36merror=[0m[31m[1m"smt.HandleTask: simulated error [task=task51 provider=provider2 server=server3]"[0m[0m
[90m7:58PM[0m DBG [tms|provider2|task51|server3] retrying (3/3) [36merror=[0m[31m[1m"smt.HandleTask: simulated error [task=task51 provider=provider2 server=server3]"[0m[0m
[90m7:58PM[0m DBG [tms|provider2|task921] Task STARTED on server server3
[90m7:58PM[0m DBG [tms|provider4|task968] Task COMPLETED on server server7, took 38.646218ms
[90m7:58PM[0m DBG [tms|provider4|task578] Task STARTED on server server7
[90m7:58PM[0m [31mERR[0m [1m[tms|provider5|task714] Task FAILED on server server9, took 34.655158ms[0m [36merror=[0m[31m[1m"smt.HandleTask: simulated error [task=task714 provider=provider5 server=server9]"[0m[0m
[90m7:58PM[0m [31mERR[0m [1m[tms|provider5|task714|server9] max retries reached[0m [36merror=[0m[31m[1m"smt.HandleTask: simulated error [task=task714 provider=provider5 server=server9]"[0m[0m
[90m7:58PM[0m DBG [tms|provider3|task932] Task COMPLETED on server server6, took 52.268349ms
[90m7:58PM[0m DBG [tms|provider3|task392] Task STARTED on server server6
[90m7:58PM[0m [31mERR[0m [1m[tms|provider1|task340] Task FAILED on server server2, took 61.046534ms[0m [36merror=[0m[31m[1m"smt.HandleTask: simulated error [task=task340 provider=provider1 server=server2]"[0m[0m
[90m7:58PM[0m DBG [tms|provider1|task340|server2] retrying (3/3) [36merror=[0m[31m[1m"smt.HandleTask: simulated error [task=task340 provider=provider1 server=server2]"[0m[0m
[90m7:58PM[0m DBG [tms|provider1|task930] Task STARTED on server server2
[90m7:58PM[0m [31mERR[0m [1m[tms|provider2|task561] Task FAILED on server server4, took 31.936125ms[0m [36merror=[0m[31m[1m"smt.HandleTask: simulated error [task=task561 provider=provider2 server=server4]"[0m[0m
[90m7:58PM[0m DBG [tms|provider2|task561|server4] retrying (3/3) [36merror=[0m[31m[1m"smt.HandleTask: simulated error [task=task561 provider=provider2 server=server4]"[0m[0m
[90m7:58PM[0m DBG [tms|provider2|task161] Task STARTED on server server4
[90m7:58PM[0m DBG [tms|provider3|task832] Task COMPLETED on server server5, took 52.593866ms
[90m7:58PM[0m DBG [tms|provider3|task672] Task STARTED on server server5
[90m7:58PM[0m DBG [tms|provider1|task540] Task COMPLETED on server server1, took 60.496168ms
[90m7:58PM[0m DBG [tms|provider1|task360] Task STARTED on server server1
[90m7:58PM[0m DBG [tms|provider2|task921] Task COMPLETED on server server3, took 41.859842ms
[90m7:58PM[0m DBG [tms|provider2|task51] Task STARTED on server server3
[90m7:58PM[0m [31mERR[0m [1m[tms|provider5|task374] Task FAILED on server server8, took 45.166018ms[0m [36merror=[0m[31m[1m"smt.HandleTask: simulated error [task=task374 provider=provider5 server=server8]"[0m[0m
[90m7:58PM[0m [31mERR[0m [1m[tms|provider5|task374|server8] max retries reached[0m [36merror=[0m[31m[1m"smt.HandleTask: simulated error [task=task374 provider=provider5 server=server8]"[0m[0m
[90m7:58PM[0m [31mERR[0m [1m[tms|provider4|task578] Task FAILED on server server7, took 49.064914ms[0m [36merror=[0m[31m[1m"smt.HandleTask: simulated error [task=task578 provider=provider4 server=server7]"[0m[0m
[90m7:58PM[0m DBG [tms|provider4|task578|server7] retrying (1/3) [36merror=[0m[31m[1m"smt.HandleTask: simulated error [task=task578 provider=provider4 server=server7]"[0m[0m
[90m7:58PM[0m DBG [tms|provider4|task818] Task STARTED on server server7
[90m7:58PM[0m [31mERR[0m [1m[tms|provider5|task884] Task FAILED on server server10, took 54.514031ms[0m [36merror=[0m[31m[1m"smt.HandleTask: simulated error [task=task884 provider=provider5 server=server10]"[0m[0m
[90m7:58PM[0m DBG [tms|provider5|task884|server10] retrying (1/3) [36merror=[0m[31m[1m"smt.HandleTask: simulated error [task=task884 provider=provider5 server=server10]"[0m[0m
[90m7:58PM[0m DBG [tms|provider5|task884] Task STARTED on server server9
[90m7:58PM[0m DBG [tms|provider2|task161] Task COMPLETED on server server4, took 31.752071ms
[90m7:58PM[0m DBG [tms|provider2|task561] Task STARTED on server server4
[90m7:58PM[0m [31mERR[0m [1m[tms|provider2|task51] Task FAILED on server server3, took 21.657077ms[0m [36merror=[0m[31m[1m"smt.HandleTask: simulated error [task=task51 provider=provider2 server=server3]"[0m[0m
[90m7:58PM[0m [31mERR[0m [1m[tms|provider2|task51|server3] max retries reached[0m [36merror=[0m[31m[1m"smt.HandleTask: simulated error [task=task51 provider=provider2 server=server3]"[0m[0m
[90m7:58PM[0m DBG [tms|provider2|task81] Task STARTED on server server3
[90m7:58PM[0m DBG [tms|provider1|task360] Task COMPLETED on server server1, took 30.92335ms
[90m7:58PM[0m DBG [tms|provider3|task392] Task COMPLETED on server server6, took 62.249014ms
[90m7:58PM[0m DBG [tms|provider1|task340] Task STARTED on server server1
[90m7:58PM[0m DBG [tms|provider3|task992] Task STARTED on server server6
[90m7:58PM[0m DBG [tms|provider3|task672] Task COMPLETED on server server5, took 42.211365ms
[90m7:58PM[0m DBG [tms|provider3|task972] Task STARTED on server server5
[90m7:58PM[0m DBG [tms|provider1|task930] Task COMPLETED on server server2, took 50.459849ms
[90m7:58PM[0m DBG [tms|provider1|task860] Task STARTED on server server2
[90m7:58PM[0m DBG [tms|provider4|task818] Task COMPLETED on server server7, took 38.985728ms
[90m7:58PM[0m DBG [tms|provider4|task788] Task STARTED on server server7
[90m7:58PM[0m [31mERR[0m [1m[tms|provider2|task561] Task FAILED on server server4, took 31.049507ms[0m [36merror=[0m[31m[1m"smt.HandleTask: simulated error [task=task561 provider=provider2 server=server4]"[0m[0m
[90m7:58PM[0m [31mERR[0m [1m[tms|provider2|task561|server4] max retries reached[0m [36merror=[0m[31m[1m"smt.HandleTask: simulated error [task=task561 provider=provider2 server=server4]"[0m[0m
[90m7:58PM[0m DBG [tms|provider2|task171] Task STARTED on server server4
[90m7:58PM[0m DBG [tms|provider1|task860] Task COMPLETED on server server2, took 30.246616ms
[90m7:58PM[0m [31mERR[0m [1m[tms|provider5|task884] Task FAILED on server server9, took 54.102976ms[0m [36merror=[0m[31m[1m"smt.HandleTask: simulated error [task=task884 provider=provider5 server=server9]"[0m[0m
[90m7:58PM[0m DBG [tms|provider5|task884|server9] retrying (2/3) [36merror=[0m[31m[1m"smt.HandleTask: simulated error [task=task884 provider=provider5 server=server9]"[0m[0m
[90m7:58PM[0m DBG [tms|provider1|task870] Task STARTED on server server2
[90m7:58PM[0m DBG [tms|provider5|task884] Task STARTED on server server8
[90m7:58PM[0m DBG [tms|provider3|task972] Task COMPLETED on server server5, took 42.716663ms
[90m7:58PM[0m DBG [tms|provider3|task922] Task STARTED on server server5
[90m7:58PM[0m DBG [tms|provider2|task81] Task COMPLETED on server server3, took 52.085288ms
[90m7:58PM[0m DBG [tms|provider2|task871] Task STARTED on server server3
[90m7:58PM[0m [31mERR[0m [1m[tms|provider1|task340] Task FAILED on server server1, took 60.308457ms[0m [36merror=[0m[31m[1m"smt.HandleTask: simulated error [task=task340 provider=provider1 server=server1]"[0m[0m
[90m7:58PM[0m [31mERR[0m [1m[tms|provider1|task340|server1] max retries reached[0m [36merror=[0m[31m[1m"smt.HandleTask: simulated error [task=task340 provider=provider1 server=server1]"[0m[0m
[90m7:58PM[0m DBG [tms|provider1|task390] Task STARTED on server server1
[90m7:58PM[0m DBG [tms|provider3|task992] Task COMPLETED on server server6, took 62.452907ms
[90m7:58PM[0m DBG [tms|provider3|task242] Task STARTED on server server6
[90m7:58PM[0m DBG [tms|provider2|task171] Task COMPLETED on server server4, took 41.756158ms
[90m7:58PM[0m DBG [tms|provider2|task391] Task STARTED on server server4
[90m7:58PM[0m DBG [tms|provider4|task788] Task COMPLETED on server server7, took 58.141314ms
[90m7:58PM[0m DBG [tms|provider1|task870] Task COMPLETED on server server2, took 40.986945ms
[90m7:58PM[0m DBG [tms|provider4|task248] Task STARTED on server server7
[90m7:58PM[0m DBG [tms|provider1|task560] Task STARTED on server server2
[90m7:58PM[0m DBG [tms|provider3|task922] Task COMPLETED on server server5, took 42.779041ms
[90m7:58PM[0m DBG [tms|provider3|task942] Task STARTED on server server5
[90m7:58PM[0m DBG [tms|provider2|task871] Task COMPLETED on server server3, took 41.812107ms
[90m7:58PM[0m DBG [tms|provider2|task971] Task STARTED on server server3
[90m7:58PM[0m [31mERR[0m [1m[tms|provider5|task884] Task FAILED on server server8, took 54.346974ms[0m [36merror=[0m[31m[1m"smt.HandleTask: simulated error [task=task884 provider=provider5 server=server8]"[0m[0m
[90m7:58PM[0m DBG [tms|provider5|task884|server8] retrying (3/3) [36merror=[0m[31m[1m"smt.HandleTask: simulated error [task=task884 provider=provider5 server=server8]"[0m[0m
[90m7:58PM[0m DBG [tms|provider5|task884] Task STARTED on server server10
[90m7:58PM[0m DBG [tms|provider1|task560] Task COMPLETED on server server2, took 30.531957ms
[90m7:58PM[0m DBG [tms|provider1|task380] Task STARTED on server server2
[90m7:58PM[0m DBG [tms|provider1|task390] Task COMPLETED on server server1, took 61.097152ms
[90m7:58PM[0m DBG [tms|provider1|task990] Task STARTED on server server1
[90m7:58PM[0m DBG [tms|provider3|task242] Task COMPLETED on server server6, took 62.285704ms
[90m7:58PM[0m [31mERR[0m [1m[tms|provider2|task391] Task FAILED on server server4, took 61.167112ms[0m [36merror=[0m[31m[1m"smt.HandleTask: simulated error [task=task391 provider=provider2 server=server4]"[0m[0m
[90m7:58PM[0m DBG [tms|provider3|task2] Task STARTED on server server6
[90m7:58PM[0m DBG [tms|provider2|task391|server4] retrying (1/3) [36merror=[0m[31m[1m"smt.HandleTask: simulated error [task=task391 provider=provider2 server=server4]"[0m[0m
[90m7:58PM[0m DBG [tms|provider2|task761] Task STARTED on server server4
[90m7:58PM[0m DBG [tms|provider2|task971] Task COMPLETED on server server3, took 41.871131ms
[90m7:58PM[0m DBG [tms|provider2|task341] Task STARTED on server server3
[90m7:58PM[0m DBG [tms|provider3|task2] Task COMPLETED on server server6, took 22.289057ms
[90m7:58PM[0m DBG [tms|provider3|task302] Task STARTED on server server6
[90m7:58PM[0m [31mERR[0m [1m[tms|provider5|task884] Task FAILED on server server10, took 55.005984ms[0m [36merror=[0m[31m[1m"smt.HandleTask: simulated error [task=task884 provider=provider5 server=server10]"[0m[0m
[90m7:58PM[0m [31mERR[0m [1m[tms|provider5|task884|server10] max retries reached[0m [36merror=[0m[31m[1m"smt.HandleTask: simulated error [task=task884 provider=provider5 server=server10]"[0m[0m
[90m7:58PM[0m DBG [tms|provider4|task248] Task COMPLETED on server server7, took 68.582418ms
[90m7:58PM[0m DBG [tms|provider4|task578] Task STARTED on server server7
[90m7:58PM[0m DBG [tms|provider3|task942] Task COMPLETED on server server5, took 62.557491ms
[90m7:58PM[0m DBG [tms|provider3|task402] Task STARTED on server server5
[90m7:58PM[0m DBG [tms|provider2|task761] Task COMPLETED on server server4, took 31.79303ms
[90m7:58PM[0m DBG [tms|provider2|task391] Task STARTED on server server4
[90m7:58PM[0m DBG [tms|provider1|task380] Task COMPLETED on server server2, took 50.378338ms
[90m7:58PM[0m DBG [tms|provider1|task510] Task STARTED on server server2
[90m7:58PM[0m DBG [tms|provider3|task302] Task COMPLETED on server server6, took 23.017959ms
[90m7:58PM[0m DBG [tms|provider3|task122] Task STARTED on server server6
[90m7:58PM[0m DBG [tms|provider3|task402] Task COMPLETED on server server5, took 22.837171ms
[90m7:58PM[0m DBG [tms|provider3|task792] Task STARTED on server server5
[90m7:58PM[0m DBG [tms|provider1|task990] Task COMPLETED on server server1, took 61.069051ms
[90m7:58PM[0m DBG [tms|provider1|task10] Task STARTED on server server1
[90m7:58PM[0m [31mERR[0m [1m[tms|provider1|task510] Task FAILED on server server2, took 30.772603ms[0m [36merror=[0m[31m[1m"smt.HandleTask: simulated error [task=task510 provider=provider1 server=server2]"[0m[0m
[90m7:58PM[0m DBG [tms|provider1|task510|server2] retrying (1/3) [36merror=[0m[31m[1m"smt.HandleTask: simulated error [task=task510 provider=provider1 server=server2]"[0m[0m
[90m7:58PM[0m DBG [tms|provider1|task40] Task STARTED on server server2
[90m7:58PM[0m DBG [tms|provider2|task341] Task COMPLETED on server server3, took 61.196121ms
[90m7:58PM[0m DBG [tms|provider2|task911] Task STARTED on server server3
[90m7:58PM[0m [31mERR[0m [1m[tms|provider4|task578] Task FAILED on server server7, took 48.70139ms[0m [36merror=[0m[31m[1m"smt.HandleTask: simulated error [task=task578 provider=provider4 server=server7]"[0m[0m
[90m7:58PM[0m DBG [tms|provider4|task578|server7] retrying (2/3) [36merror=[0m[31m[1m"smt.HandleTask: simulated error [task=task578 provider=provider4 server=server7]"[0m[0m
[90m7:58PM[0m DBG [tms|provider4|task358] Task STARTED on server server7
[90m7:58PM[0m DBG [tms|provider1|task10] Task COMPLETED on server server1, took 30.461744ms
[90m7:58PM[0m DBG [tms|provider3|task122] Task COMPLETED on server server6, took 42.913282ms
[90m7:58PM[0m DBG [tms|provider1|task730] Task STARTED on server server1
[90m7:58PM[0m DBG [tms|provider3|task512] Task STARTED on server server6
[90m7:58PM[0m [31mERR[0m [1m[tms|provider2|task391] Task FAILED on server server4, took 61.571538ms[0m [36merror=[0m[31m[1m"smt.HandleTask: simulated error [task=task391 provider=provider2 server=server4]"[0m[0m
[90m7:58PM[0m DBG [tms|provider2|task391|server4] retrying (2/3) [36merror=[0m[31m[1m"smt.HandleTask: simulated error [task=task391 provider=provider2 server=server4]"[0m[0m
[90m7:58PM[0m DBG [tms|provider2|task521] Task STARTED on server server4
[90m7:58PM[0m DBG [tms|provider2|task911] Task COMPLETED on server server3, took 31.354448ms
[90m7:58PM[0m DBG [tms|provider2|task641] Task STARTED on server server3
[90m7:58PM[0m DBG [tms|provider4|task358] Task COMPLETED on server server7, took 28.455281ms
[90m7:58PM[0m DBG [tms|provider4|task738] Task STARTED on server server7
[90m7:58PM[0m DBG [tms|provider3|task792] Task COMPLETED on server server5, took 62.390756ms
[90m7:58PM[0m DBG [tms|provider3|task92] Task STARTED on server server5
[90m7:58PM[0m DBG [tms|provider3|task512] Task COMPLETED on server server6, took 32.576038ms
[90m7:58PM[0m DBG [tms|provider3|task532] Task STARTED on server server6
[90m7:58PM[0m DBG [tms|provider1|task40] Task COMPLETED on server server2, took 60.130211ms
[90m7:58PM[0m DBG [tms|provider1|task510] Task STARTED on server server2
[90m7:58PM[0m DBG [tms|provider2|task521] Task COMPLETED on server server4, took 41.847504ms
[90m7:58PM[0m DBG [tms|provider2|task391] Task STARTED on server server4
[90m7:58PM[0m DBG [tms|provider1|task730] Task COMPLETED on server server1, took 51.120415ms
[90m7:58PM[0m DBG [tms|provider1|task0] Task STARTED on server server1
[90m7:58PM[0m [31mERR[0m [1m[tms|provider1|task510] Task FAILED on server server2, took 30.318443ms[0m [36merror=[0m[31m[1m"smt.HandleTask: simulated error [task=task510 provider=provider1 server=server2]"[0m[0m
[90m7:58PM[0m DBG [tms|provider1|task510|server2] retrying (2/3) [36merror=[0m[31m[1m"smt.HandleTask: simulated error [task=task510 provider=provider1 server=server2]"[0m[0m
[90m7:58PM[0m DBG [tms|provider1|task190] Task STARTED on server server2
[90m7:58PM[0m DBG [tms|provider2|task641] Task COMPLETED on server server3, took 61.180478ms
[90m7:58PM[0m DBG [tms|provider2|task451] Task STARTED on server server3
[90m7:58PM[0m DBG [tms|provider4|task738] Task COMPLETED on server server7, took 59.025134ms
[90m7:58PM[0m [31mERR[0m [1m[tms|provider1|task0] Task FAILED on server server1, took 20.164224ms[0m [36merror=[0m[31m[1m"smt.HandleTask: simulated error [task=task0 provider=provider1 server=server1]"[0m[0m
[90m7:58PM[0m DBG [tms|provider4|task228] Task STARTED on server server7
[90m7:58PM[0m DBG [tms|provider1|task0|server1] retrying (2/3) [36merror=[0m[31m[1m"smt.HandleTask: simulated error [task=task0 provider=provider1 server=server1]"[0m[0m
[90m7:58PM[0m DBG [tms|provider1|task610] Task STARTED on server server1
[90m7:58PM[0m DBG [tms|provider3|task92] Task COMPLETED on server server5, took 63.092801ms
[90m7:58PM[0m DBG [tms|provider3|task532] Task COMPLETED on server server6, took 52.936369ms
[90m7:58PM[0m DBG [tms|provider3|task72] Task STARTED on server server5
[90m7:58PM[0m DBG [tms|provider3|task882] Task STARTED on server server6
[90m7:58PM[0m DBG [tms|provider2|task451] Task COMPLETED on server server3, took 21.302099ms
[90m7:58PM[0m DBG [tms|provider2|task461] Task STARTED on server server3
[90m7:58PM[0m DBG [tms|provider1|task610] Task COMPLETED on server server1, took 30.303873ms
[90m7:58PM[0m DBG [tms|provider1|task510] Task STARTED on server server1
[90m7:58PM[0m [31mERR[0m [1m[tms|provider2|task391] Task FAILED on server server4, took 61.119894ms[0m [36merror=[0m[31m[1m"smt.HandleTask: simulated error [task=task391 provider=provider2 server=server4]"[0m[0m
[90m7:58PM[0m DBG [tms|provider2|task391|server4] retrying (3/3) [36merror=[0m[31m[1m"smt.HandleTask: simulated error [task=task391 provider=provider2 server=server4]"[0m[0m
[90m7:58PM[0m DBG [tms|provider2|task601] Task STARTED on server server4
[90m7:58PM[0m DBG [tms|provider4|task228] Task COMPLETED on server server7, took 48.695727ms
[90m7:58PM[0m DBG [tms|provider4|task578] Task STARTED on server server7
[90m7:58PM[0m DBG [tms|provider2|task461] Task COMPLETED on server server3, took 31.506859ms
[90m7:58PM[0m DBG [tms|provider2|task581] Task STARTED on server server3
[90m7:58PM[0m DBG [tms|provider3|task72] Task COMPLETED on server server5, took 42.885308ms
[90m7:58PM[0m DBG [tms|provider3|task62] Task STARTED on server server5
[90m7:58PM[0m DBG [tms|provider2|task601] Task COMPLETED on server server4, took 21.391683ms
[90m7:58PM[0m DBG [tms|provider1|task190] Task COMPLETED on server server2, took 60.234059ms
[90m7:58PM[0m DBG [tms|provider2|task391] Task STARTED on server server4
[90m7:58PM[0m DBG [tms|provider1|task0] Task STARTED on server server2
[90m7:58PM[0m [31mERR[0m [1m[tms|provider1|task510] Task FAILED on server server1, took 30.598167ms[0m [36merror=[0m[31m[1m"smt.HandleTask: simulated error [task=task510 provider=provider1 server=server1]"[0m[0m
[90m7:58PM[0m DBG [tms|provider1|task510|server1] retrying (3/3) [36merror=[0m[31m[1m"smt.HandleTask: simulated error [task=task510 provider=provider1 server=server1]"[0m[0m
[90m7:58PM[0m DBG [tms|provider1|task170] Task STARTED on server server1
[90m7:58PM[0m DBG [tms|provider3|task882] Task COMPLETED on server server6, took 52.142963ms
[90m7:58PM[0m DBG [tms|provider3|task322] Task STARTED on server server6
[90m7:58PM[0m [31mERR[0m [1m[tms|provider1|task0] Task FAILED on server server2, took 20.314259ms[0m [36merror=[0m[31m[1m"smt.HandleTask: simulated error [task=task0 provider=provider1 server=server2]"[0m[0m
[90m7:58PM[0m DBG [tms|provider1|task0|server2] retrying (3/3) [36merror=[0m[31m[1m"smt.HandleTask: simulated error [task=task0 provider=provider1 server=server2]"[0m[0m
[90m7:58PM[0m DBG [tms|provider1|task880] Task STARTED on server server2
[90m7:58PM[0m DBG [tms|provider3|task62] Task COMPLETED on server server5, took 32.616725ms
[90m7:58PM[0m DBG [tms|provider3|task802] Task STARTED on server server5
[90m7:58PM[0m [31mERR[0m [1m[tms|provider4|task578] Task FAILED on server server7, took 48.983187ms[0m [36merror=[0m[31m[1m"smt.HandleTask: simulated error [task=task578 provider=provider4 server=server7]"[0m[0m
[90m7:58PM[0m DBG [tms|provider4|task578|server7] retrying (3/3) [36merror=[0m[31m[1m"smt.HandleTask: simulated error [task=task578 provider=provider4 server=server7]"[0m[0m
[90m7:58PM[0m DBG [tms|provider4|task478] Task STARTED on server server7
[90m7:58PM[0m [31mERR[0m [1m[tms|provider1|task170] Task FAILED on server server1, took 40.707976ms[0m [36merror=[0m[31m[1m"smt.HandleTask: simulated error [task=task170 provider=provider1 server=server1]"[0m[0m
[90m7:58PM[0m DBG [tms|provider1|task170|server1] retrying (1/3) [36merror=[0m[31m[1m"smt.HandleTask: simulated error [task=task170 provider=provider1 server=server1]"[0m[0m
[90m7:58PM[0m DBG [tms|provider1|task510] Task STARTED on server server1
[90m7:58PM[0m DBG [tms|provider2|task581] Task COMPLETED on server server3, took 51.262045ms
[90m7:58PM[0m DBG [tms|provider2|task511] Task STARTED on server server3
[90m7:58PM[0m DBG [tms|provider3|task322] Task COMPLETED on server server6, took 42.868405ms
[90m7:58PM[0m DBG [tms|provider3|task252] Task STARTED on server server6
[90m7:58PM[0m DBG [tms|provider3|task802] Task COMPLETED on server server5, took 22.52963ms
[90m7:58PM[0m DBG [tms|provider3|task422] Task STARTED on server server5
[90m7:58PM[0m [31mERR[0m [1m[tms|provider2|task391] Task FAILED on server server4, took 61.4231ms[0m [36merror=[0m[31m[1m"smt.HandleTask: simulated error [task=task391 provider=provider2 server=server4]"[0m[0m
[90m7:58PM[0m [31mERR[0m [1m[tms|provider2|task391|server4] max retries reached[0m [36merror=[0m[31m[1m"smt.HandleTask: simulated error [task=task391 provider=provider2 server=server4]"[0m[0m
[90m7:58PM[0m DBG [tms|provider2|task261] Task STARTED on server server4
[90m7:58PM[0m DBG [tms|provider1|task880] Task COMPLETED on server server2, took 51.089895ms
[90m7:58PM[0m DBG [tms|provider1|task0] Task STARTED on server server2
[90m7:58PM[0m DBG [tms|provider3|task252] Task COMPLETED on server server6, took 22.446641ms
[90m7:58PM[0m DBG [tms|provider3|task812] Task STARTED on server server6
[90m7:58PM[0m [31mERR[0m [1m[tms|provider1|task510] Task FAILED on server server1, took 30.794708ms[0m [36merror=[0m[31m[1m"smt.HandleTask: simulated error [task=task510 provider=provider1 server=server1]"[0m[0m
[90m7:58PM[0m [31mERR[0m [1m[tms|provider1|task510|server1] max retries reached[0m [36merror=[0m[31m[1m"smt.HandleTask: simulated error [task=task510 provider=provider1 server=server1]"[0m[0m
[90m7:58PM[0m DBG [tms|provider1|task170] Task STARTED on server server1
[90m7:58PM[0m DBG [tms|provider2|task511] Task COMPLETED on server server3, took 31.805069ms
[90m7:58PM[0m DBG [tms|provider2|task71] Task STARTED on server server3
[90m7:58PM[0m DBG [tms|provider4|task478] Task COMPLETED on server server7, took 48.280338ms
[90m7:58PM[0m DBG [tms|provider4|task298] Task STARTED on server server7
[90m7:58PM[0m [31mERR[0m [1m[tms|provider1|task0] Task FAILED on server server2, took 20.558692ms[0m [36merror=[0m[31m[1m"smt.HandleTask: simulated error [task=task0 provider=provider1 server=server2]"[0m[0m
[90m7:58PM[0m [31mERR[0m [1m[tms|provider1|task0|server2] max retries reached[0m [36merror=[0m[31m[1m"smt.HandleTask: simulated error [task=task0 provider=provider1 server=server2]"[0m[0m
[90m7:58PM[0m DBG [tms|provider1|task790] Task STARTED on server server2
[90m7:58PM[0m DBG [tms|provider2|task261] Task COMPLETED on server server4, took 31.849698ms
[90m7:58PM[0m DBG [tms|provider2|task241] Task STARTED on server server4
[90m7:58PM[0m DBG [tms|provider3|task422] Task COMPLETED on server server5, took 42.042672ms
[90m7:58PM[0m DBG [tms|provider3|task662] Task STARTED on server server5
[90m7:58PM[0m DBG [tms|provider3|task812] Task COMPLETED on server server6, took 32.861357ms
[90m7:58PM[0m DBG [tms|provider3|task552] Task STARTED on server server6
[90m7:58PM[0m [31mERR[0m [1m[tms|provider1|task170] Task FAILED on server server1, took 40.919417ms[0m [36merror=[0m[31m[1m"smt.HandleTask: simulated error [task=task170 provider=provider1 server=server1]"[0m[0m
[90m7:58PM[0m DBG [tms|provider1|task170|server1] retrying (2/3) [36merror=[0m[31m[1m"smt.HandleTask: simulated error [task=task170 provider=provider1 server=server1]"[0m[0m
[90m7:58PM[0m DBG [tms|provider1|task130] Task STARTED on server server1
[90m7:58PM[0m DBG [tms|provider2|task71] Task COMPLETED on server server3, took 41.954077ms
[90m7:58PM[0m DBG [tms|provider2|task941] Task STARTED on server server3
[90m7:58PM[0m DBG [tms|provider3|task662] Task COMPLETED on server server5, took 32.660098ms
[90m7:58PM[0m DBG [tms|provider3|task552] Task COMPLETED on server server6, took 22.322541ms
[90m7:58PM[0m DBG [tms|provider3|task722] Task STARTED on server server5
[90m7:58PM[0m DBG [tms|provider3|task952] Task STARTED on server server6
[90m7:58PM[0m [31mERR[0m [1m[tms|provider3|task952] Task FAILED on server server6, took 22.413383ms[0m [36merror=[0m[31m[1m"smt.HandleTask: simulated error [task=task952 provider=provider3 server=server6]"[0m[0m
[90m7:58PM[0m DBG [tms|provider3|task952|server6] retrying (1/3) [36merror=[0m[31m[1m"smt.HandleTask: simulated error [task=task952 provider=provider3 server=server6]"[0m[0m
[90m7:58PM[0m DBG [tms|provider3|task312] Task STARTED on server server6
[90m7:58PM[0m DBG [tms|provider1|task790] Task COMPLETED on server server2, took 60.527582ms
[90m7:58PM[0m DBG [tms|provider1|task670] Task STARTED on server server2
[90m7:58PM[0m DBG [tms|provider2|task241] Task COMPLETED on server server4, took 61.721381ms
[90m7:58PM[0m DBG [tms|provider2|task591] Task STARTED on server server4
[90m7:58PM[0m DBG [tms|provider4|task298] Task COMPLETED on server server7, took 69.153355ms
[90m7:58PM[0m DBG [tms|provider4|task578] Task STARTED on server server7
[90m7:58PM[0m DBG [tms|provider1|task130] Task COMPLETED on server server1, took 50.843588ms
[90m7:58PM[0m DBG [tms|provider1|task170] Task STARTED on server server1
[90m7:58PM[0m DBG [tms|provider3|task722] Task COMPLETED on server server5, took 42.878915ms
[90m7:58PM[0m DBG [tms|provider3|task332] Task STARTED on server server5
[90m7:58PM[0m DBG [tms|provider2|task941] Task COMPLETED on server server3, took 61.459142ms
[90m7:58PM[0m DBG [tms|provider2|task681] Task STARTED on server server3
[90m7:58PM[0m DBG [tms|provider3|task312] Task COMPLETED on server server6, took 32.641484ms
[90m7:58PM[0m DBG [tms|provider3|task952] Task STARTED on server server6
[90m7:58PM[0m DBG [tms|provider1|task670] Task COMPLETED on server server2, took 40.691767ms
[90m7:58PM[0m DBG [tms|provider1|task590] Task STARTED on server server2
[90m7:58PM[0m [31mERR[0m [1m[tms|provider4|task578] Task FAILED on server server7, took 48.597873ms[0m [36merror=[0m[31m[1m"smt.HandleTask: simulated error [task=task578 provider=provider4 server=server7]"[0m[0m
[90m7:58PM[0m [31mERR[0m [1m[tms|provider4|task578|server7] max retries reached[0m [36merror=[0m[31m[1m"smt.HandleTask: simulated error [task=task578 provider=provider4 server=server7]"[0m[0m
[90m7:58PM[0m DBG [tms|provider4|task588] Task STARTED on server server7
[90m7:58PM[0m [31mERR[0m [1m[tms|provider3|task952] Task FAILED on server server6, took 22.439704ms[0m [36merror=[0m[31m[1m"smt.HandleTask: simulated error [task=task952 provider=provider3 server=server6]"[0m[0m
[90m7:58PM[0m DBG [tms|provider3|task952|server6] retrying (2/3) [36merror=[0m[31m[1m"smt.HandleTask: simulated error [task=task952 provider=provider3 server=server6]"[0m[0m
[90m7:58PM[0m [31mERR[0m [1m[tms|provider1|task170] Task FAILED on server server1, took 40.206298ms[0m [36merror=[0m[31m[1m"smt.HandleTask: simulated error [task=task170 provider=provider1 server=server1]"[0m[0m
[90m7:58PM[0m DBG [tms|provider3|task412] Task STARTED on server server6
[90m7:58PM[0m DBG [tms|provider1|task170|server1] retrying (3/3) [36merror=[0m[31m[1m"smt.HandleTask: simulated error [task=task170 provider=provider1 server=server1]"[0m[0m
[90m7:58PM[0m DBG [tms|provider1|task980] Task STARTED on server server1
[90m7:58PM[0m DBG [tms|provider2|task591] Task COMPLETED on server server4, took 61.112012ms
[90m7:58PM[0m DBG [tms|provider2|task141] Task STARTED on server server4
[90m7:58PM[0m DBG [tms|provider3|task332] Task COMPLETED on server server5, took 52.458917ms
[90m7:58PM[0m DBG [tms|provider3|task462] Task STARTED on server server5
[90m7:58PM[0m DBG [tms|provider2|task681] Task COMPLETED on server server3, took 51.296032ms
[90m7:58PM[0m DBG [tms|provider2|task41] Task STARTED on server server3
[90m7:58PM[0m DBG [tms|provider3|task412] Task COMPLETED on server server6, took 32.717894ms
[90m7:58PM[0m DBG [tms|provider3|task952] Task STARTED on server server6
[90m7:58PM[0m DBG [tms|provider1|task590] Task COMPLETED on server server2, took 60.279706ms
[90m7:58PM[0m DBG [tms|provider1|task270] Task STARTED on server server2
[90m7:58PM[0m DBG [tms|provider3|task462] Task COMPLETED on server server5, took 32.537308ms
[90m7:58PM[0m DBG [tms|provider3|task382] Task STARTED on server server5
[90m7:58PM[0m DBG [tms|provider1|task980] Task COMPLETED on server server1, took 50.093921ms
[90m7:58PM[0m DBG [tms|provider1|task170] Task STARTED on server server1
[90m7:58PM[0m [31mERR[0m [1m[tms|provider3|task952] Task FAILED on server server6, took 22.570551ms[0m [36merror=[0m[31m[1m"smt.HandleTask: simulated error [task=task952 provider=provider3 server=server6]"[0m[0m
[90m7:58PM[0m DBG [tms|provider3|task952|server6] retrying (3/3) [36merror=[0m[31m[1m"smt.HandleTask: simulated error [task=task952 provider=provider3 server=server6]"[0m[0m
[90m7:58PM[0m DBG [tms|provider3|task542] Task STARTED on server server6
[90m7:58PM[0m DBG [tms|provider4|task588] Task COMPLETED on server server7, took 58.549284ms
[90m7:58PM[0m DBG [tms|provider4|task178] Task STARTED on server server7
[90m7:58PM[0m DBG [tms|provider2|task141] Task COMPLETED on server server4, took 61.44849ms
[90m7:58PM[0m DBG [tms|provider2|task491] Task STARTED on server server4
[90m7:58PM[0m DBG [tms|provider2|task41] Task COMPLETED on server server3, took 61.117672ms
[90m7:58PM[0m DBG [tms|provider2|task371] Task STARTED on server server3
[90m7:58PM[0m DBG [tms|provider1|task270] Task COMPLETED on server server2, took 40.827772ms
[90m7:58PM[0m DBG [tms|provider1|task50] Task STARTED on server server2
[90m7:58PM[0m [31mERR[0m [1m[tms|provider1|task170] Task FAILED on server server1, took 40.713549ms[0m [36merror=[0m[31m[1m"smt.HandleTask: simulated error [task=task170 provider=provider1 server=server1]"[0m[0m
[90m7:58PM[0m [31mERR[0m [1m[tms|provider1|task170|server1] max retries reached[0m [36merror=[0m[31m[1m"smt.HandleTask: simulated error [task=task170 provider=provider1 server=server1]"[0m[0m
[90m7:58PM[0m DBG [tms|provider1|task820] Task STARTED on server server1
[90m7:58PM[0m DBG [tms|provider3|task382] Task COMPLETED on server server5, took 52.929467ms
[90m7:58PM[0m DBG [tms|provider3|task622] Task STARTED on server server5
[90m7:58PM[0m DBG [tms|provider4|task178] Task COMPLETED on server server7, took 48.659427ms
[90m7:58PM[0m DBG [tms|provider4|task128] Task STARTED on server server7
[90m7:58PM[0m DBG [tms|provider1|task50] Task COMPLETED on server server2, took 20.540865ms
[90m7:58PM[0m DBG [tms|provider1|task830] Task STARTED on server server2
[90m7:58PM[0m DBG [tms|provider3|task542] Task COMPLETED on server server6, took 63.120754ms
[90m7:58PM[0m DBG [tms|provider3|task952] Task STARTED on server server6
[90m7:58PM[0m DBG [tms|provider2|task371] Task COMPLETED on server server3, took 42.027602ms
[90m7:58PM[0m DBG [tms|provider2|task691] Task STARTED on server server3
[90m7:58PM[0m DBG [tms|provider1|task820] Task COMPLETED on server server1, took 40.954402ms
[90m7:58PM[0m DBG [tms|provider2|task491] Task COMPLETED on server server4, took 61.261388ms
[90m7:58PM[0m DBG [tms|provider1|task330] Task STARTED on server server1
[90m7:58PM[0m DBG [tms|provider2|task881] Task STARTED on server server4
[90m7:58PM[0m [31mERR[0m [1m[tms|provider3|task952] Task FAILED on server server6, took 22.560065ms[0m [36merror=[0m[31m[1m"smt.HandleTask: simulated error [task=task952 provider=provider3 server=server6]"[0m[0m
[90m7:58PM[0m [31mERR[0m [1m[tms|provider3|task952|server6] max retries reached[0m [36merror=[0m[31m[1m"smt.HandleTask: simulated error [task=task952 provider=provider3 server=server6]"[0m[0m
[90m7:58PM[0m DBG [tms|provider3|task582] Task STARTED on server server6
[90m7:58PM[0m DBG [tms|provider3|task622] Task COMPLETED on server server5, took 42.159143ms
[90m7:58PM[0m DBG [tms|provider3|task202] Task STARTED on server server5
[90m7:58PM[0m DBG [tms|provider4|task128] Task COMPLETED on server server7, took 49.100891ms
[90m7:58PM[0m DBG [tms|provider4|task878] Task STARTED on server server7
[90m7:58PM[0m DBG [tms|provider1|task830] Task COMPLETED on server server2, took 51.087971ms
[90m7:58PM[0m DBG [tms|provider1|task370] Task STARTED on server server2
[90m7:58PM[0m DBG [tms|provider3|task202] Task COMPLETED on server server5, took 22.375111ms
[90m7:58PM[0m DBG [tms|provider3|task572] Task STARTED on server server5
[90m7:58PM[0m DBG [tms|provider1|task330] Task COMPLETED on server server1, took 50.829091ms
[90m7:58PM[0m DBG [tms|provider1|task660] Task STARTED on server server1
[90m7:58PM[0m DBG [tms|provider2|task881] Task COMPLETED on server server4, took 51.974672ms
[90m7:58PM[0m DBG [tms|provider2|task291] Task STARTED on server server4
[90m7:58PM[0m DBG [tms|provider2|task691] Task COMPLETED on server server3, took 61.358768ms
[90m7:58PM[0m DBG [tms|provider2|task831] Task STARTED on server server3
[90m7:58PM[0m DBG [tms|provider3|task582] Task COMPLETED on server server6, took 53.180388ms
[90m7:58PM[0m DBG [tms|provider3|task112] Task STARTED on server server6
[90m7:58PM[0m DBG [tms|provider1|task370] Task COMPLETED on server server2, took 40.95525ms
[90m7:58PM[0m DBG [tms|provider1|task180] Task STARTED on server server2
[90m7:58PM[0m DBG [tms|provider4|task878] Task COMPLETED on server server7, took 48.487097ms
[90m7:58PM[0m DBG [tms|provider4|task68] Task STARTED on server server7
[90m7:58PM[0m DBG [tms|provider3|task572] Task COMPLETED on server server5, took 42.350134ms
[90m7:58PM[0m DBG [tms|provider3|task502] Task STARTED on server server5
[90m7:58PM[0m DBG [tms|provider1|task660] Task COMPLETED on server server1, took 30.380042ms
[90m7:58PM[0m DBG [tms|provider1|task580] Task STARTED on server server1
[90m7:58PM[0m DBG [tms|provider3|task112] Task COMPLETED on server server6, took 32.813383ms
[90m7:58PM[0m DBG [tms|provider3|task132] Task STARTED on server server6
[90m7:58PM[0m DBG [tms|provider3|task502] Task COMPLETED on server server5, took 22.530305ms
[90m7:58PM[0m DBG [tms|provider3|task732] Task STARTED on server server5
[90m7:58PM[0m DBG [tms|provider2|task831] Task COMPLETED on server server3, took 51.795039ms
[90m7:58PM[0m DBG [tms|provider2|task271] Task STARTED on server server3
[90m7:58PM[0m [31mERR[0m [1m[tms|provider4|task68] Task FAILED on server server7, took 38.141795ms[0m [36merror=[0m[31m[1m"smt.HandleTask: simulated error [task=task68 provider=provider4 server=server7]"[0m[0m
[90m7:58PM[0m DBG [tms|provider4|task68|server7] retrying (1/3) [36merror=[0m[31m[1m"smt.HandleTask: simulated error [task=task68 provider=provider4 server=server7]"[0m[0m
[90m7:58PM[0m DBG [tms|provider4|task158] Task STARTED on server server7
[90m7:58PM[0m DBG [tms|provider2|task291] Task COMPLETED on server server4, took 62.056652ms
[90m7:58PM[0m DBG [tms|provider2|task471] Task STARTED on server server4
[90m7:58PM[0m DBG [tms|provider1|task180] Task COMPLETED on server server2, took 50.718348ms
[90m7:58PM[0m DBG [tms|provider1|task800] Task STARTED on server server2
[90m7:58PM[0m DBG [tms|provider1|task580] Task COMPLETED on server server1, took 51.105869ms
[90m7:58PM[0m DBG [tms|provider1|task570] Task STARTED on server server1
[90m7:58PM[0m DBG [tms|provider4|task158] Task COMPLETED on server server7, took 28.317713ms
[90m7:58PM[0m DBG [tms|provider4|task838] Task STARTED on server server7
[90m7:58PM[0m DBG [tms|provider1|task800] Task COMPLETED on server server2, took 20.377113ms
[90m7:58PM[0m DBG [tms|provider1|task960] Task STARTED on server server2
[90m7:58PM[0m DBG [tms|provider3|task132] Task COMPLETED on server server6, took 52.407923ms
[90m7:58PM[0m DBG [tms|provider3|task822] Task STARTED on server server6
[90m7:58PM[0m DBG [tms|provider2|task271] Task COMPLETED on server server3, took 41.909733ms
[90m7:58PM[0m DBG [tms|provider2|task101] Task STARTED on server server3
[90m7:58PM[0m DBG [tms|provider3|task732] Task COMPLETED on server server5, took 52.310192ms
[90m7:58PM[0m DBG [tms|provider3|task442] Task STARTED on server server5
[90m7:58PM[0m DBG [tms|provider2|task471] Task COMPLETED on server server4, took 41.970346ms
[90m7:58PM[0m DBG [tms|provider2|task501] Task STARTED on server server4
[90m7:58PM[0m DBG [tms|provider1|task960] Task COMPLETED on server server2, took 30.612553ms
[90m7:58PM[0m DBG [tms|provider1|task970] Task STARTED on server server2
[90m7:58PM[0m DBG [tms|provider2|task101] Task COMPLETED on server server3, took 21.452989ms
[90m7:58PM[0m DBG [tms|provider1|task570] Task COMPLETED on server server1, took 41.035955ms
[90m7:58PM[0m DBG [tms|provider2|task701] Task STARTED on server server3
[90m7:58PM[0m DBG [tms|provider1|task420] Task STARTED on server server1
[90m7:58PM[0m DBG [tms|provider2|task501] Task COMPLETED on server server4, took 21.451234ms
[90m7:58PM[0m DBG [tms|provider2|task11] Task STARTED on server server4
[90m7:58PM[0m DBG [tms|provider3|task822] Task COMPLETED on server server6, took 43.033354ms
[90m7:58PM[0m DBG [tms|provider3|task182] Task STARTED on server server6
[90m7:58PM[0m DBG [tms|provider2|task701] Task COMPLETED on server server3, took 21.556301ms
[90m7:58PM[0m DBG [tms|provider2|task21] Task STARTED on server server3
[90m7:58PM[0m DBG [tms|provider4|task838] Task COMPLETED on server server7, took 58.664428ms
[90m7:58PM[0m DBG [tms|provider4|task68] Task STARTED on server server7
[90m7:58PM[0m DBG [tms|provider2|task11] Task COMPLETED on server server4, took 31.658655ms
[90m7:58PM[0m DBG [tms|provider2|task571] Task STARTED on server server4
[90m7:58PM[0m DBG [tms|provider1|task970] Task COMPLETED on server server2, took 40.117156ms
[90m7:58PM[0m DBG [tms|provider1|task280] Task STARTED on server server2
[90m7:58PM[0m DBG [tms|provider1|task420] Task COMPLETED on server server1, took 41.005955ms
[90m7:58PM[0m DBG [tms|provider1|task910] Task STARTED on server server1
[90m7:58PM[0m [31mERR[0m [1m[tms|provider3|task442] Task FAILED on server server5, took 62.687247ms[0m [36merror=[0m[31m[1m"smt.HandleTask: simulated error [task=task442 provider=provider3 server=server5]"[0m[0m
[90m7:58PM[0m DBG [tms|provider3|task442|server5] retrying (1/3) [36merror=[0m[31m[1m"smt.HandleTask: simulated error [task=task442 provider=provider3 server=server5]"[0m[0m
[90m7:58PM[0m DBG [tms|provider3|task862] Task STARTED on server server5
[90m7:58PM[0m [31mERR[0m [1m[tms|provider4|task68] Task FAILED on server server7, took 38.575285ms[0m [36merror=[0m[31m[1m"smt.HandleTask: simulated error [task=task68 provider=provider4 server=server7]"[0m[0m
[90m7:58PM[0m DBG [tms|provider4|task68|server7] retrying (2/3) [36merror=[0m[31m[1m"smt.HandleTask: simulated error [task=task68 provider=provider4 server=server7]"[0m[0m
[90m7:58PM[0m DBG [tms|provider4|task58] Task STARTED on server server7
[90m7:58PM[0m DBG [tms|provider2|task21] Task COMPLETED on server server3, took 41.811324ms
[90m7:58PM[0m DBG [tms|provider2|task91] Task STARTED on server server3
[90m7:58PM[0m DBG [tms|provider3|task182] Task COMPLETED on server server6, took 53.054875ms
[90m7:58PM[0m DBG [tms|provider3|task712] Task STARTED on server server6
[90m7:58PM[0m DBG [tms|provider1|task910] Task COMPLETED on server server1, took 30.65276ms
[90m7:58PM[0m DBG [tms|provider1|task600] Task STARTED on server server1
[90m7:58PM[0m DBG [tms|provider3|task862] Task COMPLETED on server server5, took 32.656071ms
[90m7:58PM[0m DBG [tms|provider3|task442] Task STARTED on server server5
[90m7:58PM[0m DBG [tms|provider2|task571] Task COMPLETED on server server4, took 42.115031ms
[90m7:58PM[0m DBG [tms|provider2|task431] Task STARTED on server server4
[90m7:58PM[0m DBG [tms|provider1|task280] Task COMPLETED on server server2, took 50.097427ms
[90m7:58PM[0m DBG [tms|provider1|task710] Task STARTED on server server2
[90m7:58PM[0m DBG [tms|provider4|task58] Task COMPLETED on server server7, took 28.828994ms
[90m7:58PM[0m DBG [tms|provider4|task118] Task STARTED on server server7
[90m7:58PM[0m DBG [tms|provider1|task600] Task COMPLETED on server server1, took 20.531849ms
[90m7:58PM[0m DBG [tms|provider1|task630] Task STARTED on server server1
[90m7:58PM[0m DBG [tms|provider3|task712] Task COMPLETED on server server6, took 32.891757ms
[90m7:58PM[0m DBG [tms|provider3|task492] Task STARTED on server server6
[90m7:58PM[0m DBG [tms|provider1|task710] Task COMPLETED on server server2, took 30.56803ms
[90m7:58PM[0m DBG [tms|provider1|task810] Task STARTED on server server2
[90m7:58PM[0m DBG [tms|provider2|task91] Task COMPLETED on server server3, took 61.412052ms
[90m7:58PM[0m DBG [tms|provider2|task781] Task STARTED on server server3
[90m7:58PM[0m DBG [tms|provider2|task431] Task COMPLETED on server server4, took 52.097368ms
[90m7:58PM[0m DBG [tms|provider4|task118] Task COMPLETED on server server7, took 38.804531ms
[90m7:58PM[0m DBG [tms|provider2|task281] Task STARTED on server server4
[90m7:58PM[0m DBG [tms|provider4|task68] Task STARTED on server server7
[90m7:58PM[0m [31mERR[0m [1m[tms|provider3|task442] Task FAILED on server server5, took 62.549683ms[0m [36merror=[0m[31m[1m"smt.HandleTask: simulated error [task=task442 provider=provider3 server=server5]"[0m[0m
[90m7:58PM[0m DBG [tms|provider3|task442|server5] retrying (2/3) [36merror=[0m[31m[1m"smt.HandleTask: simulated error [task=task442 provider=provider3 server=server5]"[0m[0m
[90m7:58PM[0m DBG [tms|provider3|task562] Task STARTED on server server5
[90m7:58PM[0m DBG [tms|provider1|task630] Task COMPLETED on server server1, took 51.147265ms
[90m7:58PM[0m DBG [tms|provider1|task460] Task STARTED on server server1
[90m7:58PM[0m DBG [tms|provider1|task810] Task COMPLETED on server server2, took 30.905954ms
[90m7:58PM[0m DBG [tms|provider1|task690] Task STARTED on server server2
[90m7:58PM[0m DBG [tms|provider3|task492] Task COMPLETED on server server6, took 62.277831ms
[90m7:58PM[0m DBG [tms|provider3|task292] Task STARTED on server server6
[90m7:58PM[0m [31mERR[0m [1m[tms|provider4|task68] Task FAILED on server server7, took 38.942053ms[0m [36merror=[0m[31m[1m"smt.HandleTask: simulated error [task=task68 provider=provider4 server=server7]"[0m[0m
[90m7:58PM[0m DBG [tms|provider4|task68|server7] retrying (3/3) [36merror=[0m[31m[1m"smt.HandleTask: simulated error [task=task68 provider=provider4 server=server7]"[0m[0m
[90m7:58PM[0m DBG [tms|provider4|task278] Task STARTED on server server7
[90m7:58PM[0m DBG [tms|provider3|task562] Task COMPLETED on server server5, took 32.596373ms
[90m7:58PM[0m DBG [tms|provider3|task442] Task STARTED on server server5
[90m7:58PM[0m DBG [tms|provider1|task460] Task COMPLETED on server server1, took 30.834691ms
[90m7:58PM[0m DBG [tms|provider1|task520] Task STARTED on server server1
[90m7:58PM[0m DBG [tms|provider2|task781] Task COMPLETED on server server3, took 51.77522ms
[90m7:58PM[0m DBG [tms|provider2|task191] Task STARTED on server server3
[90m7:58PM[0m DBG [tms|provider2|task281] Task COMPLETED on server server4, took 51.802223ms
[90m7:58PM[0m DBG [tms|provider2|task251] Task STARTED on server server4
[90m7:58PM[0m DBG [tms|provider2|task251] Task COMPLETED on server server4, took 21.307884ms
[90m7:58PM[0m DBG [tms|provider2|task711] Task STARTED on server server4
[90m7:58PM[0m DBG [tms|provider1|task690] Task COMPLETED on server server2, took 60.793142ms
[90m7:58PM[0m DBG [tms|provider1|task350] Task STARTED on server server2
[90m7:58PM[0m DBG [tms|provider1|task520] Task COMPLETED on server server1, took 41.172233ms
[90m7:58PM[0m DBG [tms|provider1|task850] Task STARTED on server server1
[90m7:58PM[0m DBG [tms|provider4|task278] Task COMPLETED on server server7, took 48.698951ms
[90m7:58PM[0m DBG [tms|provider4|task678] Task STARTED on server server7
[90m7:58PM[0m DBG [tms|provider3|task292] Task COMPLETED on server server6, took 63.052838ms
[90m7:58PM[0m DBG [tms|provider3|task892] Task STARTED on server server6
[90m7:58PM[0m DBG [tms|provider1|task350] Task COMPLETED on server server2, took 20.596538ms
[90m7:58PM[0m DBG [tms|provider1|task890] Task STARTED on server server2
[90m7:58PM[0m [31mERR[0m [1m[tms|provider3|task442] Task FAILED on server server5, took 63.10164ms[0m [36merror=[0m[31m[1m"smt.HandleTask: simulated error [task=task442 provider=provider3 server=server5]"[0m[0m
[90m7:58PM[0m DBG [tms|provider3|task442|server5] retrying (3/3) [36merror=[0m[31m[1m"smt.HandleTask: simulated error [task=task442 provider=provider3 server=server5]"[0m[0m
[90m7:58PM[0m DBG [tms|provider3|task612] Task STARTED on server server5
[90m7:58PM[0m DBG [tms|provider2|task711] Task COMPLETED on server server4, took 31.960661ms
[90m7:58PM[0m DBG [tms|provider2|task651] Task STARTED on server server4
[90m7:58PM[0m [31mERR[0m [1m[tms|provider1|task850] Task FAILED on server server1, took 20.811843ms[0m [36merror=[0m[31m[1m"smt.HandleTask: simulated error [task=task850 provider=provider1 server=server1]"[0m[0m
[90m7:58PM[0m DBG [tms|provider1|task850|server1] retrying (1/3) [36merror=[0m[31m[1m"smt.HandleTask: simulated error [task=task850 provider=provider1 server=server1]"[0m[0m
[90m7:58PM[0m DBG [tms|provider1|task900] Task STARTED on server server1
[90m7:58PM[0m DBG [tms|provider2|task191] Task COMPLETED on server server3, took 62.154442ms
[90m7:58PM[0m DBG [tms|provider2|task951] Task STARTED on server server3
[90m7:58PM[0m DBG [tms|provider2|task651] Task COMPLETED on server server4, took 21.247258ms
[90m7:58PM[0m DBG [tms|provider1|task900] Task COMPLETED on server server1, took 20.270669ms
[90m7:58PM[0m DBG [tms|provider2|task671] Task STARTED on server server4
[90m7:58PM[0m DBG [tms|provider1|task110] Task STARTED on server server1
[90m7:58PM[0m DBG [tms|provider2|task951] Task COMPLETED on server server3, took 21.362785ms
[90m7:58PM[0m DBG [tms|provider2|task961] Task STARTED on server server3
[90m7:58PM[0m DBG [tms|provider4|task678] Task COMPLETED on server server7, took 48.442997ms
[90m7:58PM[0m [31mERR[0m [1m[tms|provider3|task612] Task FAILED on server server5, took 32.964721ms[0m [36merror=[0m[31m[1m"smt.HandleTask: simulated error [task=task612 provider=provider3 server=server5]"[0m[0m
[90m7:58PM[0m DBG [tms|provider3|task612|server5] retrying (1/3) [36merror=[0m[31m[1m"smt.HandleTask: simulated error [task=task612 provider=provider3 server=server5]"[0m[0m
[90m7:58PM[0m DBG [tms|provider4|task508] Task STARTED on server server7
[90m7:58PM[0m DBG [tms|provider3|task172] Task STARTED on server server5
[90m7:58PM[0m DBG [tms|provider1|task110] Task COMPLETED on server server1, took 30.429929ms
[90m7:58PM[0m DBG [tms|provider1|task850] Task STARTED on server server1
[90m7:58PM[0m DBG [tms|provider1|task890] Task COMPLETED on server server2, took 60.736478ms
[90m7:58PM[0m DBG [tms|provider1|task780] Task STARTED on server server2
[90m7:58PM[0m DBG [tms|provider3|task892] Task COMPLETED on server server6, took 62.10508ms
[90m7:58PM[0m DBG [tms|provider3|task442] Task STARTED on server server6
[90m7:58PM[0m DBG [tms|provider2|task961] Task COMPLETED on server server3, took 31.72228ms
[90m7:58PM[0m DBG [tms|provider2|task151] Task STARTED on server server3
[90m7:58PM[0m DBG [tms|provider4|task508] Task COMPLETED on server server7, took 28.900134ms
[90m7:58PM[0m DBG [tms|provider4|task138] Task STARTED on server server7
[90m7:58PM[0m DBG [tms|provider2|task671] Task COMPLETED on server server4, took 41.354894ms
[90m7:58PM[0m DBG [tms|provider2|task891] Task STARTED on server server4
[90m7:58PM[0m DBG [tms|provider3|task172] Task COMPLETED on server server5, took 42.168136ms
[90m7:58PM[0m [31mERR[0m [1m[tms|provider1|task850] Task FAILED on server server1, took 20.913521ms[0m [36merror=[0m[31m[1m"smt.HandleTask: simulated error [task=task850 provider=provider1 server=server1]"[0m[0m
[90m7:58PM[0m DBG [tms|provider3|task612] Task STARTED on server server5
[90m7:58PM[0m DBG [tms|provider1|task850|server1] retrying (2/3) [36merror=[0m[31m[1m"smt.HandleTask: simulated error [task=task850 provider=provider1 server=server1]"[0m[0m
[90m7:58PM[0m DBG [tms|provider1|task720] Task STARTED on server server1
[90m7:58PM[0m DBG [tms|provider2|task151] Task COMPLETED on server server3, took 21.868448ms
[90m7:58PM[0m DBG [tms|provider2|task401] Task STARTED on server server3
[90m7:58PM[0m DBG [tms|provider2|task401] Task COMPLETED on server server3, took 21.323407ms
[90m7:58PM[0m DBG [tms|provider2|task111] Task STARTED on server server3
[90m7:58PM[0m DBG [tms|provider1|task780] Task COMPLETED on server server2, took 50.645035ms
[90m7:58PM[0m [31mERR[0m [1m[tms|provider3|task612] Task FAILED on server server5, took 32.893637ms[0m [36merror=[0m[31m[1m"smt.HandleTask: simulated error [task=task612 provider=provider3 server=server5]"[0m[0m
[90m7:58PM[0m DBG [tms|provider3|task612|server5] retrying (2/3) [36merror=[0m[31m[1m"smt.HandleTask: simulated error [task=task612 provider=provider3 server=server5]"[0m[0m
[90m7:58PM[0m DBG [tms|provider1|task650] Task STARTED on server server2
[90m7:58PM[0m DBG [tms|provider3|task742] Task STARTED on server server5
[90m7:58PM[0m DBG [tms|provider1|task720] Task COMPLETED on server server1, took 40.870169ms
[90m7:58PM[0m DBG [tms|provider1|task850] Task STARTED on server server1
[90m7:58PM[0m DBG [tms|provider4|task138] Task COMPLETED on server server7, took 58.468048ms
[90m7:58PM[0m [31mERR[0m [1m[tms|provider3|task442] Task FAILED on server server6, took 62.743182ms[0m [36merror=[0m[31m[1m"smt.HandleTask: simulated error [task=task442 provider=provider3 server=server6]"[0m[0m
[90m7:58PM[0m DBG [tms|provider4|task708] Task STARTED on server server7
[90m7:58PM[0m [31mERR[0m [1m[tms|provider3|task442|server6] max retries reached[0m [36merror=[0m[31m[1m"smt.HandleTask: simulated error [task=task442 provider=provider3 server=server6]"[0m[0m
[90m7:58PM[0m DBG [tms|provider3|task602] Task STARTED on server server6
[90m7:58PM[0m DBG [tms|provider2|task891] Task COMPLETED on server server4, took 61.529908ms
[90m7:58PM[0m DBG [tms|provider2|task731] Task STARTED on server server4
[90m7:58PM[0m DBG [tms|provider1|task650] Task COMPLETED on server server2, took 20.159705ms
[90m7:58PM[0m DBG [tms|provider1|task640] Task STARTED on server server2
[90m7:58PM[0m DBG [tms|provider2|task111] Task COMPLETED on server server3, took 31.998697ms
[90m7:58PM[0m DBG [tms|provider2|task851] Task STARTED on server server3
[90m7:58PM[0m [31mERR[0m [1m[tms|provider1|task850] Task FAILED on server server1, took 20.147927ms[0m [36merror=[0m[31m[1m"smt.HandleTask: simulated error [task=task850 provider=provider1 server=server1]"[0m[0m
[90m7:58PM[0m DBG [tms|provider1|task850|server1] retrying (3/3) [36merror=[0m[31m[1m"smt.HandleTask: simulated error [task=task850 provider=provider1 server=server1]"[0m[0m
[90m7:58PM[0m DBG [tms|provider1|task940] Task STARTED on server server1
[90m7:58PM[0m DBG [tms|provider3|task602] Task COMPLETED on server server6, took 22.743205ms
[90m7:58PM[0m DBG [tms|provider3|task612] Task STARTED on server server6
[90m7:58PM[0m DBG [tms|provider4|task708] Task COMPLETED on server server7, took 29.019266ms
[90m7:58PM[0m DBG [tms|provider4|task608] Task STARTED on server server7
[90m7:58PM[0m DBG [tms|provider2|task851] Task COMPLETED on server server3, took 21.49051ms
[90m7:58PM[0m DBG [tms|provider2|task811] Task STARTED on server server3
[90m7:58PM[0m DBG [tms|provider3|task742] Task COMPLETED on server server5, took 62.514897ms
[90m7:58PM[0m DBG [tms|provider3|task482] Task STARTED on server server5
[90m7:58PM[0m [31mERR[0m [1m[tms|provider3|task612] Task FAILED on server server6, took 32.472735ms[0m [36merror=[0m[31m[1m"smt.HandleTask: simulated error [task=task612 provider=provider3 server=server6]"[0m[0m
[90m7:58PM[0m DBG [tms|provider3|task612|server6] retrying (3/3) [36merror=[0m[31m[1m"smt.HandleTask: simulated error [task=task612 provider=provider3 server=server6]"[0m[0m
[90m7:58PM[0m DBG [tms|provider3|task262] Task STARTED on server server6
[90m7:58PM[0m DBG [tms|provider4|task608] Task COMPLETED on server server7, took 28.409381ms
[90m7:58PM[0m DBG [tms|provider4|task858] Task STARTED on server server7
[90m7:58PM[0m [31mERR[0m [1m[tms|provider2|task731] Task FAILED on server server4, took 52.432177ms[0m [36merror=[0m[31m[1m"smt.HandleTask: simulated error [task=task731 provider=provider2 server=server4]"[0m[0m
[90m7:58PM[0m DBG [tms|provider2|task731|server4] retrying (1/3) [36merror=[0m[31m[1m"smt.HandleTask: simulated error [task=task731 provider=provider2 server=server4]"[0m[0m
[90m7:58PM[0m DBG [tms|provider2|task411] Task STARTED on server server4
[90m7:58PM[0m DBG [tms|provider2|task811] Task COMPLETED on server server3, took 31.481539ms
[90m7:58PM[0m DBG [tms|provider2|task131] Task STARTED on server server3
[90m7:58PM[0m DBG [tms|provider1|task640] Task COMPLETED on server server2, took 60.843273ms
[90m7:58PM[0m DBG [tms|provider1|task450] Task STARTED on server server2
[90m7:58PM[0m DBG [tms|provider1|task940] Task COMPLETED on server server1, took 60.976553ms
[90m7:58PM[0m DBG [tms|provider1|task850] Task STARTED on server server1
[90m7:58PM[0m DBG [tms|provider4|task858] Task COMPLETED on server server7, took 28.567197ms
[90m7:58PM[0m DBG [tms|provider4|task188] Task STARTED on server server7
[90m7:58PM[0m DBG [tms|provider3|task262] Task COMPLETED on server server6, took 32.810012ms
[90m7:58PM[0m DBG [tms|provider3|task432] Task STARTED on server server6
[90m7:58PM[0m DBG [tms|provider1|task450] Task COMPLETED on server server2, took 20.408132ms
[90m7:58PM[0m DBG [tms|provider1|task70] Task STARTED on server server2
[90m7:58PM[0m DBG [tms|provider2|task411] Task COMPLETED on server server4, took 31.815233ms
[90m7:58PM[0m DBG [tms|provider2|task731] Task STARTED on server server4
[90m7:58PM[0m [31mERR[0m [1m[tms|provider1|task850] Task FAILED on server server1, took 20.526278ms[0m [36merror=[0m[31m[1m"smt.HandleTask: simulated error [task=task850 provider=provider1 server=server1]"[0m[0m
[90m7:58PM[0m [31mERR[0m [1m[tms|provider1|task850|server1] max retries reached[0m [36merror=[0m[31m[1m"smt.HandleTask: simulated error [task=task850 provider=provider1 server=server1]"[0m[0m
[90m7:58PM[0m DBG [tms|provider1|task120] Task STARTED on server server1
[90m7:58PM[0m DBG [tms|provider3|task482] Task COMPLETED on server server5, took 52.371658ms
[90m7:58PM[0m DBG [tms|provider3|task612] Task STARTED on server server5
[90m7:58PM[0m DBG [tms|provider2|task131] Task COMPLETED on server server3, took 52.084876ms
[90m7:58PM[0m DBG [tms|provider2|task421] Task STARTED on server server3
[90m7:58PM[0m DBG [tms|provider1|task70] Task COMPLETED on server server2, took 40.629591ms
[90m7:58PM[0m DBG [tms|provider1|task430] Task STARTED on server server2
[90m7:58PM[0m [31mERR[0m [1m[tms|provider3|task612] Task FAILED on server server5, took 32.356832ms[0m [36merror=[0m[31m[1m"smt.HandleTask: simulated error [task=task612 provider=provider3 server=server5]"[0m[0m
[90m7:58PM[0m [31mERR[0m [1m[tms|provider3|task612|server5] max retries reached[0m [36merror=[0m[31m[1m"smt.HandleTask: simulated error [task=task612 provider=provider3 server=server5]"[0m[0m
[90m7:58PM[0m DBG [tms|provider3|task652] Task STARTED on server server5
[90m7:58PM[0m DBG [tms|provider1|task120] Task COMPLETED on server server1, took 40.80289ms
[90m7:58PM[0m DBG [tms|provider1|task230] Task STARTED on server server1
[90m7:58PM[0m DBG [tms|provider3|task432] Task COMPLETED on server server6, took 52.305663ms
[90m7:58PM[0m DBG [tms|provider3|task22] Task STARTED on server server6
[90m7:58PM[0m [31mERR[0m [1m[tms|provider2|task731] Task FAILED on server server4, took 51.453341ms[0m [36merror=[0m[31m[1m"smt.HandleTask: simulated error [task=task731 provider=provider2 server=server4]"[0m[0m
[90m7:58PM[0m DBG [tms|provider2|task731|server4] retrying (2/3) [36merror=[0m[31m[1m"smt.HandleTask: simulated error [task=task731 provider=provider2 server=server4]"[0m[0m
[90m7:58PM[0m DBG [tms|provider2|task201] Task STARTED on server server4
[90m7:58PM[0m DBG [tms|provider4|task188] Task COMPLETED on server server7, took 58.797815ms
[90m7:58PM[0m DBG [tms|provider4|task628] Task STARTED on server server7
[90m7:58PM[0m DBG [tms|provider3|task652] Task COMPLETED on server server5, took 22.994022ms
[90m7:58PM[0m DBG [tms|provider3|task782] Task STARTED on server server5
[90m7:58PM[0m DBG [tms|provider2|task421] Task COMPLETED on server server3, took 41.516816ms
[90m7:58PM[0m DBG [tms|provider2|task121] Task STARTED on server server3
[90m7:58PM[0m DBG [tms|provider2|task201] Task COMPLETED on server server4, took 21.626131ms
[90m7:58PM[0m DBG [tms|provider2|task731] Task STARTED on server server4
[90m7:58PM[0m DBG [tms|provider1|task430] Task COMPLETED on server server2, took 50.848878ms
[90m7:58PM[0m DBG [tms|provider3|task22] Task COMPLETED on server server6, took 42.406763ms
[90m7:58PM[0m DBG [tms|provider3|task82] Task STARTED on server server6
[90m7:58PM[0m DBG [tms|provider1|task230] Task COMPLETED on server server1, took 50.547732ms
[90m7:58PM[0m DBG [tms|provider4|task628] Task COMPLETED on server server7, took 48.295186ms
[90m7:58PM[0m DBG [tms|provider4|task218] Task STARTED on server server7
[90m7:58PM[0m DBG [tms|provider2|task121] Task COMPLETED on server server3, took 42.004311ms
[90m7:58PM[0m DBG [tms|provider2|task621] Task STARTED on server server3
[90m7:58PM[0m [31mERR[0m [1m[tms|provider3|task782] Task FAILED on server server5, took 52.252189ms[0m [36merror=[0m[31m[1m"smt.HandleTask: simulated error [task=task782 provider=provider3 server=server5]"[0m[0m
[90m7:58PM[0m DBG [tms|provider3|task782|server5] retrying (1/3) [36merror=[0m[31m[1m"smt.HandleTask: simulated error [task=task782 provider=provider3 server=server5]"[0m[0m
[90m7:58PM[0m DBG [tms|provider3|task362] Task STARTED on server server5
[90m7:58PM[0m [31mERR[0m [1m[tms|provider2|task731] Task FAILED on server server4, took 51.9435ms[0m [36merror=[0m[31m[1m"smt.HandleTask: simulated error [task=task731 provider=provider2 server=server4]"[0m[0m
[90m7:58PM[0m DBG [tms|provider2|task731|server4] retrying (3/3) [36merror=[0m[31m[1m"smt.HandleTask: simulated error [task=task731 provider=provider2 server=server4]"[0m[0m
[90m7:58PM[0m DBG [tms|provider2|task931] Task STARTED on server server4
[90m7:58PM[0m DBG [tms|provider4|task218] Task COMPLETED on server server7, took 38.669876ms
[90m7:58PM[0m DBG [tms|provider4|task28] Task STARTED on server server7
[90m7:58PM[0m DBG [tms|provider3|task82] Task COMPLETED on server server6, took 53.185465ms
[90m7:58PM[0m DBG [tms|provider3|task142] Task STARTED on server server6
[90m7:58PM[0m DBG [tms|provider3|task362] Task COMPLETED on server server5, took 32.75414ms
[90m7:58PM[0m DBG [tms|provider2|task621] Task COMPLETED on server server3, took 41.06374ms
[90m7:58PM[0m DBG [tms|provider3|task782] Task STARTED on server server5
[90m7:58PM[0m DBG [tms|provider2|task611] Task STARTED on server server3
[90m7:58PM[0m DBG [tms|provider2|task931] Task COMPLETED on server server4, took 51.800955ms
[90m7:58PM[0m DBG [tms|provider2|task731] Task STARTED on server server4
[90m7:58PM[0m DBG [tms|provider2|task611] Task COMPLETED on server server3, took 31.330995ms
[90m7:58PM[0m DBG [tms|provider4|task28] Task COMPLETED on server server7, took 49.010087ms
[90m7:58PM[0m DBG [tms|provider4|task88] Task STARTED on server server7
[90m7:58PM[0m [31mERR[0m [1m[tms|provider3|task782] Task FAILED on server server5, took 52.917991ms[0m [36merror=[0m[31m[1m"smt.HandleTask: simulated error [task=task782 provider=provider3 server=server5]"[0m[0m
[90m7:58PM[0m DBG [tms|provider3|task782|server5] retrying (2/3) [36merror=[0m[31m[1m"smt.HandleTask: simulated error [task=task782 provider=provider3 server=server5]"[0m[0m
[90m7:58PM[0m DBG [tms|provider3|task212] Task STARTED on server server5
[90m7:58PM[0m DBG [tms|provider3|task142] Task COMPLETED on server server6, took 62.403284ms
[90m7:58PM[0m DBG [tms|provider3|task222] Task STARTED on server server6
[90m7:58PM[0m [31mERR[0m [1m[tms|provider2|task731] Task FAILED on server server4, took 51.140504ms[0m [36merror=[0m[31m[1m"smt.HandleTask: simulated error [task=task731 provider=provider2 server=server4]"[0m[0m
[90m7:58PM[0m [31mERR[0m [1m[tms|provider2|task731|server4] max retries reached[0m [36merror=[0m[31m[1m"smt.HandleTask: simulated error [task=task731 provider=provider2 server=server4]"[0m[0m
[90m7:58PM[0m DBG [tms|provider3|task212] Task COMPLETED on server server5, took 32.421874ms
[90m7:58PM[0m DBG [tms|provider3|task782] Task STARTED on server server5
[90m7:58PM[0m DBG [tms|provider4|task88] Task COMPLETED on server server7, took 59.108676ms
[90m7:58PM[0m DBG [tms|provider4|task208] Task STARTED on server server7
[90m7:58PM[0m DBG [tms|provider3|task222] Task COMPLETED on server server6, took 42.650346ms
[90m7:58PM[0m DBG [tms|provider4|task208] Task COMPLETED on server server7, took 28.245417ms
[90m7:58PM[0m DBG [tms|provider4|task538] Task STARTED on server server7
[90m7:58PM[0m [31mERR[0m [1m[tms|provider3|task782] Task FAILED on server server5, took 52.774535ms[0m [36merror=[0m[31m[1m"smt.HandleTask: simulated error [task=task782 provider=provider3 server=server5]"[0m[0m
[90m7:58PM[0m DBG [tms|provider3|task782|server5] retrying (3/3) [36merror=[0m[31m[1m"smt.HandleTask: simulated error [task=task782 provider=provider3 server=server5]"[0m[0m
[90m7:58PM[0m DBG [tms|provider3|task782] Task STARTED on server server6
[90m7:58PM[0m DBG [tms|provider4|task538] Task COMPLETED on server server7, took 58.347926ms
[90m7:58PM[0m DBG [tms|provider4|task888] Task STARTED on server server7
[90m7:58PM[0m [31mERR[0m [1m[tms|provider3|task782] Task FAILED on server server6, took 52.147181ms[0m [36merror=[0m[31m[1m"smt.HandleTask: simulated error [task=task782 provider=provider3 server=server6]"[0m[0m
[90m7:58PM[0m [31mERR[0m [1m[tms|provider3|task782|server6] max retries reached[0m [36merror=[0m[31m[1m"smt.HandleTask: simulated error [task=task782 provider=provider3 server=server6]"[0m[0m
[90m7:58PM[0m DBG [tms|provider4|task888] Task COMPLETED on server server7, took 58.149123ms
[90m7:58PM[0m DBG [tms|provider4|task528] Task STARTED on server server7
[90m7:58PM[0m DBG [tms|provider4|task528] Task COMPLETED on server server7, took 48.283786ms
[90m7:58PM[0m DBG [tms|provider4|task68] Task STARTED on server server7
[90m7:58PM[0m [31mERR[0m [1m[tms|provider4|task68] Task FAILED on server server7, took 38.349542ms[0m [36merror=[0m[31m[1m"smt.HandleTask: simulated error [task=task68 provider=provider4 server=server7]"[0m[0m
[90m7:58PM[0m [31mERR[0m [1m[tms|provider4|task68|server7] max retries reached[0m [36merror=[0m[31m[1m"smt.HandleTask: simulated error [task=task68 provider=provider4 server=server7]"[0m[0m
[90m7:58PM[0m DBG [tms|provider4|task688] Task STARTED on server server7
[90m7:58PM[0m DBG [tms|provider4|task688] Task COMPLETED on server server7, took 58.362985ms
[90m7:58PM[0m DBG [tms|provider4|task428] Task STARTED on server server7
[90m7:58PM[0m DBG [tms|provider4|task428] Task COMPLETED on server server7, took 48.511273ms
[90m7:58PM[0m DBG [tms|provider4|task398] Task STARTED on server server7
[90m7:58PM[0m DBG [tms|provider4|task398] Task COMPLETED on server server7, took 68.457058ms
[90m7:58PM[0m DBG [tms|provider4|task548] Task STARTED on server server7
[90m7:58PM[0m DBG [tms|provider4|task548] Task COMPLETED on server server7, took 68.435637ms
[90m7:58PM[0m DBG [tms|provider4|task743] Task STARTED on server server7
[90m7:58PM[0m DBG [tms|provider4|task743] Task COMPLETED on server server7, took 63.350454ms
[90m7:58PM[0m DBG [tms|provider4|task603] Task STARTED on server server7
[90m7:58PM[0m DBG [tms|provider4|task603] Task COMPLETED on server server7, took 23.278439ms
[90m7:58PM[0m DBG [tms|provider4|task973] Task STARTED on server server7
[90m7:58PM[0m DBG [tms|provider4|task973] Task COMPLETED on server server7, took 43.331374ms
[90m7:58PM[0m DBG [tms|provider4|task803] Task STARTED on server server7
[90m7:58PM[0m DBG [tms|provider4|task803] Task COMPLETED on server server7, took 23.310171ms
[90m7:58PM[0m DBG [tms|provider4|task33] Task STARTED on server server7
[90m7:58PM[0m DBG [tms|provider4|task33] Task COMPLETED on server server7, took 53.435607ms
[90m7:58PM[0m DBG [tms|provider4|task213] Task STARTED on server server7
[90m7:58PM[0m DBG [tms|provider4|task213] Task COMPLETED on server server7, took 33.358235ms
[90m7:58PM[0m DBG [tms|provider4|task193] Task STARTED on server server7
[90m7:58PM[0m DBG [tms|provider4|task193] Task COMPLETED on server server7, took 63.263791ms
[90m7:58PM[0m DBG [tms|provider4|task723] Task STARTED on server server7
[90m7:59PM[0m DBG [tms|provider4|task723] Task COMPLETED on server server7, took 43.184518ms
[90m7:59PM[0m DBG [tms|provider4|task843] Task STARTED on server server7
[90m7:59PM[0m DBG [tms|provider4|task843] Task COMPLETED on server server7, took 63.271062ms
[90m7:59PM[0m DBG [tms|provider4|task453] Task STARTED on server server7
[90m7:59PM[0m DBG [tms|provider4|task453] Task COMPLETED on server server7, took 23.309072ms
[90m7:59PM[0m DBG [tms|provider4|task463] Task STARTED on server server7
[90m7:59PM[0m DBG [tms|provider4|task463] Task COMPLETED on server server7, took 33.367569ms
[90m7:59PM[0m DBG [tms|provider4|task763] Task STARTED on server server7
[90m7:59PM[0m DBG [tms|provider4|task763] Task COMPLETED on server server7, took 33.275527ms
[90m7:59PM[0m DBG [tms|provider4|task713] Task STARTED on server server7
[90m7:59PM[0m DBG [tms|provider4|task713] Task COMPLETED on server server7, took 33.314445ms
[90m7:59PM[0m DBG [tms|provider4|task783] Task STARTED on server server7
[90m7:59PM[0m DBG [tms|provider4|task783] Task COMPLETED on server server7, took 53.358368ms
[90m7:59PM[0m DBG [tms|provider4|task583] Task STARTED on server server7
[90m7:59PM[0m DBG [tms|provider4|task583] Task COMPLETED on server server7, took 53.266755ms
[90m7:59PM[0m DBG [tms|provider4|task863] Task STARTED on server server7
[90m7:59PM[0m DBG [tms|provider4|task863] Task COMPLETED on server server7, took 33.355198ms
[90m7:59PM[0m DBG [tms|provider4|task493] Task STARTED on server server7
[90m7:59PM[0m [31mERR[0m [1m[tms|provider4|task493] Task FAILED on server server7, took 63.437394ms[0m [36merror=[0m[31m[1m"smt.HandleTask: simulated error [task=task493 provider=provider4 server=server7]"[0m[0m
[90m7:59PM[0m DBG [tms|provider4|task493|server7] retrying (1/3) [36merror=[0m[31m[1m"smt.HandleTask: simulated error [task=task493 provider=provider4 server=server7]"[0m[0m
[90m7:59PM[0m DBG [tms|provider4|task773] Task STARTED on server server7
[90m7:59PM[0m DBG [tms|provider4|task773] Task COMPLETED on server server7, took 43.311817ms
[90m7:59PM[0m DBG [tms|provider4|task953] Task STARTED on server server7
[90m7:59PM[0m DBG [tms|provider4|task953] Task COMPLETED on server server7, took 23.408006ms
[90m7:59PM[0m DBG [tms|provider4|task493] Task STARTED on server server7
[90m7:59PM[0m [31mERR[0m [1m[tms|provider4|task493] Task FAILED on server server7, took 63.483723ms[0m [36merror=[0m[31m[1m"smt.HandleTask: simulated error [task=task493 provider=provider4 server=server7]"[0m[0m
[90m7:59PM[0m DBG [tms|provider4|task493|server7] retrying (2/3) [36merror=[0m[31m[1m"smt.HandleTask: simulated error [task=task493 provider=provider4 server=server7]"[0m[0m
[90m7:59PM[0m DBG [tms|provider4|task643] Task STARTED on server server7
[90m7:59PM[0m DBG [tms|provider4|task643] Task COMPLETED on server server7, took 63.408453ms
[90m7:59PM[0m DBG [tms|provider4|task893] Task STARTED on server server7
[90m7:59PM[0m DBG [tms|provider4|task893] Task COMPLETED on server server7, took 63.295133ms
[90m7:59PM[0m DBG [tms|provider4|task493] Task STARTED on server server7
[90m7:59PM[0m [31mERR[0m [1m[tms|provider4|task493] Task FAILED on server server7, took 63.420458ms[0m [36merror=[0m[31m[1m"smt.HandleTask: simulated error [task=task493 provider=provider4 server=server7]"[0m[0m
[90m7:59PM[0m DBG [tms|provider4|task493|server7] retrying (3/3) [36merror=[0m[31m[1m"smt.HandleTask: simulated error [task=task493 provider=provider4 server=server7]"[0m[0m
[90m7:59PM[0m DBG [tms|provider4|task983] Task STARTED on server server7
[90m7:59PM[0m DBG [tms|provider4|task983] Task COMPLETED on server server7, took 53.361011ms
[90m7:59PM[0m DBG [tms|provider4|task933] Task STARTED on server server7
[90m7:59PM[0m DBG [tms|provider4|task933] Task COMPLETED on server server7, took 53.527166ms
[90m7:59PM[0m DBG [tms|provider4|task493] Task STARTED on server server7
[90m7:59PM[0m [31mERR[0m [1m[tms|provider4|task493] Task FAILED on server server7, took 63.410198ms[0m [36merror=[0m[31m[1m"smt.HandleTask: simulated error [task=task493 provider=provider4 server=server7]"[0m[0m
[90m7:59PM[0m [31mERR[0m [1m[tms|provider4|task493|server7] max retries reached[0m [36merror=[0m[31m[1m"smt.HandleTask: simulated error [task=task493 provider=provider4 server=server7]"[0m[0m
[90m7:59PM[0m DBG [tms|provider4|task383] Task STARTED on server server7
[90m7:59PM[0m DBG [tms|provider4|task383] Task COMPLETED on server server7, took 53.485267ms
[90m7:59PM[0m DBG [tms|provider4|task313] Task STARTED on server server7
[90m7:59PM[0m DBG [tms|provider4|task313] Task COMPLETED on server server7, took 33.294466ms
[90m7:59PM[0m DBG [tms|provider4|task653] Task STARTED on server server7
[90m7:59PM[0m DBG [tms|provider4|task653] Task COMPLETED on server server7, took 23.205802ms
[90m7:59PM[0m DBG [tms|provider4|task293] Task STARTED on server server7
[90m7:59PM[0m DBG [tms|provider4|task293] Task COMPLETED on server server7, took 63.342824ms
[90m7:59PM[0m DBG [tms|provider4|task883] Task STARTED on server server7
[90m7:59PM[0m DBG [tms|provider4|task883] Task COMPLETED on server server7, took 53.526748ms
[90m7:59PM[0m DBG [tms|provider4|task873] Task STARTED on server server7
[90m7:59PM[0m DBG [tms|provider4|task873] Task COMPLETED on server server7, took 43.436745ms
[90m7:59PM[0m DBG [tms|provider4|task353] Task STARTED on server server7
[90m7:59PM[0m DBG [tms|provider4|task353] Task COMPLETED on server server7, took 23.386402ms
[90m7:59PM[0m DBG [tms|provider4|task83] Task STARTED on server server7
[90m7:59PM[0m DBG [tms|provider4|task83] Task COMPLETED on server server7, took 53.535793ms
[90m7:59PM[0m DBG [tms|provider4|task43] Task STARTED on server server7
[90m7:59PM[0m DBG [tms|provider4|task43] Task COMPLETED on server server7, took 63.373103ms
[90m7:59PM[0m DBG [tms|provider4|task273] Task STARTED on server server7
[90m7:59PM[0m DBG [tms|provider4|task273] Task COMPLETED on server server7, took 43.456964ms
[90m7:59PM[0m DBG [tms|provider4|task833] Task STARTED on server server7
[90m7:59PM[0m [31mERR[0m [1m[tms|provider4|task833] Task FAILED on server server7, took 53.290746ms[0m [36merror=[0m[31m[1m"smt.HandleTask: simulated error [task=task833 provider=provider4 server=server7]"[0m[0m
[90m7:59PM[0m DBG [tms|provider4|task833|server7] retrying (1/3) [36merror=[0m[31m[1m"smt.HandleTask: simulated error [task=task833 provider=provider4 server=server7]"[0m[0m
[90m7:59PM[0m DBG [tms|provider4|task243] Task STARTED on server server7
[90m7:59PM[0m DBG [tms|provider4|task243] Task COMPLETED on server server7, took 63.277005ms
[90m7:59PM[0m DBG [tms|provider4|task103] Task STARTED on server server7
[90m7:59PM[0m DBG [tms|provider4|task103] Task COMPLETED on server server7, took 23.226522ms
[90m7:59PM[0m DBG [tms|provider4|task833] Task STARTED on server server7
[90m7:59PM[0m [31mERR[0m [1m[tms|provider4|task833] Task FAILED on server server7, took 53.232662ms[0m [36merror=[0m[31m[1m"smt.HandleTask: simulated error [task=task833 provider=provider4 server=server7]"[0m[0m
[90m7:59PM[0m DBG [tms|provider4|task833|server7] retrying (2/3) [36merror=[0m[31m[1m"smt.HandleTask: simulated error [task=task833 provider=provider4 server=server7]"[0m[0m
[90m7:59PM[0m DBG [tms|provider4|task663] Task STARTED on server server7
[90m7:59PM[0m [31mERR[0m [1m[tms|provider4|task663] Task FAILED on server server7, took 33.270824ms[0m [36merror=[0m[31m[1m"smt.HandleTask: simulated error [task=task663 provider=provider4 server=server7]"[0m[0m
[90m7:59PM[0m DBG [tms|provider4|task663|server7] retrying (1/3) [36merror=[0m[31m[1m"smt.HandleTask: simulated error [task=task663 provider=provider4 server=server7]"[0m[0m
[90m7:59PM[0m DBG [tms|provider4|task903] Task STARTED on server server7
[90m7:59PM[0m DBG [tms|provider4|task903] Task COMPLETED on server server7, took 23.283886ms
[90m7:59PM[0m DBG [tms|provider4|task833] Task STARTED on server server7
[90m7:59PM[0m [31mERR[0m [1m[tms|provider4|task833] Task FAILED on server server7, took 53.241475ms[0m [36merror=[0m[31m[1m"smt.HandleTask: simulated error [task=task833 provider=provider4 server=server7]"[0m[0m
[90m7:59PM[0m DBG [tms|provider4|task833|server7] retrying (3/3) [36merror=[0m[31m[1m"smt.HandleTask: simulated error [task=task833 provider=provider4 server=server7]"[0m[0m
[90m7:59PM[0m DBG [tms|provider4|task663] Task STARTED on server server7
[90m7:59PM[0m [31mERR[0m [1m[tms|provider4|task663] Task FAILED on server server7, took 33.271656ms[0m [36merror=[0m[31m[1m"smt.HandleTask: simulated error [task=task663 provider=provider4 server=server7]"[0m[0m
[90m7:59PM[0m DBG [tms|provider4|task663|server7] retrying (2/3) [36merror=[0m[31m[1m"smt.HandleTask: simulated error [task=task663 provider=provider4 server=server7]"[0m[0m
[90m7:59PM[0m DBG [tms|provider4|task853] Task STARTED on server server7
[90m7:59PM[0m DBG [tms|provider4|task853] Task COMPLETED on server server7, took 23.376083ms
[90m7:59PM[0m DBG [tms|provider4|task833] Task STARTED on server server7
[90m7:59PM[0m [31mERR[0m [1m[tms|provider4|task833] Task FAILED on server server7, took 53.342605ms[0m [36merror=[0m[31m[1m"smt.HandleTask: simulated error [task=task833 provider=provider4 server=server7]"[0m[0m
[90m7:59PM[0m [31mERR[0m [1m[tms|provider4|task833|server7] max retries reached[0m [36merror=[0m[31m[1m"smt.HandleTask: simulated error [task=task833 provider=provider4 server=server7]"[0m[0m
[90m7:59PM[0m DBG [tms|provider4|task663] Task STARTED on server server7
[90m7:59PM[0m [31mERR[0m [1m[tms|provider4|task663] Task FAILED on server server7, took 33.394731ms[0m [36merror=[0m[31m[1m"smt.HandleTask: simulated error [task=task663 provider=provider4 server=server7]"[0m[0m
[90m7:59PM[0m DBG [tms|provider4|task663|server7] retrying (3/3) [36merror=[0m[31m[1m"smt.HandleTask: simulated error [task=task663 provider=provider4 server=server7]"[0m[0m
[90m7:59PM[0m DBG [tms|provider4|task733] Task STARTED on server server7
[90m7:59PM[0m DBG [tms|provider4|task733] Task COMPLETED on server server7, took 53.232424ms
[90m7:59PM[0m DBG [tms|provider4|task683] Task STARTED on server server7
[90m7:59PM[0m DBG [tms|provider4|task683] Task COMPLETED on server server7, took 53.255629ms
[90m7:59PM[0m DBG [tms|provider4|task663] Task STARTED on server server7
[90m7:59PM[0m [31mERR[0m [1m[tms|provider4|task663] Task FAILED on server server7, took 33.295249ms[0m [36merror=[0m[31m[1m"smt.HandleTask: simulated error [task=task663 provider=provider4 server=server7]"[0m[0m
[90m7:59PM[0m [31mERR[0m [1m[tms|provider4|task663|server7] max retries reached[0m [36merror=[0m[31m[1m"smt.HandleTask: simulated error [task=task663 provider=provider4 server=server7]"[0m[0m
[90m7:59PM[0m DBG [tms|provider4|task593] Task STARTED on server server7
[90m7:59PM[0m DBG [tms|provider4|task593] Task COMPLETED on server server7, took 63.362691ms
[90m7:59PM[0m DBG [tms|provider4|task923] Task STARTED on server server7
[90m7:59PM[0m DBG [tms|provider4|task923] Task COMPLETED on server server7, took 43.285108ms
[90m7:59PM[0m DBG [tms|provider4|task303] Task STARTED on server server7
[90m7:59PM[0m DBG [tms|provider4|task303] Task COMPLETED on server server7, took 23.246138ms
[90m7:59PM[0m DBG [tms|provider4|task943] Task STARTED on server server7
[90m7:59PM[0m DBG [tms|provider4|task943] Task COMPLETED on server server7, took 63.334661ms
[90m7:59PM[0m DBG [tms|provider4|task63] Task STARTED on server server7
[90m7:59PM[0m DBG [tms|provider4|task63] Task COMPLETED on server server7, took 33.237941ms
[90m7:59PM[0m DBG [tms|provider4|task183] Task STARTED on server server7
[90m7:59PM[0m DBG [tms|provider4|task183] Task COMPLETED on server server7, took 53.178155ms
[90m7:59PM[0m DBG [tms|provider4|task283] Task STARTED on server server7
[90m7:59PM[0m DBG [tms|provider4|task283] Task COMPLETED on server server7, took 53.260744ms
[90m7:59PM[0m DBG [tms|provider4|task793] Task STARTED on server server7
[90m7:59PM[0m DBG [tms|provider4|task793] Task COMPLETED on server server7, took 63.305767ms
[90m7:59PM[0m DBG [tms|provider4|task443] Task STARTED on server server7
[90m7:59PM[0m DBG [tms|provider4|task443] Task COMPLETED on server server7, took 63.290578ms
[90m7:59PM[0m DBG [tms|provider4|task133] Task STARTED on server server7
[90m7:59PM[0m DBG [tms|provider4|task133] Task COMPLETED on server server7, took 53.484497ms
[90m7:59PM[0m DBG [tms|provider4|task3] Task STARTED on server server7
[90m7:59PM[0m DBG [tms|provider4|task3] Task COMPLETED on server server7, took 23.319199ms
[90m7:59PM[0m DBG [tms|provider4|task523] Task STARTED on server server7
[90m7:59PM[0m DBG [tms|provider4|task523] Task COMPLETED on server server7, took 43.314415ms
[90m7:59PM[0m DBG [tms|provider4|task13] Task STARTED on server server7
[90m7:59PM[0m DBG [tms|provider4|task13] Task COMPLETED on server server7, took 33.312423ms
[90m7:59PM[0m DBG [tms|provider4|task553] Task STARTED on server server7
[90m7:59PM[0m DBG [tms|provider4|task553] Task COMPLETED on server server7, took 23.297955ms
[90m7:59PM[0m DBG [tms|provider4|task263] Task STARTED on server server7
[90m7:59PM[0m DBG [tms|provider4|task263] Task COMPLETED on server server7, took 33.267866ms
[90m7:59PM[0m DBG [tms|provider4|task813] Task STARTED on server server7
[90m7:59PM[0m DBG [tms|provider4|task813] Task COMPLETED on server server7, took 33.32753ms
[90m7:59PM[0m DBG [tms|provider4|task393] Task STARTED on server server7
[90m7:59PM[0m DBG [tms|provider4|task393] Task COMPLETED on server server7, took 63.380895ms
[90m7:59PM[0m DBG [tms|provider4|task633] Task STARTED on server server7
[90m7:59PM[0m DBG [tms|provider4|task633] Task COMPLETED on server server7, took 53.402369ms
[90m7:59PM[0m DBG [tms|provider4|task753] Task STARTED on server server7
[90m7:59PM[0m DBG [tms|provider4|task753] Task COMPLETED on server server7, took 23.349642ms
[90m7:59PM[0m DBG [tms|provider4|task373] Task STARTED on server server7
[90m7:59PM[0m DBG [tms|provider4|task373] Task COMPLETED on server server7, took 43.366391ms
[90m7:59PM[0m DBG [tms|provider4|task693] Task STARTED on server server7
[90m7:59PM[0m DBG [tms|provider4|task693] Task COMPLETED on server server7, took 63.420342ms
[90m7:59PM[0m DBG [tms|provider4|task423] Task STARTED on server server7
[90m7:59PM[0m DBG [tms|provider4|task423] Task COMPLETED on server server7, took 43.467417ms
[90m7:59PM[0m DBG [tms|provider4|task623] Task STARTED on server server7
[90m7:59PM[0m DBG [tms|provider4|task623] Task COMPLETED on server server7, took 43.387394ms
[90m7:59PM[0m DBG [tms|provider4|task913] Task STARTED on server server7
[90m7:59PM[0m DBG [tms|provider4|task913] Task COMPLETED on server server7, took 33.526995ms
[90m7:59PM[0m DBG [tms|provider4|task53] Task STARTED on server server7
[90m7:59PM[0m DBG [tms|provider4|task53] Task COMPLETED on server server7, took 23.539359ms
[90m7:59PM[0m DBG [tms|provider4|task673] Task STARTED on server server7
[90m7:59PM[0m DBG [tms|provider4|task673] Task COMPLETED on server server7, took 43.372868ms
[90m7:59PM[0m DBG [tms|provider4|task483] Task STARTED on server server7
[90m7:59PM[0m DBG [tms|provider4|task483] Task COMPLETED on server server7, took 53.334207ms
[90m7:59PM[0m DBG [tms|provider4|task153] Task STARTED on server server7
[90m7:59PM[0m [31mERR[0m [1m[tms|provider4|task153] Task FAILED on server server7, took 23.324186ms[0m [36merror=[0m[31m[1m"smt.HandleTask: simulated error [task=task153 provider=provider4 server=server7]"[0m[0m
[90m7:59PM[0m DBG [tms|provider4|task153|server7] retrying (1/3) [36merror=[0m[31m[1m"smt.HandleTask: simulated error [task=task153 provider=provider4 server=server7]"[0m[0m
[90m7:59PM[0m DBG [tms|provider4|task433] Task STARTED on server server7
[90m7:59PM[0m DBG [tms|provider4|task433] Task COMPLETED on server server7, took 53.44877ms
[90m7:59PM[0m DBG [tms|provider4|task823] Task STARTED on server server7
[90m7:59PM[0m DBG [tms|provider4|task823] Task COMPLETED on server server7, took 43.559078ms
[90m7:59PM[0m DBG [tms|provider4|task153] Task STARTED on server server7
[90m7:59PM[0m [31mERR[0m [1m[tms|provider4|task153] Task FAILED on server server7, took 23.505062ms[0m [36merror=[0m[31m[1m"smt.HandleTask: simulated error [task=task153 provider=provider4 server=server7]"[0m[0m
[90m7:59PM[0m DBG [tms|provider4|task153|server7] retrying (2/3) [36merror=[0m[31m[1m"smt.HandleTask: simulated error [task=task153 provider=provider4 server=server7]"[0m[0m
[90m7:59PM[0m DBG [tms|provider4|task223] Task STARTED on server server7
[90m7:59PM[0m DBG [tms|provider4|task223] Task COMPLETED on server server7, took 43.515607ms
[90m7:59PM[0m DBG [tms|provider4|task93] Task STARTED on server server7
[90m7:59PM[0m DBG [tms|provider4|task93] Task COMPLETED on server server7, took 63.208991ms
[90m7:59PM[0m DBG [tms|provider4|task153] Task STARTED on server server7
[90m7:59PM[0m [31mERR[0m [1m[tms|provider4|task153] Task FAILED on server server7, took 23.28413ms[0m [36merror=[0m[31m[1m"smt.HandleTask: simulated error [task=task153 provider=provider4 server=server7]"[0m[0m
[90m7:59PM[0m DBG [tms|provider4|task153|server7] retrying (3/3) [36merror=[0m[31m[1m"smt.HandleTask: simulated error [task=task153 provider=provider4 server=server7]"[0m[0m
[90m7:59PM[0m DBG [tms|provider4|task503] Task STARTED on server server7
[90m7:59PM[0m DBG [tms|provider4|task503] Task COMPLETED on server server7, took 23.342859ms
[90m7:59PM[0m DBG [tms|provider4|task573] Task STARTED on server server7
[90m7:59PM[0m DBG [tms|provider4|task573] Task COMPLETED on server server7, took 43.32286ms
[90m7:59PM[0m DBG [tms|provider4|task153] Task STARTED on server server7
[90m7:59PM[0m [31mERR[0m [1m[tms|provider4|task153] Task FAILED on server server7, took 23.496313ms[0m [36merror=[0m[31m[1m"smt.HandleTask: simulated error [task=task153 provider=provider4 server=server7]"[0m[0m
[90m7:59PM[0m [31mERR[0m [1m[tms|provider4|task153|server7] max retries reached[0m [36merror=[0m[31m[1m"smt.HandleTask: simulated error [task=task153 provider=provider4 server=server7]"[0m[0m
[90m7:59PM[0m DBG [tms|provider4|task233] Task STARTED on server server7
[90m7:59PM[0m DBG [tms|provider4|task233] Task COMPLETED on server server7, took 53.322059ms
[90m7:59PM[0m DBG [tms|provider4|task343] Task STARTED on server server7
[90m7:59PM[0m DBG [tms|provider4|task343] Task COMPLETED on server server7, took 63.384322ms
[90m7:59PM[0m DBG [tms|provider4|task613] Task STARTED on server server7
[90m7:59PM[0m DBG [tms|provider4|task613] Task COMPLETED on server server7, took 33.378105ms
[90m7:59PM[0m DBG [tms|provider4|task253] Task STARTED on server server7
[90m7:59PM[0m DBG [tms|provider4|task253] Task COMPLETED on server server7, took 23.387142ms
[90m7:59PM[0m DBG [tms|provider4|task993] Task STARTED on server server7
[90m7:59PM[0m DBG [tms|provider4|task993] Task COMPLETED on server server7, took 63.535737ms
[90m7:59PM[0m DBG [tms|provider4|task543] Task STARTED on server server7
[90m7:59PM[0m DBG [tms|provider4|task543] Task COMPLETED on server server7, took 63.442288ms
[90m7:59PM[0m DBG [tms|provider4|task563] Task STARTED on server server7
[90m7:59PM[0m DBG [tms|provider4|task563] Task COMPLETED on server server7, took 33.36098ms
[90m7:59PM[0m DBG [tms|provider4|task333] Task STARTED on server server7
[90m7:59PM[0m DBG [tms|provider4|task333] Task COMPLETED on server server7, took 53.405386ms
[90m7:59PM[0m DBG [tms|provider4|task163] Task STARTED on server server7
[90m7:59PM[0m DBG [tms|provider4|task163] Task COMPLETED on server server7, took 33.406325ms
[90m7:59PM[0m DBG [tms|provider4|task173] Task STARTED on server server7
[90m7:59PM[0m DBG [tms|provider4|task173] Task COMPLETED on server server7, took 43.33696ms
[90m7:59PM[0m DBG [tms|provider4|task703] Task STARTED on server server7
[90m7:59PM[0m DBG [tms|provider4|task703] Task COMPLETED on server server7, took 23.415737ms
[90m7:59PM[0m DBG [tms|provider4|task203] Task STARTED on server server7
[90m7:59PM[0m DBG [tms|provider4|task203] Task COMPLETED on server server7, took 23.29088ms
[90m7:59PM[0m DBG [tms|provider4|task513] Task STARTED on server server7
[90m7:59PM[0m DBG [tms|provider4|task513] Task COMPLETED on server server7, took 33.372231ms
[90m7:59PM[0m DBG [tms|provider4|task73] Task STARTED on server server7
[90m7:59PM[0m DBG [tms|provider4|task73] Task COMPLETED on server server7, took 43.311019ms
[90m7:59PM[0m DBG [tms|provider4|task323] Task STARTED on server server7
[90m7:59PM[0m [31mERR[0m [1m[tms|provider4|task323] Task FAILED on server server7, took 43.472863ms[0m [36merror=[0m[31m[1m"smt.HandleTask: simulated error [task=task323 provider=provider4 server=server7]"[0m[0m
[90m7:59PM[0m DBG [tms|provider4|task323|server7] retrying (1/3) [36merror=[0m[31m[1m"smt.HandleTask: simulated error [task=task323 provider=provider4 server=server7]"[0m[0m
[90m7:59PM[0m DBG [tms|provider4|task963] Task STARTED on server server7
[90m7:59PM[0m DBG [tms|provider4|task963] Task COMPLETED on server server7, took 33.223873ms
[90m7:59PM[0m DBG [tms|provider4|task23] Task STARTED on server server7
[90m7:59PM[0m DBG [tms|provider4|task23] Task COMPLETED on server server7, took 43.285801ms
[90m7:59PM[0m DBG [tms|provider4|task323] Task STARTED on server server7
[90m7:59PM[0m [31mERR[0m [1m[tms|provider4|task323] Task FAILED on server server7, took 43.351958ms[0m [36merror=[0m[31m[1m"smt.HandleTask: simulated error [task=task323 provider=provider4 server=server7]"[0m[0m
[90m7:59PM[0m DBG [tms|provider4|task323|server7] retrying (2/3) [36merror=[0m[31m[1m"smt.HandleTask: simulated error [task=task323 provider=provider4 server=server7]"[0m[0m
[90m7:59PM[0m DBG [tms|provider4|task413] Task STARTED on server server7
[90m7:59PM[0m DBG [tms|provider4|task413] Task COMPLETED on server server7, took 33.211484ms
[90m7:59PM[0m DBG [tms|provider4|task363] Task STARTED on server server7
[90m7:59PM[0m DBG [tms|provider4|task363] Task COMPLETED on server server7, took 33.288805ms
[90m7:59PM[0m DBG [tms|provider4|task323] Task STARTED on server server7
[90m7:59PM[0m [31mERR[0m [1m[tms|provider4|task323] Task FAILED on server server7, took 43.469222ms[0m [36merror=[0m[31m[1m"smt.HandleTask: simulated error [task=task323 provider=provider4 server=server7]"[0m[0m
[90m7:59PM[0m DBG [tms|provider4|task323|server7] retrying (3/3) [36merror=[0m[31m[1m"smt.HandleTask: simulated error [task=task323 provider=provider4 server=server7]"[0m[0m
[90m7:59PM[0m DBG [tms|provider4|task403] Task STARTED on server server7
[90m7:59PM[0m DBG [tms|provider4|task403] Task COMPLETED on server server7, took 23.704619ms
[90m7:59PM[0m DBG [tms|provider4|task533] Task STARTED on server server7
[90m7:59PM[0m DBG [tms|provider4|task533] Task COMPLETED on server server7, took 53.47207ms
[90m7:59PM[0m DBG [tms|provider4|task323] Task STARTED on server server7
[90m7:59PM[0m [31mERR[0m [1m[tms|provider4|task323] Task FAILED on server server7, took 43.30517ms[0m [36merror=[0m[31m[1m"smt.HandleTask: simulated error [task=task323 provider=provider4 server=server7]"[0m[0m
[90m7:59PM[0m [31mERR[0m [1m[tms|provider4|task323|server7] max retries reached[0m [36merror=[0m[31m[1m"smt.HandleTask: simulated error [task=task323 provider=provider4 server=server7]"[0m[0m
[90m7:59PM[0m DBG [tms|provider4|task473] Task STARTED on server server7
[90m7:59PM[0m DBG [tms|provider4|task473] Task COMPLETED on server server7, took 43.322197ms
[90m7:59PM[0m DBG [tms|provider4|task143] Task STARTED on server server7
[90m7:59PM[0m DBG [tms|provider4|task143] Task COMPLETED on server server7, took 63.439922ms
[90m7:59PM[0m DBG [tms|provider4|task113] Task STARTED on server server7
[90m7:59PM[0m DBG [tms|provider4|task113] Task COMPLETED on server server7, took 33.299432ms
[90m7:59PM[0m DBG [tms|provider4|task123] Task STARTED on server server7
[90m7:59PM[0m DBG [tms|provider4|task123] Task COMPLETED on server server7, took 43.241663ms
    task_manager_simple_test.go:136: Total tasks: 1000, Processed: 941, Failed: 59
[90m7:59PM[0m DBG [tms] Task manager shutdown [FINISHED]
--- PASS: TestTaskManagerSimple_HarshEnvironment (11.73s)
=== RUN   TestAddTaskWithNilProvider
[90m7:59PM[0m [33mWRN[0m [1m[tms] Task manager started with no servers available[0m
[90m7:59PM[0m [31mERR[0m [1m[tms|nil_provider|error] error[0m [36merror=[0m[31m[1m"smt.AddTask: task has no provider [task=task_with_nil_provider provider=nil server=]"[0m[0m
    task_manager_simple_test.go:180: Unexpected error message: smt.AddTask: task has no provider [task=task_with_nil_provider provider=nil server=]
[90m7:59PM[0m DBG [tms] Task manager shutdown [FINISHED]
--- FAIL: TestAddTaskWithNilProvider (0.00s)
=== RUN   TestTaskManagerSimple_ExecuteCommand
[90m7:59PM[0m DBG [tms|testProvider|task1] Task STARTED on server server1
[90m7:59PM[0m DBG [tms|testProvider|task1] Task COMPLETED on server server1, took 157.709µs
[90m7:59PM[0m [31mERR[0m [1m[tms|testProvider|task1|server1] panic[0m [36merror=[0m[31m[1m"panic occurred: close of closed channel\ngoroutine 3539 [running]:\nruntime/debug.Stack()\n\t/usr/local/go/src/runtime/debug/stack.go:26 +0x5e\ngithub.com/coffyg/smt.(*TaskManagerSimple).processTask.func2()\n\t/home/fy/Dev/coffyg/smt/task_manager_simple.go:321 +0xc9\npanic({0x59bb40?, 0x60cbc0?})\n\t/usr/local/go/src/runtime/panic.go:785 +0x132\ngithub.com/coffyg/smt.(*MockTask).OnComplete.func1()\n\t/home/fy/Dev/coffyg/smt/task_test.go:92 +0x1e\nsync.(*Once).doSlow(0xc000536000?, 0x729100?)\n\t/usr/local/go/src/sync/once.go:76 +0xb4\nsync.(*Once).Do(...)\n\t/usr/local/go/src/sync/once.go:67\ngithub.com/coffyg/smt.(*MockTask).OnComplete(0xc000996100?)\n\t/home/fy/Dev/coffyg/smt/task_test.go:91 +0x47\ngithub.com/coffyg/smt.(*TaskManagerSimple).processTask(0xc000996100, {0x610358, 0xc0005da0b0}, {0x5cc036, 0xc}, {0x5caaf5, 0x7})\n\t/home/fy/Dev/coffyg/smt/task_manager_simple.go:367 +0x8bf\ncreated by github.com/coffyg/smt.(*TaskManagerSimple).providerDispatcher in goroutine 3504\n\t/home/fy/Dev/coffyg/smt/task_manager_simple.go:273 +0x4e6\n"[0m[0m
[90m7:59PM[0m DBG [tms|testProvider|command|af57b4f4-a0b3-4944-bbc2-22c5bcb84bf0] Command STARTED on server server1
[90m7:59PM[0m DBG [tms|testProvider|command|af57b4f4-a0b3-4944-bbc2-22c5bcb84bf0] Command COMPLETED on server server1, took 84.333µs
[90m7:59PM[0m DBG [tms|testProvider|command|server1] Command COMPLETED, took 0 ms
[90m7:59PM[0m DBG [tms|testProvider|command|a2a07005-9d4b-4087-96f3-58ad2eeee0fc] Command STARTED on server server1
[90m7:59PM[0m DBG [tms|testProvider|command|a2a07005-9d4b-4087-96f3-58ad2eeee0fc] Command COMPLETED on server server1, took 50.307µs
[90m7:59PM[0m DBG [tms|testProvider|command|server1] Command COMPLETED, took 0 ms
[90m7:59PM[0m DBG [tms|testProvider|command|9c3a4d7d-8c75-41bf-afb4-6e31ea41aa1a] Command STARTED on server server1
[90m7:59PM[0m DBG [tms|testProvider|command|9c3a4d7d-8c75-41bf-afb4-6e31ea41aa1a] Command COMPLETED on server server1, took 61.166µs
[90m7:59PM[0m DBG [tms|testProvider|command|server1] Command COMPLETED, took 0 ms
[90m7:59PM[0m DBG [tms|testProvider|command|8f713f40-5acd-4023-ad63-c5ee1b9be0f8] Command STARTED on server server1
[90m7:59PM[0m DBG [tms|testProvider|command|8f713f40-5acd-4023-ad63-c5ee1b9be0f8] Command COMPLETED on server server1, took 53.771µs
[90m7:59PM[0m DBG [tms|testProvider|command|server1] Command COMPLETED, took 0 ms
[90m7:59PM[0m DBG [tms|testProvider|command|b308f444-49e8-4ced-827c-2577eeae516e] Command STARTED on server server1
[90m7:59PM[0m DBG [tms|testProvider|command|b308f444-49e8-4ced-827c-2577eeae516e] Command COMPLETED on server server1, took 82.998µs
[90m7:59PM[0m DBG [tms|testProvider|command|server1] Command COMPLETED, took 0 ms
[90m7:59PM[0m DBG [tms|testProvider|command|3ecead23-1472-4ac4-8f73-4ee8e06d8e66] Command STARTED on server server1
[90m7:59PM[0m DBG [tms|testProvider|command|3ecead23-1472-4ac4-8f73-4ee8e06d8e66] Command COMPLETED on server server1, took 40.393µs
[90m7:59PM[0m DBG [tms|testProvider|command|server1] Command COMPLETED, took 0 ms
[90m7:59PM[0m DBG [tms|testProvider|command|c6b17fb0-3c8c-490e-ae0e-4e2b26e20acb] Command STARTED on server server1
[90m7:59PM[0m DBG [tms|testProvider|command|c6b17fb0-3c8c-490e-ae0e-4e2b26e20acb] Command COMPLETED on server server1, took 36µs
[90m7:59PM[0m DBG [tms|testProvider|command|server1] Command COMPLETED, took 0 ms
[90m7:59PM[0m DBG [tms|testProvider|command|fe3f7699-3901-4df4-9a0c-ff818833071d] Command STARTED on server server1
[90m7:59PM[0m DBG [tms|testProvider|command|fe3f7699-3901-4df4-9a0c-ff818833071d] Command COMPLETED on server server1, took 53.755µs
[90m7:59PM[0m DBG [tms|testProvider|command|server1] Command COMPLETED, took 0 ms
[90m7:59PM[0m DBG [tms|testProvider|command|b9083b41-2dcc-4f11-be4b-a3a0e721f5e4] Command STARTED on server server1
[90m7:59PM[0m DBG [tms|testProvider|command|b9083b41-2dcc-4f11-be4b-a3a0e721f5e4] Command COMPLETED on server server1, took 55.274µs
[90m7:59PM[0m DBG [tms|testProvider|command|server1] Command COMPLETED, took 0 ms
[90m7:59PM[0m DBG [tms|testProvider|command|36e79935-e4a5-4816-b777-dd31f0c0f40d] Command STARTED on server server1
[90m7:59PM[0m DBG [tms|testProvider|command|36e79935-e4a5-4816-b777-dd31f0c0f40d] Command COMPLETED on server server1, took 34.256µs
[90m7:59PM[0m DBG [tms|testProvider|command|server1] Command COMPLETED, took 0 ms
[90m7:59PM[0m DBG [tms] Task manager shutdown [FINISHED]
--- PASS: TestTaskManagerSimple_ExecuteCommand (0.00s)
=== RUN   TestTaskManagerShutdownWithParallelismLimit
[90m<nil>[0m DBG [tms|mockProvider|task1] Task STARTED on server server1
[90m<nil>[0m [31mERR[0m [1m[mockProvider|task1] Task FAILED-TIMEOUT on server server1, took 5.001809619s[0m [36merror=[0m[31m[1m"smt.HandleWithTimeout: task timed out [task=task1 provider=mockProvider server=server1]"[0m[0m
[90m<nil>[0m DBG [tms|mockProvider|task1|server1] retrying (1/1) [36merror=[0m[31m[1m"smt.HandleWithTimeout: task timed out [task=task1 provider=mockProvider server=server1]"[0m[0m
[90m<nil>[0m DBG [tms|mockProvider|task2] Task STARTED on server server1
[90m<nil>[0m [31mERR[0m [1m[mockProvider|task2] Task FAILED-TIMEOUT on server server1, took 5.002776742s[0m [36merror=[0m[31m[1m"smt.HandleWithTimeout: task timed out [task=task2 provider=mockProvider server=server1]"[0m[0m
[90m<nil>[0m DBG [tms|mockProvider|task2|server1] retrying (1/1) [36merror=[0m[31m[1m"smt.HandleWithTimeout: task timed out [task=task2 provider=mockProvider server=server1]"[0m[0m
[90m<nil>[0m DBG [tms] Task manager shutdown [FINISHED]
--- PASS: TestTaskManagerShutdownWithParallelismLimit (10.01s)
=== RUN   TestTaskPriorityQueue
--- PASS: TestTaskPriorityQueue (0.00s)
=== RUN   TestTaskPriorityQueue_UpdatePriority
--- PASS: TestTaskPriorityQueue_UpdatePriority (0.00s)
=== RUN   TestMockTask
--- PASS: TestMockTask (0.00s)
=== RUN   TestMockTaskGroup
--- PASS: TestMockTaskGroup (0.00s)
=== RUN   TestMockProvider
--- PASS: TestMockProvider (0.00s)
FAIL
exit status 1
FAIL	github.com/coffyg/smt	21.745s
